MySQL Shell 8.0.12

Copyright (c) 2016, 2018, Oracle and/or its affiliates. All rights reserved.

Oracle is a registered trademark of Oracle Corporation and/or its
affiliates. Other names may be trademarks of their respective
owners.

Type '\help' or '\?' for help; '\quit' to exit.


 MySQL  JS > \sql
Switching to SQL mode... Commands end with ;

 MySQL  SQL > \connect -c root@localhost
The -c option is deprecated, please use --mysql or -mc instead
Creating a Classic session to 'root@localhost'
Please provide the password for 'root@localhost': ****
Save password for 'root@localhost:3306'? [Y]es/[N]o/Ne[v]er (default No): Y
Fetching schema names for autocompletion... Press ^C to stop.
Your MySQL connection id is 7
Server version: 5.5.61 MySQL Community Server (GPL)
No default schema selected; type \use <schema> to set one.

 MySQL  localhost:3306  SQL > show databases;M
+--------------------+
| Database           |
+--------------------+
| information_schema |
| mysql              |
| northwind          |
| performance_schema |
| sakila             |
| test               |
| world              |
+--------------------+
7 rows in set (0.0007 sec)

                          ... ;
ERROR: 1064 (42000): You have an error in your SQL syntax; check the manual that corresponds to your MySQL server version for the right syntax to use near 'M' at line 1

 MySQL  localhost:3306  SQL > show databases;
+--------------------+
| Database           |
+--------------------+
| information_schema |
| evaluacion_2       |
| mysql              |
| northwind          |
| performance_schema |
| sakila             |
| test               |
| world              |
+--------------------+
8 rows in set (0.0008 sec)

 MySQL  localhost:3306  SQL > use evaluacion_2
Default schema set to `evaluacion_2`.
Fetching table and column names from `evaluacion_2` for auto-completion... Press ^C to stop.

 MySQL  localhost:3306  evaluacion_2  SQL > show tables;
+------------------------+
| Tables_in_evaluacion_2 |
+------------------------+
| a                      |
| b                      |
| tablaa                 |
| tablab                 |
+------------------------+
4 rows in set (0.0005 sec)

 MySQL  localhost:3306  evaluacion_2  SQL > select * from tablab;
+----+--------+
| id | nombre |
+----+--------+
|  1 | W      |
|  2 | X      |
|  3 | Y      |
|  4 | A      |
|  5 | B      |
+----+--------+
5 rows in set (0.0003 sec)

 MySQL  localhost:3306  evaluacion_2  SQL > select * from tablaa;
+----+--------+
| id | nombre |
+----+--------+
|  1 | A      |
|  2 | B      |
|  3 | C      |
|  4 | D      |
|  5 | E      |
+----+--------+
5 rows in set (0.0003 sec)

 MySQL  localhost:3306  evaluacion_2  SQL > desc tablab;
+--------+------------+------+-----+---------+-------+
| Field  | Type       | Null | Key | Default | Extra |
+--------+------------+------+-----+---------+-------+
| id     | int(11)    | YES  |     | NULL    |       |
| nombre | varchar(5) | YES  |     | NULL    |       |
+--------+------------+------+-----+---------+-------+
2 rows in set (0.0043 sec)

 MySQL  localhost:3306  evaluacion_2  SQL > desc tablaa;
+--------+------------+------+-----+---------+-------+
| Field  | Type       | Null | Key | Default | Extra |
+--------+------------+------+-----+---------+-------+
| id     | int(11)    | YES  |     | NULL    |       |
| nombre | varchar(5) | YES  |     | NULL    |       |
+--------+------------+------+-----+---------+-------+
2 rows in set (0.0041 sec)

 MySQL  localhost:3306  evaluacion_2  SQL > select * from tablaa
                                        ... inner join tablab on a.nombre = b.nombre;
ERROR: 1054 (42S22): Unknown column 'a.nombre' in 'on clause'

 MySQL  localhost:3306  evaluacion_2  SQL > select * from tablaa inner join tablab b on a.nombre = b.nombre;
ERROR: 1054 (42S22): Unknown column 'a.nombre' in 'on clause'

 MySQL  localhost:3306  evaluacion_2  SQL > select * from tablaa a inner join tablab b on a.nombre = b.nombre;
+----+--------+----+--------+
| id | nombre | id | nombre |
+----+--------+----+--------+
|  1 | A      |  4 | A      |
|  2 | B      |  5 | B      |
+----+--------+----+--------+
2 rows in set (0.0003 sec)

 MySQL  localhost:3306  evaluacion_2  SQL > select * from tablaa a
                                        ... left join tabla b on a.nombre= b.nombre;
ERROR: 1146 (42S02): Table 'evaluacion_2.tabla' doesn't exist

 MySQL  localhost:3306  evaluacion_2  SQL > select * from tablaa a  left join tablaa b on a.nombre= b.nombre;
+----+--------+----+--------+
| id | nombre | id | nombre |
+----+--------+----+--------+
|  1 | A      |  1 | A      |
|  2 | B      |  2 | B      |
|  3 | C      |  3 | C      |
|  4 | D      |  4 | D      |
|  5 | E      |  5 | E      |
+----+--------+----+--------+
5 rows in set (0.0006 sec)

 MySQL  localhost:3306  evaluacion_2  SQL > select * from tablaa a  left outer join tabla b on a.nombre= b.nombre;
ERROR: 1146 (42S02): Table 'evaluacion_2.tabla' doesn't exist

 MySQL  localhost:3306  evaluacion_2  SQL > select * from tablaa a  left outer join tablab b on a.nombre= b.nombre;
+----+--------+------+--------+
| id | nombre | id   | nombre |
+----+--------+------+--------+
|  1 | A      |    4 | A      |
|  2 | B      |    5 | B      |
|  3 | C      | NULL | NULL   |
|  4 | D      | NULL | NULL   |
|  5 | E      | NULL | NULL   |
+----+--------+------+--------+
5 rows in set (0.0004 sec)

 MySQL  localhost:3306  evaluacion_2  SQL > select * from tablaa a  rigth outer join tablab b on a.nombre= b.nombre;
ERROR: 1064 (42000): You have an error in your SQL syntax; check the manual that corresponds to your MySQL server version for the right syntax to use near 'rigth outer join tablab b on a.nombre= b.nombre' at line 1

 MySQL  localhost:3306  evaluacion_2  SQL > select * from tablaa a  rigth outer join tablab b on a.nombre= b.nombre;
ERROR: 1064 (42000): You have an error in your SQL syntax; check the manual that corresponds to your MySQL server version for the right syntax to use near 'rigth outer join tablab b on a.nombre= b.nombre' at line 1

 MySQL  localhost:3306  evaluacion_2  SQL > select * from tablaa a  left outer join tablab b on a.nombre= b.nombre
                                        ... where b.nombre is null;
+----+--------+------+--------+
| id | nombre | id   | nombre |
+----+--------+------+--------+
|  3 | C      | NULL | NULL   |
|  4 | D      | NULL | NULL   |
|  5 | E      | NULL | NULL   |
+----+--------+------+--------+
3 rows in set (0.0004 sec)

 MySQL  localhost:3306  evaluacion_2  SQL > select * from tablaa a  right outer join tablab b on a.nombre= b.nombre where a.nombre is null;
+------+--------+----+--------+
| id   | nombre | id | nombre |
+------+--------+----+--------+
| NULL | NULL   |  1 | W      |
| NULL | NULL   |  2 | X      |
| NULL | NULL   |  3 | Y      |
+------+--------+----+--------+
3 rows in set (0.0003 sec)

 MySQL  localhost:3306  evaluacion_2  SQL > select * from tablaa a  right outer join tablab b on a.nombre= b.nombre where a.nombre is not null;
+----+--------+----+--------+
| id | nombre | id | nombre |
+----+--------+----+--------+
|  1 | A      |  4 | A      |
|  2 | B      |  5 | B      |
+----+--------+----+--------+
2 rows in set (0.0003 sec)

 MySQL  localhost:3306  evaluacion_2  SQL > \use northwind
Default schema set to `northwind`.
Fetching table and column names from `northwind` for auto-completion... Press ^C to stop.

 MySQL  localhost:3306  northwind  SQL > show tables;
+----------------------+
| Tables_in_northwind  |
+----------------------+
| account              |
| categories           |
| customercustomerdemo |
| customerdemographics |
| customers            |
| empleados            |
| employees            |
| employeeterritories  |
| lista_empleados      |
| lista_empleados_a    |
| mi_rfc               |
| nombre_cliente       |
| orderdetails         |
| orders               |
| pagos_empleados      |
| personas             |
| products             |
| prueba2              |
| region               |
| rfc_gringos          |
| shippers             |
| suppliers            |
| territories          |
| ventas_producto      |
+----------------------+
24 rows in set (0.0006 sec)

 MySQL  localhost:3306  northwind  SQL > desc orders;
+----------------+---------------+------+-----+---------+----------------+
| Field          | Type          | Null | Key | Default | Extra          |
+----------------+---------------+------+-----+---------+----------------+
| OrderID        | int(11)       | NO   | PRI | NULL    | auto_increment |
| CustomerID     | varchar(5)    | YES  | MUL | NULL    |                |
| EmployeeID     | int(11)       | YES  | MUL | NULL    |                |
| OrderDate      | datetime      | YES  | MUL | NULL    |                |
| RequiredDate   | datetime      | YES  |     | NULL    |                |
| ShippedDate    | datetime      | YES  | MUL | NULL    |                |
| ShipVia        | int(11)       | YES  | MUL | NULL    |                |
| Freight        | decimal(10,4) | YES  |     | 0.0000  |                |
| ShipName       | varchar(40)   | YES  |     | NULL    |                |
| ShipAddress    | varchar(60)   | YES  |     | NULL    |                |
| ShipCity       | varchar(15)   | YES  |     | NULL    |                |
| ShipRegion     | varchar(15)   | YES  |     | NULL    |                |
| ShipPostalCode | varchar(10)   | YES  | MUL | NULL    |                |
| ShipCountry    | varchar(15)   | YES  |     | NULL    |                |
+----------------+---------------+------+-----+---------+----------------+
14 rows in set (0.0049 sec)

 MySQL  localhost:3306  northwind  SQL > desc customers;
+--------------+-------------+------+-----+---------+-------+
| Field        | Type        | Null | Key | Default | Extra |
+--------------+-------------+------+-----+---------+-------+
| CustomerID   | varchar(5)  | NO   | PRI | NULL    |       |
| CompanyName  | varchar(40) | NO   | MUL | NULL    |       |
| ContactName  | varchar(30) | YES  |     | NULL    |       |
| ContactTitle | varchar(30) | YES  |     | NULL    |       |
| Address      | varchar(60) | YES  |     | NULL    |       |
| City         | varchar(15) | YES  | MUL | NULL    |       |
| Region       | varchar(15) | YES  | MUL | NULL    |       |
| PostalCode   | varchar(10) | YES  | MUL | NULL    |       |
| Country      | varchar(15) | YES  |     | NULL    |       |
| Phone        | varchar(24) | YES  |     | NULL    |       |
| Fax          | varchar(24) | YES  |     | NULL    |       |
+--------------+-------------+------+-----+---------+-------+
11 rows in set (0.0043 sec)

 MySQL  localhost:3306  northwind  SQL > select a.orderid, b.companyname
                                     ... from orders a
                                     ... rigth join customer b on a.customerid = b.customerid
                                     ... order by a.orderid limit 100;
ERROR: 1064 (42000): You have an error in your SQL syntax; check the manual that corresponds to your MySQL server version for the right syntax to use near 'rigth join customer b on a.customerid = b.customerid
order by a.orderid limit 1' at line 3

 MySQL  localhost:3306  northwind  SQL > select a.orderid, b.companyname  from orders a  rigth join customer b on a.customerid = b.customerid  order by a.orderid;
ERROR: 1064 (42000): You have an error in your SQL syntax; check the manual that corresponds to your MySQL server version for the right syntax to use near 'rigth join customer b on a.customerid = b.customerid  order by a.orderid' at line 1

 MySQL  localhost:3306  northwind  SQL > select a.orderid, b.companyname  from orders a  rigth join customers b on a.customerid = b.customerid  order by a.orderid;
ERROR: 1064 (42000): You have an error in your SQL syntax; check the manual that corresponds to your MySQL server version for the right syntax to use near 'rigth join customers b on a.customerid = b.customerid  order by a.orderid' at line 1

 MySQL  localhost:3306  northwind  SQL > select a.orderid, b.companyname  from orders a  right join customers b on a.customerid = b.customerid  order by a.orderid;
+---------+--------------------------------------+
| orderid | companyname                          |
+---------+--------------------------------------+
|    NULL | IT                                   |
|    NULL | FISSA Fabrica Inter. Salchichas S.A. |
|    NULL | Paris spcialits                      |
|    NULL | IT                                   |
|   10248 | Vins et alcools Chevalier            |
|   10249 | Toms Spezialitten                    |
|   10250 | Hanari Carnes                        |
|   10251 | Victuailles en stock                 |
|   10252 | Suprmes dlices                       |
|   10253 | Hanari Carnes                        |
|   10254 | Chop-suey Chinese                    |
|   10255 | Richter Supermarkt                   |
|   10256 | Wellington Importadora               |
|   10257 | HILARION-Abastos                     |
|   10258 | Ernst Handel                         |
|   10259 | Centro comercial Moctezuma           |
|   10260 | Ottilies Kseladen                    |
|   10261 | Que Delcia                           |
|   10262 | Rattlesnake Canyon Grocery           |
|   10263 | Ernst Handel                         |
|   10264 | Folk och f HB                        |
|   10265 | Blondesddsl pre et fils              |
|   10266 | Wartian Herkku                       |
|   10267 | Frankenversand                       |
|   10268 | GROSELLA-Restaurante                 |
|   10269 | White Clover Markets                 |
|   10270 | Wartian Herkku                       |
|   10271 | Split Rail Beer & Ale                |
|   10272 | Rattlesnake Canyon Grocery           |
|   10273 | QUICK-Stop                           |
|   10274 | Vins et alcools Chevalier            |
|   10275 | Magazzini Alimentari Riuniti         |
|   10276 | Tortuga Restaurante                  |
|   10277 | Morgenstern Gesundkost               |
|   10278 | Berglunds snabbkp                    |
|   10279 | Lehmanns Marktstand                  |
|   10280 | Berglunds snabbkp                    |
|   10281 | Romero y tomillo                     |
|   10282 | Romero y tomillo                     |
|   10283 | LILA-Supermercado                    |
|   10284 | Lehmanns Marktstand                  |
|   10285 | QUICK-Stop                           |
|   10286 | QUICK-Stop                           |
|   10287 | Ricardo Adocicados                   |
|   10288 | Reggiani Caseifici                   |
|   10289 | B's Beverages                        |
|   10290 | Comrcio Mineiro                      |
|   10291 | Que Delcia                           |
|   10292 | Tradio Hipermercados                 |
|   10293 | Tortuga Restaurante                  |
|   10294 | Rattlesnake Canyon Grocery           |
|   10295 | Vins et alcools Chevalier            |
|   10296 | LILA-Supermercado                    |
|   10297 | Blondesddsl pre et fils              |
|   10298 | Hungry Owl All-Night Grocers         |
|   10299 | Ricardo Adocicados                   |
|   10300 | Magazzini Alimentari Riuniti         |
|   10301 | Die Wandernde Kuh                    |
|   10302 | Suprmes dlices                       |
|   10303 | Godos Cocina Tpica                   |
|   10304 | Tortuga Restaurante                  |
|   10305 | Old World Delicatessen               |
|   10306 | Romero y tomillo                     |
|   10307 | Lonesome Pine Restaurant             |
|   10308 | Ana Trujillo Emparedados y helados   |
|   10309 | Hungry Owl All-Night Grocers         |
|   10310 | The Big Cheese                       |
|   10311 | Du monde entier                      |
|   10312 | Die Wandernde Kuh                    |
|   10313 | QUICK-Stop                           |
|   10314 | Rattlesnake Canyon Grocery           |
|   10315 | Island Trading                       |
|   10316 | Rattlesnake Canyon Grocery           |
|   10317 | Lonesome Pine Restaurant             |
|   10318 | Island Trading                       |
|   10319 | Tortuga Restaurante                  |
|   10320 | Wartian Herkku                       |
|   10321 | Island Trading                       |
|   10322 | Pericles Comidas clsicas             |
|   10323 | Kniglich Essen                       |
|   10324 | Save-a-lot Markets                   |
|   10325 | Kniglich Essen                       |
|   10326 | Blido Comidas preparadas             |
|   10327 | Folk och f HB                        |
|   10328 | Furia Bacalhau e Frutos do Mar       |
|   10329 | Split Rail Beer & Ale                |
|   10330 | LILA-Supermercado                    |
|   10331 | Bon app'                             |
|   10332 | Mre Paillarde                        |
|   10333 | Wartian Herkku                       |
|   10334 | Victuailles en stock                 |
|   10335 | Hungry Owl All-Night Grocers         |
|   10336 | Princesa Isabel Vinhos               |
|   10337 | Frankenversand                       |
|   10338 | Old World Delicatessen               |
|   10339 | Mre Paillarde                        |
|   10340 | Bon app'                             |
|   10341 | Simons bistro                        |
|   10342 | Frankenversand                       |
|   10343 | Lehmanns Marktstand                  |
|   10344 | White Clover Markets                 |
|   10345 | QUICK-Stop                           |
|   10346 | Rattlesnake Canyon Grocery           |
|   10347 | Familia Arquibaldo                   |
|   10348 | Die Wandernde Kuh                    |
|   10349 | Split Rail Beer & Ale                |
|   10350 | La maison d'Asie                     |
|   10351 | Ernst Handel                         |
|   10352 | Furia Bacalhau e Frutos do Mar       |
|   10353 | Piccolo und mehr                     |
|   10354 | Pericles Comidas clsicas             |
|   10355 | Around the Horn                      |
|   10356 | Die Wandernde Kuh                    |
|   10357 | LILA-Supermercado                    |
|   10358 | La maison d'Asie                     |
|   10359 | Seven Seas Imports                   |
|   10360 | Blondesddsl pre et fils              |
|   10361 | QUICK-Stop                           |
|   10362 | Bon app'                             |
|   10363 | Drachenblut Delikatessen             |
|   10364 | Eastern Connection                   |
|   10365 | Antonio Moreno Taquera               |
|   10366 | Galera del gastrnomo                 |
|   10367 | Vaffeljernet                         |
|   10368 | Ernst Handel                         |
|   10369 | Split Rail Beer & Ale                |
|   10370 | Chop-suey Chinese                    |
|   10371 | La maison d'Asie                     |
|   10372 | Queen Cozinha                        |
|   10373 | Hungry Owl All-Night Grocers         |
|   10374 | Wolski  Zajazd                       |
|   10375 | Hungry Coyote Import Store           |
|   10376 | Mre Paillarde                        |
|   10377 | Seven Seas Imports                   |
|   10378 | Folk och f HB                        |
|   10379 | Que Delcia                           |
|   10380 | Hungry Owl All-Night Grocers         |
|   10381 | LILA-Supermercado                    |
|   10382 | Ernst Handel                         |
|   10383 | Around the Horn                      |
|   10384 | Berglunds snabbkp                    |
|   10385 | Split Rail Beer & Ale                |
|   10386 | Familia Arquibaldo                   |
|   10387 | Sant Gourmet                         |
|   10388 | Seven Seas Imports                   |
|   10389 | Bottom-Dollar Markets                |
|   10390 | Ernst Handel                         |
|   10391 | Drachenblut Delikatessen             |
|   10392 | Piccolo und mehr                     |
|   10393 | Save-a-lot Markets                   |
|   10394 | Hungry Coyote Import Store           |
|   10395 | HILARION-Abastos                     |
|   10396 | Frankenversand                       |
|   10397 | Princesa Isabel Vinhos               |
|   10398 | Save-a-lot Markets                   |
|   10399 | Vaffeljernet                         |
|   10400 | Eastern Connection                   |
|   10401 | Rattlesnake Canyon Grocery           |
|   10402 | Ernst Handel                         |
|   10403 | Ernst Handel                         |
|   10404 | Magazzini Alimentari Riuniti         |
|   10405 | LINO-Delicateses                     |
|   10406 | Queen Cozinha                        |
|   10407 | Ottilies Kseladen                    |
|   10408 | Folies gourmandes                    |
|   10409 | Ocano Atlntico Ltda.                 |
|   10410 | Bottom-Dollar Markets                |
|   10411 | Bottom-Dollar Markets                |
|   10412 | Wartian Herkku                       |
|   10413 | La maison d'Asie                     |
|   10414 | Familia Arquibaldo                   |
|   10415 | Hungry Coyote Import Store           |
|   10416 | Wartian Herkku                       |
|   10417 | Simons bistro                        |
|   10418 | QUICK-Stop                           |
|   10419 | Richter Supermarkt                   |
|   10420 | Wellington Importadora               |
|   10421 | Que Delcia                           |
|   10422 | Franchi S.p.A.                       |
|   10423 | Gourmet Lanchonetes                  |
|   10424 | Mre Paillarde                        |
|   10425 | La maison d'Asie                     |
|   10426 | Galera del gastrnomo                 |
|   10427 | Piccolo und mehr                     |
|   10428 | Reggiani Caseifici                   |
|   10429 | Hungry Owl All-Night Grocers         |
|   10430 | Ernst Handel                         |
|   10431 | Bottom-Dollar Markets                |
|   10432 | Split Rail Beer & Ale                |
|   10433 | Princesa Isabel Vinhos               |
|   10434 | Folk och f HB                        |
|   10435 | Consolidated Holdings                |
|   10436 | Blondesddsl pre et fils              |
|   10437 | Wartian Herkku                       |
|   10438 | Toms Spezialitten                    |
|   10439 | Mre Paillarde                        |
|   10440 | Save-a-lot Markets                   |
|   10441 | Old World Delicatessen               |
|   10442 | Ernst Handel                         |
|   10443 | Reggiani Caseifici                   |
|   10444 | Berglunds snabbkp                    |
|   10445 | Berglunds snabbkp                    |
|   10446 | Toms Spezialitten                    |
|   10447 | Ricardo Adocicados                   |
|   10448 | Rancho grande                        |
|   10449 | Blondesddsl pre et fils              |
|   10450 | Victuailles en stock                 |
|   10451 | QUICK-Stop                           |
|   10452 | Save-a-lot Markets                   |
|   10453 | Around the Horn                      |
|   10454 | La maison d'Asie                     |
|   10455 | Wartian Herkku                       |
|   10456 | Kniglich Essen                       |
|   10457 | Kniglich Essen                       |
|   10458 | Suprmes dlices                       |
|   10459 | Victuailles en stock                 |
|   10460 | Folk och f HB                        |
|   10461 | LILA-Supermercado                    |
|   10462 | Consolidated Holdings                |
|   10463 | Suprmes dlices                       |
|   10464 | Furia Bacalhau e Frutos do Mar       |
|   10465 | Vaffeljernet                         |
|   10466 | Comrcio Mineiro                      |
|   10467 | Magazzini Alimentari Riuniti         |
|   10468 | Kniglich Essen                       |
|   10469 | White Clover Markets                 |
|   10470 | Bon app'                             |
|   10471 | B's Beverages                        |
|   10472 | Seven Seas Imports                   |
|   10473 | Island Trading                       |
|   10474 | Pericles Comidas clsicas             |
|   10475 | Suprmes dlices                       |
|   10476 | HILARION-Abastos                     |
|   10477 | Princesa Isabel Vinhos               |
|   10478 | Victuailles en stock                 |
|   10479 | Rattlesnake Canyon Grocery           |
|   10480 | Folies gourmandes                    |
|   10481 | Ricardo Adocicados                   |
|   10482 | Lazy K Kountry Store                 |
|   10483 | White Clover Markets                 |
|   10484 | B's Beverages                        |
|   10485 | LINO-Delicateses                     |
|   10486 | HILARION-Abastos                     |
|   10487 | Queen Cozinha                        |
|   10488 | Frankenversand                       |
|   10489 | Piccolo und mehr                     |
|   10490 | HILARION-Abastos                     |
|   10491 | Furia Bacalhau e Frutos do Mar       |
|   10492 | Bottom-Dollar Markets                |
|   10493 | La maison d'Asie                     |
|   10494 | Comrcio Mineiro                      |
|   10495 | Laughing Bacchus Wine Cellars        |
|   10496 | Tradio Hipermercados                 |
|   10497 | Lehmanns Marktstand                  |
|   10498 | HILARION-Abastos                     |
|   10499 | LILA-Supermercado                    |
|   10500 | La maison d'Asie                     |
|   10501 | Blauer See Delikatessen              |
|   10502 | Pericles Comidas clsicas             |
|   10503 | Hungry Owl All-Night Grocers         |
|   10504 | White Clover Markets                 |
|   10505 | Mre Paillarde                        |
|   10506 | Kniglich Essen                       |
|   10507 | Antonio Moreno Taquera               |
|   10508 | Ottilies Kseladen                    |
|   10509 | Blauer See Delikatessen              |
|   10510 | Save-a-lot Markets                   |
|   10511 | Bon app'                             |
|   10512 | Familia Arquibaldo                   |
|   10513 | Die Wandernde Kuh                    |
|   10514 | Ernst Handel                         |
|   10515 | QUICK-Stop                           |
|   10516 | Hungry Owl All-Night Grocers         |
|   10517 | North/South                          |
|   10518 | Tortuga Restaurante                  |
|   10519 | Chop-suey Chinese                    |
|   10520 | Sant Gourmet                         |
|   10521 | Cactus Comidas para llevar           |
|   10522 | Lehmanns Marktstand                  |
|   10523 | Seven Seas Imports                   |
|   10524 | Berglunds snabbkp                    |
|   10525 | Bon app'                             |
|   10526 | Wartian Herkku                       |
|   10527 | QUICK-Stop                           |
|   10528 | Great Lakes Food Market              |
|   10529 | Maison Dewey                         |
|   10530 | Piccolo und mehr                     |
|   10531 | Ocano Atlntico Ltda.                 |
|   10532 | Eastern Connection                   |
|   10533 | Folk och f HB                        |
|   10534 | Lehmanns Marktstand                  |
|   10535 | Antonio Moreno Taquera               |
|   10536 | Lehmanns Marktstand                  |
|   10537 | Richter Supermarkt                   |
|   10538 | B's Beverages                        |
|   10539 | B's Beverages                        |
|   10540 | QUICK-Stop                           |
|   10541 | Hanari Carnes                        |
|   10542 | Kniglich Essen                       |
|   10543 | LILA-Supermercado                    |
|   10544 | Lonesome Pine Restaurant             |
|   10545 | Lazy K Kountry Store                 |
|   10546 | Victuailles en stock                 |
|   10547 | Seven Seas Imports                   |
|   10548 | Toms Spezialitten                    |
|   10549 | QUICK-Stop                           |
|   10550 | Godos Cocina Tpica                   |
|   10551 | Furia Bacalhau e Frutos do Mar       |
|   10552 | HILARION-Abastos                     |
|   10553 | Wartian Herkku                       |
|   10554 | Ottilies Kseladen                    |
|   10555 | Save-a-lot Markets                   |
|   10556 | Simons bistro                        |
|   10557 | Lehmanns Marktstand                  |
|   10558 | Around the Horn                      |
|   10559 | Blondesddsl pre et fils              |
|   10560 | Frankenversand                       |
|   10561 | Folk och f HB                        |
|   10562 | Reggiani Caseifici                   |
|   10563 | Ricardo Adocicados                   |
|   10564 | Rattlesnake Canyon Grocery           |
|   10565 | Mre Paillarde                        |
|   10566 | Blondesddsl pre et fils              |
|   10567 | Hungry Owl All-Night Grocers         |
|   10568 | Galera del gastrnomo                 |
|   10569 | Rattlesnake Canyon Grocery           |
|   10570 | Mre Paillarde                        |
|   10571 | Ernst Handel                         |
|   10572 | Berglunds snabbkp                    |
|   10573 | Antonio Moreno Taquera               |
|   10574 | Trail's Head Gourmet Provisioners    |
|   10575 | Morgenstern Gesundkost               |
|   10576 | Tortuga Restaurante                  |
|   10577 | Trail's Head Gourmet Provisioners    |
|   10578 | B's Beverages                        |
|   10579 | Let's Stop N Shop                    |
|   10580 | Ottilies Kseladen                    |
|   10581 | Familia Arquibaldo                   |
|   10582 | Blauer See Delikatessen              |
|   10583 | Wartian Herkku                       |
|   10584 | Blondesddsl pre et fils              |
|   10585 | Wellington Importadora               |
|   10586 | Reggiani Caseifici                   |
|   10587 | Que Delcia                           |
|   10588 | QUICK-Stop                           |
|   10589 | Great Lakes Food Market              |
|   10590 | Mre Paillarde                        |
|   10591 | Vaffeljernet                         |
|   10592 | Lehmanns Marktstand                  |
|   10593 | Lehmanns Marktstand                  |
|   10594 | Old World Delicatessen               |
|   10595 | Ernst Handel                         |
|   10596 | White Clover Markets                 |
|   10597 | Piccolo und mehr                     |
|   10598 | Rattlesnake Canyon Grocery           |
|   10599 | B's Beverages                        |
|   10600 | Hungry Coyote Import Store           |
|   10601 | HILARION-Abastos                     |
|   10602 | Vaffeljernet                         |
|   10603 | Save-a-lot Markets                   |
|   10604 | Furia Bacalhau e Frutos do Mar       |
|   10605 | Mre Paillarde                        |
|   10606 | Tradio Hipermercados                 |
|   10607 | Save-a-lot Markets                   |
|   10608 | Toms Spezialitten                    |
|   10609 | Du monde entier                      |
|   10610 | La maison d'Asie                     |
|   10611 | Wolski  Zajazd                       |
|   10612 | Save-a-lot Markets                   |
|   10613 | HILARION-Abastos                     |
|   10614 | Blauer See Delikatessen              |
|   10615 | Wilman Kala                          |
|   10616 | Great Lakes Food Market              |
|   10617 | Great Lakes Food Market              |
|   10618 | Mre Paillarde                        |
|   10619 | Mre Paillarde                        |
|   10620 | Laughing Bacchus Wine Cellars        |
|   10621 | Island Trading                       |
|   10622 | Ricardo Adocicados                   |
|   10623 | Frankenversand                       |
|   10624 | The Cracker Box                      |
|   10625 | Ana Trujillo Emparedados y helados   |
|   10626 | Berglunds snabbkp                    |
|   10627 | Save-a-lot Markets                   |
|   10628 | Blondesddsl pre et fils              |
|   10629 | Godos Cocina Tpica                   |
|   10630 | Kniglich Essen                       |
|   10631 | La maison d'Asie                     |
|   10632 | Die Wandernde Kuh                    |
|   10633 | Ernst Handel                         |
|   10634 | Folies gourmandes                    |
|   10635 | Magazzini Alimentari Riuniti         |
|   10636 | Wartian Herkku                       |
|   10637 | Queen Cozinha                        |
|   10638 | LINO-Delicateses                     |
|   10639 | Sant Gourmet                         |
|   10640 | Die Wandernde Kuh                    |
|   10641 | HILARION-Abastos                     |
|   10642 | Simons bistro                        |
|   10643 | Alfreds Futterkiste                  |
|   10644 | Wellington Importadora               |
|   10645 | Hanari Carnes                        |
|   10646 | Hungry Owl All-Night Grocers         |
|   10647 | Que Delcia                           |
|   10648 | Ricardo Adocicados                   |
|   10649 | Maison Dewey                         |
|   10650 | Familia Arquibaldo                   |
|   10651 | Die Wandernde Kuh                    |
|   10652 | Gourmet Lanchonetes                  |
|   10653 | Frankenversand                       |
|   10654 | Berglunds snabbkp                    |
|   10655 | Reggiani Caseifici                   |
|   10656 | Great Lakes Food Market              |
|   10657 | Save-a-lot Markets                   |
|   10658 | QUICK-Stop                           |
|   10659 | Queen Cozinha                        |
|   10660 | Hungry Coyote Import Store           |
|   10661 | Hungry Owl All-Night Grocers         |
|   10662 | Lonesome Pine Restaurant             |
|   10663 | Bon app'                             |
|   10664 | Furia Bacalhau e Frutos do Mar       |
|   10665 | Lonesome Pine Restaurant             |
|   10666 | Richter Supermarkt                   |
|   10667 | Ernst Handel                         |
|   10668 | Die Wandernde Kuh                    |
|   10669 | Simons bistro                        |
|   10670 | Frankenversand                       |
|   10671 | France restauration                  |
|   10672 | Berglunds snabbkp                    |
|   10673 | Wilman Kala                          |
|   10674 | Island Trading                       |
|   10675 | Frankenversand                       |
|   10676 | Tortuga Restaurante                  |
|   10677 | Antonio Moreno Taquera               |
|   10678 | Save-a-lot Markets                   |
|   10679 | Blondesddsl pre et fils              |
|   10680 | Old World Delicatessen               |
|   10681 | Great Lakes Food Market              |
|   10682 | Antonio Moreno Taquera               |
|   10683 | Du monde entier                      |
|   10684 | Ottilies Kseladen                    |
|   10685 | Gourmet Lanchonetes                  |
|   10686 | Piccolo und mehr                     |
|   10687 | Hungry Owl All-Night Grocers         |
|   10688 | Vaffeljernet                         |
|   10689 | Berglunds snabbkp                    |
|   10690 | Hanari Carnes                        |
|   10691 | QUICK-Stop                           |
|   10692 | Alfreds Futterkiste                  |
|   10693 | White Clover Markets                 |
|   10694 | QUICK-Stop                           |
|   10695 | Wilman Kala                          |
|   10696 | White Clover Markets                 |
|   10697 | LINO-Delicateses                     |
|   10698 | Ernst Handel                         |
|   10699 | Morgenstern Gesundkost               |
|   10700 | Save-a-lot Markets                   |
|   10701 | Hungry Owl All-Night Grocers         |
|   10702 | Alfreds Futterkiste                  |
|   10703 | Folk och f HB                        |
|   10704 | Queen Cozinha                        |
|   10705 | HILARION-Abastos                     |
|   10706 | Old World Delicatessen               |
|   10707 | Around the Horn                      |
|   10708 | The Big Cheese                       |
|   10709 | Gourmet Lanchonetes                  |
|   10710 | Franchi S.p.A.                       |
|   10711 | Save-a-lot Markets                   |
|   10712 | Hungry Owl All-Night Grocers         |
|   10713 | Save-a-lot Markets                   |
|   10714 | Save-a-lot Markets                   |
|   10715 | Bon app'                             |
|   10716 | Rancho grande                        |
|   10717 | Frankenversand                       |
|   10718 | Kniglich Essen                       |
|   10719 | Let's Stop N Shop                    |
|   10720 | Que Delcia                           |
|   10721 | QUICK-Stop                           |
|   10722 | Save-a-lot Markets                   |
|   10723 | White Clover Markets                 |
|   10724 | Mre Paillarde                        |
|   10725 | Familia Arquibaldo                   |
|   10726 | Eastern Connection                   |
|   10727 | Reggiani Caseifici                   |
|   10728 | Queen Cozinha                        |
|   10729 | LINO-Delicateses                     |
|   10730 | Bon app'                             |
|   10731 | Chop-suey Chinese                    |
|   10732 | Bon app'                             |
|   10733 | Berglunds snabbkp                    |
|   10734 | Gourmet Lanchonetes                  |
|   10735 | Let's Stop N Shop                    |
|   10736 | Hungry Owl All-Night Grocers         |
|   10737 | Vins et alcools Chevalier            |
|   10738 | Spcialits du monde                   |
|   10739 | Vins et alcools Chevalier            |
|   10740 | White Clover Markets                 |
|   10741 | Around the Horn                      |
|   10742 | Bottom-Dollar Markets                |
|   10743 | Around the Horn                      |
|   10744 | Vaffeljernet                         |
|   10745 | QUICK-Stop                           |
|   10746 | Chop-suey Chinese                    |
|   10747 | Piccolo und mehr                     |
|   10748 | Save-a-lot Markets                   |
|   10749 | Island Trading                       |
|   10750 | Wartian Herkku                       |
|   10751 | Richter Supermarkt                   |
|   10752 | North/South                          |
|   10753 | Franchi S.p.A.                       |
|   10754 | Magazzini Alimentari Riuniti         |
|   10755 | Bon app'                             |
|   10756 | Split Rail Beer & Ale                |
|   10757 | Save-a-lot Markets                   |
|   10758 | Richter Supermarkt                   |
|   10759 | Ana Trujillo Emparedados y helados   |
|   10760 | Maison Dewey                         |
|   10761 | Rattlesnake Canyon Grocery           |
|   10762 | Folk och f HB                        |
|   10763 | Folies gourmandes                    |
|   10764 | Ernst Handel                         |
|   10765 | QUICK-Stop                           |
|   10766 | Ottilies Kseladen                    |
|   10767 | Suprmes dlices                       |
|   10768 | Around the Horn                      |
|   10769 | Vaffeljernet                         |
|   10770 | Hanari Carnes                        |
|   10771 | Ernst Handel                         |
|   10772 | Lehmanns Marktstand                  |
|   10773 | Ernst Handel                         |
|   10774 | Folk och f HB                        |
|   10775 | The Cracker Box                      |
|   10776 | Ernst Handel                         |
|   10777 | Gourmet Lanchonetes                  |
|   10778 | Berglunds snabbkp                    |
|   10779 | Morgenstern Gesundkost               |
|   10780 | LILA-Supermercado                    |
|   10781 | Wartian Herkku                       |
|   10782 | Cactus Comidas para llevar           |
|   10783 | Hanari Carnes                        |
|   10784 | Magazzini Alimentari Riuniti         |
|   10785 | GROSELLA-Restaurante                 |
|   10786 | Queen Cozinha                        |
|   10787 | La maison d'Asie                     |
|   10788 | QUICK-Stop                           |
|   10789 | Folies gourmandes                    |
|   10790 | Gourmet Lanchonetes                  |
|   10791 | Frankenversand                       |
|   10792 | Wolski  Zajazd                       |
|   10793 | Around the Horn                      |
|   10794 | Que Delcia                           |
|   10795 | Ernst Handel                         |
|   10796 | HILARION-Abastos                     |
|   10797 | Drachenblut Delikatessen             |
|   10798 | Island Trading                       |
|   10799 | Kniglich Essen                       |
|   10800 | Seven Seas Imports                   |
|   10801 | Blido Comidas preparadas             |
|   10802 | Simons bistro                        |
|   10803 | Wellington Importadora               |
|   10804 | Seven Seas Imports                   |
|   10805 | The Big Cheese                       |
|   10806 | Victuailles en stock                 |
|   10807 | Franchi S.p.A.                       |
|   10808 | Old World Delicatessen               |
|   10809 | Wellington Importadora               |
|   10810 | Laughing Bacchus Wine Cellars        |
|   10811 | LINO-Delicateses                     |
|   10812 | Reggiani Caseifici                   |
|   10813 | Ricardo Adocicados                   |
|   10814 | Victuailles en stock                 |
|   10815 | Save-a-lot Markets                   |
|   10816 | Great Lakes Food Market              |
|   10817 | Kniglich Essen                       |
|   10818 | Magazzini Alimentari Riuniti         |
|   10819 | Cactus Comidas para llevar           |
|   10820 | Rattlesnake Canyon Grocery           |
|   10821 | Split Rail Beer & Ale                |
|   10822 | Trail's Head Gourmet Provisioners    |
|   10823 | LILA-Supermercado                    |
|   10824 | Folk och f HB                        |
|   10825 | Drachenblut Delikatessen             |
|   10826 | Blondesddsl pre et fils              |
|   10827 | Bon app'                             |
|   10828 | Rancho grande                        |
|   10829 | Island Trading                       |
|   10830 | Tradio Hipermercados                 |
|   10831 | Sant Gourmet                         |
|   10832 | La maison d'Asie                     |
|   10833 | Ottilies Kseladen                    |
|   10834 | Tradio Hipermercados                 |
|   10835 | Alfreds Futterkiste                  |
|   10836 | Ernst Handel                         |
|   10837 | Berglunds snabbkp                    |
|   10838 | LINO-Delicateses                     |
|   10839 | Tradio Hipermercados                 |
|   10840 | LINO-Delicateses                     |
|   10841 | Suprmes dlices                       |
|   10842 | Tortuga Restaurante                  |
|   10843 | Victuailles en stock                 |
|   10844 | Piccolo und mehr                     |
|   10845 | QUICK-Stop                           |
|   10846 | Suprmes dlices                       |
|   10847 | Save-a-lot Markets                   |
|   10848 | Consolidated Holdings                |
|   10849 | Kniglich Essen                       |
|   10850 | Victuailles en stock                 |
|   10851 | Ricardo Adocicados                   |
|   10852 | Rattlesnake Canyon Grocery           |
|   10853 | Blauer See Delikatessen              |
|   10854 | Ernst Handel                         |
|   10855 | Old World Delicatessen               |
|   10856 | Antonio Moreno Taquera               |
|   10857 | Berglunds snabbkp                    |
|   10858 | La corne d'abondance                 |
|   10859 | Frankenversand                       |
|   10860 | France restauration                  |
|   10861 | White Clover Markets                 |
|   10862 | Lehmanns Marktstand                  |
|   10863 | HILARION-Abastos                     |
|   10864 | Around the Horn                      |
|   10865 | QUICK-Stop                           |
|   10866 | Berglunds snabbkp                    |
|   10867 | Lonesome Pine Restaurant             |
|   10868 | Queen Cozinha                        |
|   10869 | Seven Seas Imports                   |
|   10870 | Wolski  Zajazd                       |
|   10871 | Bon app'                             |
|   10872 | Godos Cocina Tpica                   |
|   10873 | Wilman Kala                          |
|   10874 | Godos Cocina Tpica                   |
|   10875 | Berglunds snabbkp                    |
|   10876 | Bon app'                             |
|   10877 | Ricardo Adocicados                   |
|   10878 | QUICK-Stop                           |
|   10879 | Wilman Kala                          |
|   10880 | Folk och f HB                        |
|   10881 | Cactus Comidas para llevar           |
|   10882 | Save-a-lot Markets                   |
|   10883 | Lonesome Pine Restaurant             |
|   10884 | Let's Stop N Shop                    |
|   10885 | Suprmes dlices                       |
|   10886 | Hanari Carnes                        |
|   10887 | Galera del gastrnomo                 |
|   10888 | Godos Cocina Tpica                   |
|   10889 | Rattlesnake Canyon Grocery           |
|   10890 | Du monde entier                      |
|   10891 | Lehmanns Marktstand                  |
|   10892 | Maison Dewey                         |
|   10893 | Kniglich Essen                       |
|   10894 | Save-a-lot Markets                   |
|   10895 | Ernst Handel                         |
|   10896 | Maison Dewey                         |
|   10897 | Hungry Owl All-Night Grocers         |
|   10898 | Ocano Atlntico Ltda.                 |
|   10899 | LILA-Supermercado                    |
|   10900 | Wellington Importadora               |
|   10901 | HILARION-Abastos                     |
|   10902 | Folk och f HB                        |
|   10903 | Hanari Carnes                        |
|   10904 | White Clover Markets                 |
|   10905 | Wellington Importadora               |
|   10906 | Wolski  Zajazd                       |
|   10907 | Spcialits du monde                   |
|   10908 | Reggiani Caseifici                   |
|   10909 | Sant Gourmet                         |
|   10910 | Wilman Kala                          |
|   10911 | Godos Cocina Tpica                   |
|   10912 | Hungry Owl All-Night Grocers         |
|   10913 | Queen Cozinha                        |
|   10914 | Queen Cozinha                        |
|   10915 | Tortuga Restaurante                  |
|   10916 | Rancho grande                        |
|   10917 | Romero y tomillo                     |
|   10918 | Bottom-Dollar Markets                |
|   10919 | LINO-Delicateses                     |
|   10920 | Around the Horn                      |
|   10921 | Vaffeljernet                         |
|   10922 | Hanari Carnes                        |
|   10923 | La maison d'Asie                     |
|   10924 | Berglunds snabbkp                    |
|   10925 | Hanari Carnes                        |
|   10926 | Ana Trujillo Emparedados y helados   |
|   10927 | La corne d'abondance                 |
|   10928 | Galera del gastrnomo                 |
|   10929 | Frankenversand                       |
|   10930 | Suprmes dlices                       |
|   10931 | Richter Supermarkt                   |
|   10932 | Bon app'                             |
|   10933 | Island Trading                       |
|   10934 | Lehmanns Marktstand                  |
|   10935 | Wellington Importadora               |
|   10936 | Great Lakes Food Market              |
|   10937 | Cactus Comidas para llevar           |
|   10938 | QUICK-Stop                           |
|   10939 | Magazzini Alimentari Riuniti         |
|   10940 | Bon app'                             |
|   10941 | Save-a-lot Markets                   |
|   10942 | Reggiani Caseifici                   |
|   10943 | B's Beverages                        |
|   10944 | Bottom-Dollar Markets                |
|   10945 | Morgenstern Gesundkost               |
|   10946 | Vaffeljernet                         |
|   10947 | B's Beverages                        |
|   10948 | Godos Cocina Tpica                   |
|   10949 | Bottom-Dollar Markets                |
|   10950 | Magazzini Alimentari Riuniti         |
|   10951 | Richter Supermarkt                   |
|   10952 | Alfreds Futterkiste                  |
|   10953 | Around the Horn                      |
|   10954 | LINO-Delicateses                     |
|   10955 | Folk och f HB                        |
|   10956 | Blauer See Delikatessen              |
|   10957 | HILARION-Abastos                     |
|   10958 | Ocano Atlntico Ltda.                 |
|   10959 | Gourmet Lanchonetes                  |
|   10960 | HILARION-Abastos                     |
|   10961 | Queen Cozinha                        |
|   10962 | QUICK-Stop                           |
|   10963 | Furia Bacalhau e Frutos do Mar       |
|   10964 | Spcialits du monde                   |
|   10965 | Old World Delicatessen               |
|   10966 | Chop-suey Chinese                    |
|   10967 | Toms Spezialitten                    |
|   10968 | Ernst Handel                         |
|   10969 | Comrcio Mineiro                      |
|   10970 | Blido Comidas preparadas             |
|   10971 | France restauration                  |
|   10972 | La corne d'abondance                 |
|   10973 | La corne d'abondance                 |
|   10974 | Split Rail Beer & Ale                |
|   10975 | Bottom-Dollar Markets                |
|   10976 | HILARION-Abastos                     |
|   10977 | Folk och f HB                        |
|   10978 | Maison Dewey                         |
|   10979 | Ernst Handel                         |
|   10980 | Folk och f HB                        |
|   10981 | Hanari Carnes                        |
|   10982 | Bottom-Dollar Markets                |
|   10983 | Save-a-lot Markets                   |
|   10984 | Save-a-lot Markets                   |
|   10985 | Hungry Owl All-Night Grocers         |
|   10986 | Ocano Atlntico Ltda.                 |
|   10987 | Eastern Connection                   |
|   10988 | Rattlesnake Canyon Grocery           |
|   10989 | Que Delcia                           |
|   10990 | Ernst Handel                         |
|   10991 | QUICK-Stop                           |
|   10992 | The Big Cheese                       |
|   10993 | Folk och f HB                        |
|   10994 | Vaffeljernet                         |
|   10995 | Pericles Comidas clsicas             |
|   10996 | QUICK-Stop                           |
|   10997 | LILA-Supermercado                    |
|   10998 | Wolski  Zajazd                       |
|   10999 | Ottilies Kseladen                    |
|   11000 | Rattlesnake Canyon Grocery           |
|   11001 | Folk och f HB                        |
|   11002 | Save-a-lot Markets                   |
|   11003 | The Cracker Box                      |
|   11004 | Maison Dewey                         |
|   11005 | Wilman Kala                          |
|   11006 | Great Lakes Food Market              |
|   11007 | Princesa Isabel Vinhos               |
|   11008 | Ernst Handel                         |
|   11009 | Godos Cocina Tpica                   |
|   11010 | Reggiani Caseifici                   |
|   11011 | Alfreds Futterkiste                  |
|   11012 | Frankenversand                       |
|   11013 | Romero y tomillo                     |
|   11014 | LINO-Delicateses                     |
|   11015 | Sant Gourmet                         |
|   11016 | Around the Horn                      |
|   11017 | Ernst Handel                         |
|   11018 | Lonesome Pine Restaurant             |
|   11019 | Rancho grande                        |
|   11020 | Ottilies Kseladen                    |
|   11021 | QUICK-Stop                           |
|   11022 | Hanari Carnes                        |
|   11023 | B's Beverages                        |
|   11024 | Eastern Connection                   |
|   11025 | Wartian Herkku                       |
|   11026 | Franchi S.p.A.                       |
|   11027 | Bottom-Dollar Markets                |
|   11028 | Kniglich Essen                       |
|   11029 | Chop-suey Chinese                    |
|   11030 | Save-a-lot Markets                   |
|   11031 | Save-a-lot Markets                   |
|   11032 | White Clover Markets                 |
|   11033 | Richter Supermarkt                   |
|   11034 | Old World Delicatessen               |
|   11035 | Suprmes dlices                       |
|   11036 | Drachenblut Delikatessen             |
|   11037 | Godos Cocina Tpica                   |
|   11038 | Suprmes dlices                       |
|   11039 | LINO-Delicateses                     |
|   11040 | Great Lakes Food Market              |
|   11041 | Chop-suey Chinese                    |
|   11042 | Comrcio Mineiro                      |
|   11043 | Spcialits du monde                   |
|   11044 | Wolski  Zajazd                       |
|   11045 | Bottom-Dollar Markets                |
|   11046 | Die Wandernde Kuh                    |
|   11047 | Eastern Connection                   |
|   11048 | Bottom-Dollar Markets                |
|   11049 | Gourmet Lanchonetes                  |
|   11050 | Folk och f HB                        |
|   11051 | La maison d'Asie                     |
|   11052 | Hanari Carnes                        |
|   11053 | Piccolo und mehr                     |
|   11054 | Cactus Comidas para llevar           |
|   11055 | HILARION-Abastos                     |
|   11056 | Eastern Connection                   |
|   11057 | North/South                          |
|   11058 | Blauer See Delikatessen              |
|   11059 | Ricardo Adocicados                   |
|   11060 | Franchi S.p.A.                       |
|   11061 | Great Lakes Food Market              |
|   11062 | Reggiani Caseifici                   |
|   11063 | Hungry Owl All-Night Grocers         |
|   11064 | Save-a-lot Markets                   |
|   11065 | LILA-Supermercado                    |
|   11066 | White Clover Markets                 |
|   11067 | Drachenblut Delikatessen             |
|   11068 | Queen Cozinha                        |
|   11069 | Tortuga Restaurante                  |
|   11070 | Lehmanns Marktstand                  |
|   11071 | LILA-Supermercado                    |
|   11072 | Ernst Handel                         |
|   11073 | Pericles Comidas clsicas             |
|   11074 | Simons bistro                        |
|   11075 | Richter Supermarkt                   |
|   11076 | Bon app'                             |
|   11077 | Rattlesnake Canyon Grocery           |
+---------+--------------------------------------+
834 rows in set (0.0017 sec)

 MySQL  localhost:3306  northwind  SQL > select a.orderid, b.companyname  from orders a  left join customers b on a.customerid = b.customerid  order by a.orderid;
+---------+------------------------------------+
| orderid | companyname                        |
+---------+------------------------------------+
|   10248 | Vins et alcools Chevalier          |
|   10249 | Toms Spezialitten                  |
|   10250 | Hanari Carnes                      |
|   10251 | Victuailles en stock               |
|   10252 | Suprmes dlices                     |
|   10253 | Hanari Carnes                      |
|   10254 | Chop-suey Chinese                  |
|   10255 | Richter Supermarkt                 |
|   10256 | Wellington Importadora             |
|   10257 | HILARION-Abastos                   |
|   10258 | Ernst Handel                       |
|   10259 | Centro comercial Moctezuma         |
|   10260 | Ottilies Kseladen                  |
|   10261 | Que Delcia                         |
|   10262 | Rattlesnake Canyon Grocery         |
|   10263 | Ernst Handel                       |
|   10264 | Folk och f HB                      |
|   10265 | Blondesddsl pre et fils            |
|   10266 | Wartian Herkku                     |
|   10267 | Frankenversand                     |
|   10268 | GROSELLA-Restaurante               |
|   10269 | White Clover Markets               |
|   10270 | Wartian Herkku                     |
|   10271 | Split Rail Beer & Ale              |
|   10272 | Rattlesnake Canyon Grocery         |
|   10273 | QUICK-Stop                         |
|   10274 | Vins et alcools Chevalier          |
|   10275 | Magazzini Alimentari Riuniti       |
|   10276 | Tortuga Restaurante                |
|   10277 | Morgenstern Gesundkost             |
|   10278 | Berglunds snabbkp                  |
|   10279 | Lehmanns Marktstand                |
|   10280 | Berglunds snabbkp                  |
|   10281 | Romero y tomillo                   |
|   10282 | Romero y tomillo                   |
|   10283 | LILA-Supermercado                  |
|   10284 | Lehmanns Marktstand                |
|   10285 | QUICK-Stop                         |
|   10286 | QUICK-Stop                         |
|   10287 | Ricardo Adocicados                 |
|   10288 | Reggiani Caseifici                 |
|   10289 | B's Beverages                      |
|   10290 | Comrcio Mineiro                    |
|   10291 | Que Delcia                         |
|   10292 | Tradio Hipermercados               |
|   10293 | Tortuga Restaurante                |
|   10294 | Rattlesnake Canyon Grocery         |
|   10295 | Vins et alcools Chevalier          |
|   10296 | LILA-Supermercado                  |
|   10297 | Blondesddsl pre et fils            |
|   10298 | Hungry Owl All-Night Grocers       |
|   10299 | Ricardo Adocicados                 |
|   10300 | Magazzini Alimentari Riuniti       |
|   10301 | Die Wandernde Kuh                  |
|   10302 | Suprmes dlices                     |
|   10303 | Godos Cocina Tpica                 |
|   10304 | Tortuga Restaurante                |
|   10305 | Old World Delicatessen             |
|   10306 | Romero y tomillo                   |
|   10307 | Lonesome Pine Restaurant           |
|   10308 | Ana Trujillo Emparedados y helados |
|   10309 | Hungry Owl All-Night Grocers       |
|   10310 | The Big Cheese                     |
|   10311 | Du monde entier                    |
|   10312 | Die Wandernde Kuh                  |
|   10313 | QUICK-Stop                         |
|   10314 | Rattlesnake Canyon Grocery         |
|   10315 | Island Trading                     |
|   10316 | Rattlesnake Canyon Grocery         |
|   10317 | Lonesome Pine Restaurant           |
|   10318 | Island Trading                     |
|   10319 | Tortuga Restaurante                |
|   10320 | Wartian Herkku                     |
|   10321 | Island Trading                     |
|   10322 | Pericles Comidas clsicas           |
|   10323 | Kniglich Essen                     |
|   10324 | Save-a-lot Markets                 |
|   10325 | Kniglich Essen                     |
|   10326 | Blido Comidas preparadas           |
|   10327 | Folk och f HB                      |
|   10328 | Furia Bacalhau e Frutos do Mar     |
|   10329 | Split Rail Beer & Ale              |
|   10330 | LILA-Supermercado                  |
|   10331 | Bon app'                           |
|   10332 | Mre Paillarde                      |
|   10333 | Wartian Herkku                     |
|   10334 | Victuailles en stock               |
|   10335 | Hungry Owl All-Night Grocers       |
|   10336 | Princesa Isabel Vinhos             |
|   10337 | Frankenversand                     |
|   10338 | Old World Delicatessen             |
|   10339 | Mre Paillarde                      |
|   10340 | Bon app'                           |
|   10341 | Simons bistro                      |
|   10342 | Frankenversand                     |
|   10343 | Lehmanns Marktstand                |
|   10344 | White Clover Markets               |
|   10345 | QUICK-Stop                         |
|   10346 | Rattlesnake Canyon Grocery         |
|   10347 | Familia Arquibaldo                 |
|   10348 | Die Wandernde Kuh                  |
|   10349 | Split Rail Beer & Ale              |
|   10350 | La maison d'Asie                   |
|   10351 | Ernst Handel                       |
|   10352 | Furia Bacalhau e Frutos do Mar     |
|   10353 | Piccolo und mehr                   |
|   10354 | Pericles Comidas clsicas           |
|   10355 | Around the Horn                    |
|   10356 | Die Wandernde Kuh                  |
|   10357 | LILA-Supermercado                  |
|   10358 | La maison d'Asie                   |
|   10359 | Seven Seas Imports                 |
|   10360 | Blondesddsl pre et fils            |
|   10361 | QUICK-Stop                         |
|   10362 | Bon app'                           |
|   10363 | Drachenblut Delikatessen           |
|   10364 | Eastern Connection                 |
|   10365 | Antonio Moreno Taquera             |
|   10366 | Galera del gastrnomo               |
|   10367 | Vaffeljernet                       |
|   10368 | Ernst Handel                       |
|   10369 | Split Rail Beer & Ale              |
|   10370 | Chop-suey Chinese                  |
|   10371 | La maison d'Asie                   |
|   10372 | Queen Cozinha                      |
|   10373 | Hungry Owl All-Night Grocers       |
|   10374 | Wolski  Zajazd                     |
|   10375 | Hungry Coyote Import Store         |
|   10376 | Mre Paillarde                      |
|   10377 | Seven Seas Imports                 |
|   10378 | Folk och f HB                      |
|   10379 | Que Delcia                         |
|   10380 | Hungry Owl All-Night Grocers       |
|   10381 | LILA-Supermercado                  |
|   10382 | Ernst Handel                       |
|   10383 | Around the Horn                    |
|   10384 | Berglunds snabbkp                  |
|   10385 | Split Rail Beer & Ale              |
|   10386 | Familia Arquibaldo                 |
|   10387 | Sant Gourmet                       |
|   10388 | Seven Seas Imports                 |
|   10389 | Bottom-Dollar Markets              |
|   10390 | Ernst Handel                       |
|   10391 | Drachenblut Delikatessen           |
|   10392 | Piccolo und mehr                   |
|   10393 | Save-a-lot Markets                 |
|   10394 | Hungry Coyote Import Store         |
|   10395 | HILARION-Abastos                   |
|   10396 | Frankenversand                     |
|   10397 | Princesa Isabel Vinhos             |
|   10398 | Save-a-lot Markets                 |
|   10399 | Vaffeljernet                       |
|   10400 | Eastern Connection                 |
|   10401 | Rattlesnake Canyon Grocery         |
|   10402 | Ernst Handel                       |
|   10403 | Ernst Handel                       |
|   10404 | Magazzini Alimentari Riuniti       |
|   10405 | LINO-Delicateses                   |
|   10406 | Queen Cozinha                      |
|   10407 | Ottilies Kseladen                  |
|   10408 | Folies gourmandes                  |
|   10409 | Ocano Atlntico Ltda.               |
|   10410 | Bottom-Dollar Markets              |
|   10411 | Bottom-Dollar Markets              |
|   10412 | Wartian Herkku                     |
|   10413 | La maison d'Asie                   |
|   10414 | Familia Arquibaldo                 |
|   10415 | Hungry Coyote Import Store         |
|   10416 | Wartian Herkku                     |
|   10417 | Simons bistro                      |
|   10418 | QUICK-Stop                         |
|   10419 | Richter Supermarkt                 |
|   10420 | Wellington Importadora             |
|   10421 | Que Delcia                         |
|   10422 | Franchi S.p.A.                     |
|   10423 | Gourmet Lanchonetes                |
|   10424 | Mre Paillarde                      |
|   10425 | La maison d'Asie                   |
|   10426 | Galera del gastrnomo               |
|   10427 | Piccolo und mehr                   |
|   10428 | Reggiani Caseifici                 |
|   10429 | Hungry Owl All-Night Grocers       |
|   10430 | Ernst Handel                       |
|   10431 | Bottom-Dollar Markets              |
|   10432 | Split Rail Beer & Ale              |
|   10433 | Princesa Isabel Vinhos             |
|   10434 | Folk och f HB                      |
|   10435 | Consolidated Holdings              |
|   10436 | Blondesddsl pre et fils            |
|   10437 | Wartian Herkku                     |
|   10438 | Toms Spezialitten                  |
|   10439 | Mre Paillarde                      |
|   10440 | Save-a-lot Markets                 |
|   10441 | Old World Delicatessen             |
|   10442 | Ernst Handel                       |
|   10443 | Reggiani Caseifici                 |
|   10444 | Berglunds snabbkp                  |
|   10445 | Berglunds snabbkp                  |
|   10446 | Toms Spezialitten                  |
|   10447 | Ricardo Adocicados                 |
|   10448 | Rancho grande                      |
|   10449 | Blondesddsl pre et fils            |
|   10450 | Victuailles en stock               |
|   10451 | QUICK-Stop                         |
|   10452 | Save-a-lot Markets                 |
|   10453 | Around the Horn                    |
|   10454 | La maison d'Asie                   |
|   10455 | Wartian Herkku                     |
|   10456 | Kniglich Essen                     |
|   10457 | Kniglich Essen                     |
|   10458 | Suprmes dlices                     |
|   10459 | Victuailles en stock               |
|   10460 | Folk och f HB                      |
|   10461 | LILA-Supermercado                  |
|   10462 | Consolidated Holdings              |
|   10463 | Suprmes dlices                     |
|   10464 | Furia Bacalhau e Frutos do Mar     |
|   10465 | Vaffeljernet                       |
|   10466 | Comrcio Mineiro                    |
|   10467 | Magazzini Alimentari Riuniti       |
|   10468 | Kniglich Essen                     |
|   10469 | White Clover Markets               |
|   10470 | Bon app'                           |
|   10471 | B's Beverages                      |
|   10472 | Seven Seas Imports                 |
|   10473 | Island Trading                     |
|   10474 | Pericles Comidas clsicas           |
|   10475 | Suprmes dlices                     |
|   10476 | HILARION-Abastos                   |
|   10477 | Princesa Isabel Vinhos             |
|   10478 | Victuailles en stock               |
|   10479 | Rattlesnake Canyon Grocery         |
|   10480 | Folies gourmandes                  |
|   10481 | Ricardo Adocicados                 |
|   10482 | Lazy K Kountry Store               |
|   10483 | White Clover Markets               |
|   10484 | B's Beverages                      |
|   10485 | LINO-Delicateses                   |
|   10486 | HILARION-Abastos                   |
|   10487 | Queen Cozinha                      |
|   10488 | Frankenversand                     |
|   10489 | Piccolo und mehr                   |
|   10490 | HILARION-Abastos                   |
|   10491 | Furia Bacalhau e Frutos do Mar     |
|   10492 | Bottom-Dollar Markets              |
|   10493 | La maison d'Asie                   |
|   10494 | Comrcio Mineiro                    |
|   10495 | Laughing Bacchus Wine Cellars      |
|   10496 | Tradio Hipermercados               |
|   10497 | Lehmanns Marktstand                |
|   10498 | HILARION-Abastos                   |
|   10499 | LILA-Supermercado                  |
|   10500 | La maison d'Asie                   |
|   10501 | Blauer See Delikatessen            |
|   10502 | Pericles Comidas clsicas           |
|   10503 | Hungry Owl All-Night Grocers       |
|   10504 | White Clover Markets               |
|   10505 | Mre Paillarde                      |
|   10506 | Kniglich Essen                     |
|   10507 | Antonio Moreno Taquera             |
|   10508 | Ottilies Kseladen                  |
|   10509 | Blauer See Delikatessen            |
|   10510 | Save-a-lot Markets                 |
|   10511 | Bon app'                           |
|   10512 | Familia Arquibaldo                 |
|   10513 | Die Wandernde Kuh                  |
|   10514 | Ernst Handel                       |
|   10515 | QUICK-Stop                         |
|   10516 | Hungry Owl All-Night Grocers       |
|   10517 | North/South                        |
|   10518 | Tortuga Restaurante                |
|   10519 | Chop-suey Chinese                  |
|   10520 | Sant Gourmet                       |
|   10521 | Cactus Comidas para llevar         |
|   10522 | Lehmanns Marktstand                |
|   10523 | Seven Seas Imports                 |
|   10524 | Berglunds snabbkp                  |
|   10525 | Bon app'                           |
|   10526 | Wartian Herkku                     |
|   10527 | QUICK-Stop                         |
|   10528 | Great Lakes Food Market            |
|   10529 | Maison Dewey                       |
|   10530 | Piccolo und mehr                   |
|   10531 | Ocano Atlntico Ltda.               |
|   10532 | Eastern Connection                 |
|   10533 | Folk och f HB                      |
|   10534 | Lehmanns Marktstand                |
|   10535 | Antonio Moreno Taquera             |
|   10536 | Lehmanns Marktstand                |
|   10537 | Richter Supermarkt                 |
|   10538 | B's Beverages                      |
|   10539 | B's Beverages                      |
|   10540 | QUICK-Stop                         |
|   10541 | Hanari Carnes                      |
|   10542 | Kniglich Essen                     |
|   10543 | LILA-Supermercado                  |
|   10544 | Lonesome Pine Restaurant           |
|   10545 | Lazy K Kountry Store               |
|   10546 | Victuailles en stock               |
|   10547 | Seven Seas Imports                 |
|   10548 | Toms Spezialitten                  |
|   10549 | QUICK-Stop                         |
|   10550 | Godos Cocina Tpica                 |
|   10551 | Furia Bacalhau e Frutos do Mar     |
|   10552 | HILARION-Abastos                   |
|   10553 | Wartian Herkku                     |
|   10554 | Ottilies Kseladen                  |
|   10555 | Save-a-lot Markets                 |
|   10556 | Simons bistro                      |
|   10557 | Lehmanns Marktstand                |
|   10558 | Around the Horn                    |
|   10559 | Blondesddsl pre et fils            |
|   10560 | Frankenversand                     |
|   10561 | Folk och f HB                      |
|   10562 | Reggiani Caseifici                 |
|   10563 | Ricardo Adocicados                 |
|   10564 | Rattlesnake Canyon Grocery         |
|   10565 | Mre Paillarde                      |
|   10566 | Blondesddsl pre et fils            |
|   10567 | Hungry Owl All-Night Grocers       |
|   10568 | Galera del gastrnomo               |
|   10569 | Rattlesnake Canyon Grocery         |
|   10570 | Mre Paillarde                      |
|   10571 | Ernst Handel                       |
|   10572 | Berglunds snabbkp                  |
|   10573 | Antonio Moreno Taquera             |
|   10574 | Trail's Head Gourmet Provisioners  |
|   10575 | Morgenstern Gesundkost             |
|   10576 | Tortuga Restaurante                |
|   10577 | Trail's Head Gourmet Provisioners  |
|   10578 | B's Beverages                      |
|   10579 | Let's Stop N Shop                  |
|   10580 | Ottilies Kseladen                  |
|   10581 | Familia Arquibaldo                 |
|   10582 | Blauer See Delikatessen            |
|   10583 | Wartian Herkku                     |
|   10584 | Blondesddsl pre et fils            |
|   10585 | Wellington Importadora             |
|   10586 | Reggiani Caseifici                 |
|   10587 | Que Delcia                         |
|   10588 | QUICK-Stop                         |
|   10589 | Great Lakes Food Market            |
|   10590 | Mre Paillarde                      |
|   10591 | Vaffeljernet                       |
|   10592 | Lehmanns Marktstand                |
|   10593 | Lehmanns Marktstand                |
|   10594 | Old World Delicatessen             |
|   10595 | Ernst Handel                       |
|   10596 | White Clover Markets               |
|   10597 | Piccolo und mehr                   |
|   10598 | Rattlesnake Canyon Grocery         |
|   10599 | B's Beverages                      |
|   10600 | Hungry Coyote Import Store         |
|   10601 | HILARION-Abastos                   |
|   10602 | Vaffeljernet                       |
|   10603 | Save-a-lot Markets                 |
|   10604 | Furia Bacalhau e Frutos do Mar     |
|   10605 | Mre Paillarde                      |
|   10606 | Tradio Hipermercados               |
|   10607 | Save-a-lot Markets                 |
|   10608 | Toms Spezialitten                  |
|   10609 | Du monde entier                    |
|   10610 | La maison d'Asie                   |
|   10611 | Wolski  Zajazd                     |
|   10612 | Save-a-lot Markets                 |
|   10613 | HILARION-Abastos                   |
|   10614 | Blauer See Delikatessen            |
|   10615 | Wilman Kala                        |
|   10616 | Great Lakes Food Market            |
|   10617 | Great Lakes Food Market            |
|   10618 | Mre Paillarde                      |
|   10619 | Mre Paillarde                      |
|   10620 | Laughing Bacchus Wine Cellars      |
|   10621 | Island Trading                     |
|   10622 | Ricardo Adocicados                 |
|   10623 | Frankenversand                     |
|   10624 | The Cracker Box                    |
|   10625 | Ana Trujillo Emparedados y helados |
|   10626 | Berglunds snabbkp                  |
|   10627 | Save-a-lot Markets                 |
|   10628 | Blondesddsl pre et fils            |
|   10629 | Godos Cocina Tpica                 |
|   10630 | Kniglich Essen                     |
|   10631 | La maison d'Asie                   |
|   10632 | Die Wandernde Kuh                  |
|   10633 | Ernst Handel                       |
|   10634 | Folies gourmandes                  |
|   10635 | Magazzini Alimentari Riuniti       |
|   10636 | Wartian Herkku                     |
|   10637 | Queen Cozinha                      |
|   10638 | LINO-Delicateses                   |
|   10639 | Sant Gourmet                       |
|   10640 | Die Wandernde Kuh                  |
|   10641 | HILARION-Abastos                   |
|   10642 | Simons bistro                      |
|   10643 | Alfreds Futterkiste                |
|   10644 | Wellington Importadora             |
|   10645 | Hanari Carnes                      |
|   10646 | Hungry Owl All-Night Grocers       |
|   10647 | Que Delcia                         |
|   10648 | Ricardo Adocicados                 |
|   10649 | Maison Dewey                       |
|   10650 | Familia Arquibaldo                 |
|   10651 | Die Wandernde Kuh                  |
|   10652 | Gourmet Lanchonetes                |
|   10653 | Frankenversand                     |
|   10654 | Berglunds snabbkp                  |
|   10655 | Reggiani Caseifici                 |
|   10656 | Great Lakes Food Market            |
|   10657 | Save-a-lot Markets                 |
|   10658 | QUICK-Stop                         |
|   10659 | Queen Cozinha                      |
|   10660 | Hungry Coyote Import Store         |
|   10661 | Hungry Owl All-Night Grocers       |
|   10662 | Lonesome Pine Restaurant           |
|   10663 | Bon app'                           |
|   10664 | Furia Bacalhau e Frutos do Mar     |
|   10665 | Lonesome Pine Restaurant           |
|   10666 | Richter Supermarkt                 |
|   10667 | Ernst Handel                       |
|   10668 | Die Wandernde Kuh                  |
|   10669 | Simons bistro                      |
|   10670 | Frankenversand                     |
|   10671 | France restauration                |
|   10672 | Berglunds snabbkp                  |
|   10673 | Wilman Kala                        |
|   10674 | Island Trading                     |
|   10675 | Frankenversand                     |
|   10676 | Tortuga Restaurante                |
|   10677 | Antonio Moreno Taquera             |
|   10678 | Save-a-lot Markets                 |
|   10679 | Blondesddsl pre et fils            |
|   10680 | Old World Delicatessen             |
|   10681 | Great Lakes Food Market            |
|   10682 | Antonio Moreno Taquera             |
|   10683 | Du monde entier                    |
|   10684 | Ottilies Kseladen                  |
|   10685 | Gourmet Lanchonetes                |
|   10686 | Piccolo und mehr                   |
|   10687 | Hungry Owl All-Night Grocers       |
|   10688 | Vaffeljernet                       |
|   10689 | Berglunds snabbkp                  |
|   10690 | Hanari Carnes                      |
|   10691 | QUICK-Stop                         |
|   10692 | Alfreds Futterkiste                |
|   10693 | White Clover Markets               |
|   10694 | QUICK-Stop                         |
|   10695 | Wilman Kala                        |
|   10696 | White Clover Markets               |
|   10697 | LINO-Delicateses                   |
|   10698 | Ernst Handel                       |
|   10699 | Morgenstern Gesundkost             |
|   10700 | Save-a-lot Markets                 |
|   10701 | Hungry Owl All-Night Grocers       |
|   10702 | Alfreds Futterkiste                |
|   10703 | Folk och f HB                      |
|   10704 | Queen Cozinha                      |
|   10705 | HILARION-Abastos                   |
|   10706 | Old World Delicatessen             |
|   10707 | Around the Horn                    |
|   10708 | The Big Cheese                     |
|   10709 | Gourmet Lanchonetes                |
|   10710 | Franchi S.p.A.                     |
|   10711 | Save-a-lot Markets                 |
|   10712 | Hungry Owl All-Night Grocers       |
|   10713 | Save-a-lot Markets                 |
|   10714 | Save-a-lot Markets                 |
|   10715 | Bon app'                           |
|   10716 | Rancho grande                      |
|   10717 | Frankenversand                     |
|   10718 | Kniglich Essen                     |
|   10719 | Let's Stop N Shop                  |
|   10720 | Que Delcia                         |
|   10721 | QUICK-Stop                         |
|   10722 | Save-a-lot Markets                 |
|   10723 | White Clover Markets               |
|   10724 | Mre Paillarde                      |
|   10725 | Familia Arquibaldo                 |
|   10726 | Eastern Connection                 |
|   10727 | Reggiani Caseifici                 |
|   10728 | Queen Cozinha                      |
|   10729 | LINO-Delicateses                   |
|   10730 | Bon app'                           |
|   10731 | Chop-suey Chinese                  |
|   10732 | Bon app'                           |
|   10733 | Berglunds snabbkp                  |
|   10734 | Gourmet Lanchonetes                |
|   10735 | Let's Stop N Shop                  |
|   10736 | Hungry Owl All-Night Grocers       |
|   10737 | Vins et alcools Chevalier          |
|   10738 | Spcialits du monde                 |
|   10739 | Vins et alcools Chevalier          |
|   10740 | White Clover Markets               |
|   10741 | Around the Horn                    |
|   10742 | Bottom-Dollar Markets              |
|   10743 | Around the Horn                    |
|   10744 | Vaffeljernet                       |
|   10745 | QUICK-Stop                         |
|   10746 | Chop-suey Chinese                  |
|   10747 | Piccolo und mehr                   |
|   10748 | Save-a-lot Markets                 |
|   10749 | Island Trading                     |
|   10750 | Wartian Herkku                     |
|   10751 | Richter Supermarkt                 |
|   10752 | North/South                        |
|   10753 | Franchi S.p.A.                     |
|   10754 | Magazzini Alimentari Riuniti       |
|   10755 | Bon app'                           |
|   10756 | Split Rail Beer & Ale              |
|   10757 | Save-a-lot Markets                 |
|   10758 | Richter Supermarkt                 |
|   10759 | Ana Trujillo Emparedados y helados |
|   10760 | Maison Dewey                       |
|   10761 | Rattlesnake Canyon Grocery         |
|   10762 | Folk och f HB                      |
|   10763 | Folies gourmandes                  |
|   10764 | Ernst Handel                       |
|   10765 | QUICK-Stop                         |
|   10766 | Ottilies Kseladen                  |
|   10767 | Suprmes dlices                     |
|   10768 | Around the Horn                    |
|   10769 | Vaffeljernet                       |
|   10770 | Hanari Carnes                      |
|   10771 | Ernst Handel                       |
|   10772 | Lehmanns Marktstand                |
|   10773 | Ernst Handel                       |
|   10774 | Folk och f HB                      |
|   10775 | The Cracker Box                    |
|   10776 | Ernst Handel                       |
|   10777 | Gourmet Lanchonetes                |
|   10778 | Berglunds snabbkp                  |
|   10779 | Morgenstern Gesundkost             |
|   10780 | LILA-Supermercado                  |
|   10781 | Wartian Herkku                     |
|   10782 | Cactus Comidas para llevar         |
|   10783 | Hanari Carnes                      |
|   10784 | Magazzini Alimentari Riuniti       |
|   10785 | GROSELLA-Restaurante               |
|   10786 | Queen Cozinha                      |
|   10787 | La maison d'Asie                   |
|   10788 | QUICK-Stop                         |
|   10789 | Folies gourmandes                  |
|   10790 | Gourmet Lanchonetes                |
|   10791 | Frankenversand                     |
|   10792 | Wolski  Zajazd                     |
|   10793 | Around the Horn                    |
|   10794 | Que Delcia                         |
|   10795 | Ernst Handel                       |
|   10796 | HILARION-Abastos                   |
|   10797 | Drachenblut Delikatessen           |
|   10798 | Island Trading                     |
|   10799 | Kniglich Essen                     |
|   10800 | Seven Seas Imports                 |
|   10801 | Blido Comidas preparadas           |
|   10802 | Simons bistro                      |
|   10803 | Wellington Importadora             |
|   10804 | Seven Seas Imports                 |
|   10805 | The Big Cheese                     |
|   10806 | Victuailles en stock               |
|   10807 | Franchi S.p.A.                     |
|   10808 | Old World Delicatessen             |
|   10809 | Wellington Importadora             |
|   10810 | Laughing Bacchus Wine Cellars      |
|   10811 | LINO-Delicateses                   |
|   10812 | Reggiani Caseifici                 |
|   10813 | Ricardo Adocicados                 |
|   10814 | Victuailles en stock               |
|   10815 | Save-a-lot Markets                 |
|   10816 | Great Lakes Food Market            |
|   10817 | Kniglich Essen                     |
|   10818 | Magazzini Alimentari Riuniti       |
|   10819 | Cactus Comidas para llevar         |
|   10820 | Rattlesnake Canyon Grocery         |
|   10821 | Split Rail Beer & Ale              |
|   10822 | Trail's Head Gourmet Provisioners  |
|   10823 | LILA-Supermercado                  |
|   10824 | Folk och f HB                      |
|   10825 | Drachenblut Delikatessen           |
|   10826 | Blondesddsl pre et fils            |
|   10827 | Bon app'                           |
|   10828 | Rancho grande                      |
|   10829 | Island Trading                     |
|   10830 | Tradio Hipermercados               |
|   10831 | Sant Gourmet                       |
|   10832 | La maison d'Asie                   |
|   10833 | Ottilies Kseladen                  |
|   10834 | Tradio Hipermercados               |
|   10835 | Alfreds Futterkiste                |
|   10836 | Ernst Handel                       |
|   10837 | Berglunds snabbkp                  |
|   10838 | LINO-Delicateses                   |
|   10839 | Tradio Hipermercados               |
|   10840 | LINO-Delicateses                   |
|   10841 | Suprmes dlices                     |
|   10842 | Tortuga Restaurante                |
|   10843 | Victuailles en stock               |
|   10844 | Piccolo und mehr                   |
|   10845 | QUICK-Stop                         |
|   10846 | Suprmes dlices                     |
|   10847 | Save-a-lot Markets                 |
|   10848 | Consolidated Holdings              |
|   10849 | Kniglich Essen                     |
|   10850 | Victuailles en stock               |
|   10851 | Ricardo Adocicados                 |
|   10852 | Rattlesnake Canyon Grocery         |
|   10853 | Blauer See Delikatessen            |
|   10854 | Ernst Handel                       |
|   10855 | Old World Delicatessen             |
|   10856 | Antonio Moreno Taquera             |
|   10857 | Berglunds snabbkp                  |
|   10858 | La corne d'abondance               |
|   10859 | Frankenversand                     |
|   10860 | France restauration                |
|   10861 | White Clover Markets               |
|   10862 | Lehmanns Marktstand                |
|   10863 | HILARION-Abastos                   |
|   10864 | Around the Horn                    |
|   10865 | QUICK-Stop                         |
|   10866 | Berglunds snabbkp                  |
|   10867 | Lonesome Pine Restaurant           |
|   10868 | Queen Cozinha                      |
|   10869 | Seven Seas Imports                 |
|   10870 | Wolski  Zajazd                     |
|   10871 | Bon app'                           |
|   10872 | Godos Cocina Tpica                 |
|   10873 | Wilman Kala                        |
|   10874 | Godos Cocina Tpica                 |
|   10875 | Berglunds snabbkp                  |
|   10876 | Bon app'                           |
|   10877 | Ricardo Adocicados                 |
|   10878 | QUICK-Stop                         |
|   10879 | Wilman Kala                        |
|   10880 | Folk och f HB                      |
|   10881 | Cactus Comidas para llevar         |
|   10882 | Save-a-lot Markets                 |
|   10883 | Lonesome Pine Restaurant           |
|   10884 | Let's Stop N Shop                  |
|   10885 | Suprmes dlices                     |
|   10886 | Hanari Carnes                      |
|   10887 | Galera del gastrnomo               |
|   10888 | Godos Cocina Tpica                 |
|   10889 | Rattlesnake Canyon Grocery         |
|   10890 | Du monde entier                    |
|   10891 | Lehmanns Marktstand                |
|   10892 | Maison Dewey                       |
|   10893 | Kniglich Essen                     |
|   10894 | Save-a-lot Markets                 |
|   10895 | Ernst Handel                       |
|   10896 | Maison Dewey                       |
|   10897 | Hungry Owl All-Night Grocers       |
|   10898 | Ocano Atlntico Ltda.               |
|   10899 | LILA-Supermercado                  |
|   10900 | Wellington Importadora             |
|   10901 | HILARION-Abastos                   |
|   10902 | Folk och f HB                      |
|   10903 | Hanari Carnes                      |
|   10904 | White Clover Markets               |
|   10905 | Wellington Importadora             |
|   10906 | Wolski  Zajazd                     |
|   10907 | Spcialits du monde                 |
|   10908 | Reggiani Caseifici                 |
|   10909 | Sant Gourmet                       |
|   10910 | Wilman Kala                        |
|   10911 | Godos Cocina Tpica                 |
|   10912 | Hungry Owl All-Night Grocers       |
|   10913 | Queen Cozinha                      |
|   10914 | Queen Cozinha                      |
|   10915 | Tortuga Restaurante                |
|   10916 | Rancho grande                      |
|   10917 | Romero y tomillo                   |
|   10918 | Bottom-Dollar Markets              |
|   10919 | LINO-Delicateses                   |
|   10920 | Around the Horn                    |
|   10921 | Vaffeljernet                       |
|   10922 | Hanari Carnes                      |
|   10923 | La maison d'Asie                   |
|   10924 | Berglunds snabbkp                  |
|   10925 | Hanari Carnes                      |
|   10926 | Ana Trujillo Emparedados y helados |
|   10927 | La corne d'abondance               |
|   10928 | Galera del gastrnomo               |
|   10929 | Frankenversand                     |
|   10930 | Suprmes dlices                     |
|   10931 | Richter Supermarkt                 |
|   10932 | Bon app'                           |
|   10933 | Island Trading                     |
|   10934 | Lehmanns Marktstand                |
|   10935 | Wellington Importadora             |
|   10936 | Great Lakes Food Market            |
|   10937 | Cactus Comidas para llevar         |
|   10938 | QUICK-Stop                         |
|   10939 | Magazzini Alimentari Riuniti       |
|   10940 | Bon app'                           |
|   10941 | Save-a-lot Markets                 |
|   10942 | Reggiani Caseifici                 |
|   10943 | B's Beverages                      |
|   10944 | Bottom-Dollar Markets              |
|   10945 | Morgenstern Gesundkost             |
|   10946 | Vaffeljernet                       |
|   10947 | B's Beverages                      |
|   10948 | Godos Cocina Tpica                 |
|   10949 | Bottom-Dollar Markets              |
|   10950 | Magazzini Alimentari Riuniti       |
|   10951 | Richter Supermarkt                 |
|   10952 | Alfreds Futterkiste                |
|   10953 | Around the Horn                    |
|   10954 | LINO-Delicateses                   |
|   10955 | Folk och f HB                      |
|   10956 | Blauer See Delikatessen            |
|   10957 | HILARION-Abastos                   |
|   10958 | Ocano Atlntico Ltda.               |
|   10959 | Gourmet Lanchonetes                |
|   10960 | HILARION-Abastos                   |
|   10961 | Queen Cozinha                      |
|   10962 | QUICK-Stop                         |
|   10963 | Furia Bacalhau e Frutos do Mar     |
|   10964 | Spcialits du monde                 |
|   10965 | Old World Delicatessen             |
|   10966 | Chop-suey Chinese                  |
|   10967 | Toms Spezialitten                  |
|   10968 | Ernst Handel                       |
|   10969 | Comrcio Mineiro                    |
|   10970 | Blido Comidas preparadas           |
|   10971 | France restauration                |
|   10972 | La corne d'abondance               |
|   10973 | La corne d'abondance               |
|   10974 | Split Rail Beer & Ale              |
|   10975 | Bottom-Dollar Markets              |
|   10976 | HILARION-Abastos                   |
|   10977 | Folk och f HB                      |
|   10978 | Maison Dewey                       |
|   10979 | Ernst Handel                       |
|   10980 | Folk och f HB                      |
|   10981 | Hanari Carnes                      |
|   10982 | Bottom-Dollar Markets              |
|   10983 | Save-a-lot Markets                 |
|   10984 | Save-a-lot Markets                 |
|   10985 | Hungry Owl All-Night Grocers       |
|   10986 | Ocano Atlntico Ltda.               |
|   10987 | Eastern Connection                 |
|   10988 | Rattlesnake Canyon Grocery         |
|   10989 | Que Delcia                         |
|   10990 | Ernst Handel                       |
|   10991 | QUICK-Stop                         |
|   10992 | The Big Cheese                     |
|   10993 | Folk och f HB                      |
|   10994 | Vaffeljernet                       |
|   10995 | Pericles Comidas clsicas           |
|   10996 | QUICK-Stop                         |
|   10997 | LILA-Supermercado                  |
|   10998 | Wolski  Zajazd                     |
|   10999 | Ottilies Kseladen                  |
|   11000 | Rattlesnake Canyon Grocery         |
|   11001 | Folk och f HB                      |
|   11002 | Save-a-lot Markets                 |
|   11003 | The Cracker Box                    |
|   11004 | Maison Dewey                       |
|   11005 | Wilman Kala                        |
|   11006 | Great Lakes Food Market            |
|   11007 | Princesa Isabel Vinhos             |
|   11008 | Ernst Handel                       |
|   11009 | Godos Cocina Tpica                 |
|   11010 | Reggiani Caseifici                 |
|   11011 | Alfreds Futterkiste                |
|   11012 | Frankenversand                     |
|   11013 | Romero y tomillo                   |
|   11014 | LINO-Delicateses                   |
|   11015 | Sant Gourmet                       |
|   11016 | Around the Horn                    |
|   11017 | Ernst Handel                       |
|   11018 | Lonesome Pine Restaurant           |
|   11019 | Rancho grande                      |
|   11020 | Ottilies Kseladen                  |
|   11021 | QUICK-Stop                         |
|   11022 | Hanari Carnes                      |
|   11023 | B's Beverages                      |
|   11024 | Eastern Connection                 |
|   11025 | Wartian Herkku                     |
|   11026 | Franchi S.p.A.                     |
|   11027 | Bottom-Dollar Markets              |
|   11028 | Kniglich Essen                     |
|   11029 | Chop-suey Chinese                  |
|   11030 | Save-a-lot Markets                 |
|   11031 | Save-a-lot Markets                 |
|   11032 | White Clover Markets               |
|   11033 | Richter Supermarkt                 |
|   11034 | Old World Delicatessen             |
|   11035 | Suprmes dlices                     |
|   11036 | Drachenblut Delikatessen           |
|   11037 | Godos Cocina Tpica                 |
|   11038 | Suprmes dlices                     |
|   11039 | LINO-Delicateses                   |
|   11040 | Great Lakes Food Market            |
|   11041 | Chop-suey Chinese                  |
|   11042 | Comrcio Mineiro                    |
|   11043 | Spcialits du monde                 |
|   11044 | Wolski  Zajazd                     |
|   11045 | Bottom-Dollar Markets              |
|   11046 | Die Wandernde Kuh                  |
|   11047 | Eastern Connection                 |
|   11048 | Bottom-Dollar Markets              |
|   11049 | Gourmet Lanchonetes                |
|   11050 | Folk och f HB                      |
|   11051 | La maison d'Asie                   |
|   11052 | Hanari Carnes                      |
|   11053 | Piccolo und mehr                   |
|   11054 | Cactus Comidas para llevar         |
|   11055 | HILARION-Abastos                   |
|   11056 | Eastern Connection                 |
|   11057 | North/South                        |
|   11058 | Blauer See Delikatessen            |
|   11059 | Ricardo Adocicados                 |
|   11060 | Franchi S.p.A.                     |
|   11061 | Great Lakes Food Market            |
|   11062 | Reggiani Caseifici                 |
|   11063 | Hungry Owl All-Night Grocers       |
|   11064 | Save-a-lot Markets                 |
|   11065 | LILA-Supermercado                  |
|   11066 | White Clover Markets               |
|   11067 | Drachenblut Delikatessen           |
|   11068 | Queen Cozinha                      |
|   11069 | Tortuga Restaurante                |
|   11070 | Lehmanns Marktstand                |
|   11071 | LILA-Supermercado                  |
|   11072 | Ernst Handel                       |
|   11073 | Pericles Comidas clsicas           |
|   11074 | Simons bistro                      |
|   11075 | Richter Supermarkt                 |
|   11076 | Bon app'                           |
|   11077 | Rattlesnake Canyon Grocery         |
+---------+------------------------------------+
830 rows in set (0.0013 sec)

 MySQL  localhost:3306  northwind  SQL > select a.orderid, b.companyname  from orders a  right join customers b on a.customerid = b.customerid  order by a.orderid where is null;
ERROR: 1064 (42000): You have an error in your SQL syntax; check the manual that corresponds to your MySQL server version for the right syntax to use near 'where is null' at line 1

 MySQL  localhost:3306  northwind  SQL > select a.orderid, b.companyname  from orders a  right join customers b on a.customerid = b.customerid  order by a.orderid where a.orderid is null;
ERROR: 1064 (42000): You have an error in your SQL syntax; check the manual that corresponds to your MySQL server version for the right syntax to use near 'where a.orderid is null' at line 1

 MySQL  localhost:3306  northwind  SQL > select a.orderid, b.companyname  from orders a  right join customers b on a.customerid = b.customerid where a.orderid is null;
+---------+--------------------------------------+
| orderid | companyname                          |
+---------+--------------------------------------+
|    NULL | FISSA Fabrica Inter. Salchichas S.A. |
|    NULL | IT                                   |
|    NULL | IT                                   |
|    NULL | Paris spcialits                      |
+---------+--------------------------------------+
4 rows in set (0.0007 sec)

 MySQL  localhost:3306  northwind  SQL > desc products;
+-----------------+---------------+------+-----+---------+----------------+
| Field           | Type          | Null | Key | Default | Extra          |
+-----------------+---------------+------+-----+---------+----------------+
| ProductID       | int(11)       | NO   | PRI | NULL    | auto_increment |
| ProductName     | varchar(40)   | NO   | MUL | NULL    |                |
| SupplierID      | int(11)       | YES  | MUL | NULL    |                |
| CategoryID      | int(11)       | YES  | MUL | NULL    |                |
| QuantityPerUnit | varchar(20)   | YES  |     | NULL    |                |
| UnitPrice       | decimal(10,4) | YES  |     | 0.0000  |                |
| UnitsInStock    | smallint(2)   | YES  |     | 0       |                |
| UnitsOnOrder    | smallint(2)   | YES  |     | 0       |                |
| ReorderLevel    | smallint(2)   | YES  |     | 0       |                |
| Discontinued    | bit(1)        | NO   |     | b'0'    |                |
+-----------------+---------------+------+-----+---------+----------------+
10 rows in set (0.0049 sec)

 MySQL  localhost:3306  northwind  SQL > select * from products;
+-----------+----------------------------------+------------+------------+----------------------+-----------+--------------+--------------+--------------+--------------+
| ProductID | ProductName                      | SupplierID | CategoryID | QuantityPerUnit      | UnitPrice | UnitsInStock | UnitsOnOrder | ReorderLevel | Discontinued |
+-----------+----------------------------------+------------+------------+----------------------+-----------+--------------+--------------+--------------+--------------+
|         1 | Chai                             |          1 |          1 | 10 boxes x 20 bags   |   18.0000 |           39 |            0 |           10 |            0 |
|         2 | Chang                            |          1 |          1 | 24 - 12 oz bottles   |   19.0000 |           17 |           40 |           25 |            0 |
|         3 | Aniseed Syrup                    |          1 |          2 | 12 - 550 ml bottles  |   10.0000 |           13 |           70 |           25 |            0 |
|         4 | Chef Anton's Cajun Seasoning     |          2 |          2 | 48 - 6 oz jars       |   22.0000 |           53 |            0 |            0 |            0 |
|         5 | Chef Anton's Gumbo Mix           |          2 |          2 | 36 boxes             |   21.3500 |            0 |            0 |            0 |            1 |
|         6 | Grandma's Boysenberry Spread     |          3 |          2 | 12 - 8 oz jars       |   25.0000 |          120 |            0 |           25 |            0 |
|         7 | Uncle Bob's Organic Dried Pears  |          3 |          7 | 12 - 1 lb pkgs.      |   30.0000 |           15 |            0 |           10 |            0 |
|         8 | Northwoods Cranberry Sauce       |          3 |          2 | 12 - 12 oz jars      |   40.0000 |            6 |            0 |            0 |            0 |
|         9 | Mishi Kobe Niku                  |          4 |          6 | 18 - 500 g pkgs.     |   97.0000 |           29 |            0 |            0 |            1 |
|        10 | Ikura                            |          4 |          8 | 12 - 200 ml jars     |   31.0000 |           31 |            0 |            0 |            0 |
|        11 | Queso Cabrales                   |          5 |          4 | 1 kg pkg.            |   21.0000 |           22 |           30 |           30 |            0 |
|        12 | Queso Manchego La Pastora        |          5 |          4 | 10 - 500 g pkgs.     |   38.0000 |           86 |            0 |            0 |            0 |
|        13 | Konbu                            |          6 |          8 | 2 kg box             |    6.0000 |           24 |            0 |            5 |            0 |
|        14 | Tofu                             |          6 |          7 | 40 - 100 g pkgs.     |   23.2500 |           35 |            0 |            0 |            0 |
|        15 | Genen Shouyu                     |          6 |          2 | 24 - 250 ml bottles  |   15.5000 |           39 |            0 |            5 |            0 |
|        16 | Pavlova                          |          7 |          3 | 32 - 500 g boxes     |   17.4500 |           29 |            0 |           10 |            0 |
|        17 | Alice Mutton                     |          7 |          6 | 20 - 1 kg tins       |   39.0000 |            0 |            0 |            0 |            1 |
|        18 | Carnarvon Tigers                 |          7 |          8 | 16 kg pkg.           |   62.5000 |           42 |            0 |            0 |            0 |
|        19 | Teatime Chocolate Biscuits       |          8 |          3 | 10 boxes x 12 pieces |    9.2000 |           25 |            0 |            5 |            0 |
|        20 | Sir Rodney's Marmalade           |          8 |          3 | 30 gift boxes        |   81.0000 |           40 |            0 |            0 |            0 |
|        21 | Sir Rodney's Scones              |          8 |          3 | 24 pkgs. x 4 pieces  |   10.0000 |            3 |           40 |            5 |            0 |
|        22 | Gustaf's Knckebrd                |          9 |          5 | 24 - 500 g pkgs.     |   21.0000 |          104 |            0 |           25 |            0 |
|        23 | Tunnbrd                          |          9 |          5 | 12 - 250 g pkgs.     |    9.0000 |           61 |            0 |           25 |            0 |
|        24 | Guaran Fantstica                 |         10 |          1 | 12 - 355 ml cans     |    4.5000 |           20 |            0 |            0 |            1 |
|        25 | NuNuCa Nu-Nougat-Creme           |         11 |          3 | 20 - 450 g glasses   |   14.0000 |           76 |            0 |           30 |            0 |
|        26 | Gumbr Gummibrchen                |         11 |          3 | 100 - 250 g bags     |   31.2300 |           15 |            0 |            0 |            0 |
|        27 | Schoggi Schokolade               |         11 |          3 | 100 - 100 g pieces   |   43.9000 |           49 |            0 |           30 |            0 |
|        28 | Rssle Sauerkraut                 |         12 |          7 | 25 - 825 g cans      |   45.6000 |           26 |            0 |            0 |            1 |
|        29 | Thringer Rostbratwurst           |         12 |          6 | 50 bags x 30 sausgs. |  123.7900 |            0 |            0 |            0 |            1 |
|        30 | Nord-Ost Matjeshering            |         13 |          8 | 10 - 200 g glasses   |   25.8900 |           10 |            0 |           15 |            0 |
|        31 | Gorgonzola Telino                |         14 |          4 | 12 - 100 g pkgs      |   12.5000 |            0 |           70 |           20 |            0 |
|        32 | Mascarpone Fabioli               |         14 |          4 | 24 - 200 g pkgs.     |   32.0000 |            9 |           40 |           25 |            0 |
|        33 | Geitost                          |         15 |          4 | 500 g                |    2.5000 |          112 |            0 |           20 |            0 |
|        34 | Sasquatch Ale                    |         16 |          1 | 24 - 12 oz bottles   |   14.0000 |          111 |            0 |           15 |            0 |
|        35 | Steeleye Stout                   |         16 |          1 | 24 - 12 oz bottles   |   18.0000 |           20 |            0 |           15 |            0 |
|        36 | Inlagd Sill                      |         17 |          8 | 24 - 250 g  jars     |   19.0000 |          112 |            0 |           20 |            0 |
|        37 | Gravad lax                       |         17 |          8 | 12 - 500 g pkgs.     |   26.0000 |           11 |           50 |           25 |            0 |
|        38 | Cte de Blaye                     |         18 |          1 | 12 - 75 cl bottles   |  263.5000 |           17 |            0 |           15 |            0 |
|        39 | Chartreuse verte                 |         18 |          1 | 750 cc per bottle    |   18.0000 |           69 |            0 |            5 |            0 |
|        40 | Boston Crab Meat                 |         19 |          8 | 24 - 4 oz tins       |   18.4000 |          123 |            0 |           30 |            0 |
|        41 | Jack's New England Clam Chowder  |         19 |          8 | 12 - 12 oz cans      |    9.6500 |           85 |            0 |           10 |            0 |
|        42 | Singaporean Hokkien Fried Mee    |         20 |          5 | 32 - 1 kg pkgs.      |   14.0000 |           26 |            0 |            0 |            1 |
|        43 | Ipoh Coffee                      |         20 |          1 | 16 - 500 g tins      |   46.0000 |           17 |           10 |           25 |            0 |
|        44 | Gula Malacca                     |         20 |          2 | 20 - 2 kg bags       |   19.4500 |           27 |            0 |           15 |            0 |
|        45 | Rogede sild                      |         21 |          8 | 1k pkg.              |    9.5000 |            5 |           70 |           15 |            0 |
|        46 | Spegesild                        |         21 |          8 | 4 - 450 g glasses    |   12.0000 |           95 |            0 |            0 |            0 |
|        47 | Zaanse koeken                    |         22 |          3 | 10 - 4 oz boxes      |    9.5000 |           36 |            0 |            0 |            0 |
|        48 | Chocolade                        |         22 |          3 | 10 pkgs.             |   12.7500 |           15 |           70 |           25 |            0 |
|        49 | Maxilaku                         |         23 |          3 | 24 - 50 g pkgs.      |   20.0000 |           10 |           60 |           15 |            0 |
|        50 | Valkoinen suklaa                 |         23 |          3 | 12 - 100 g bars      |   16.2500 |           65 |            0 |           30 |            0 |
|        51 | Manjimup Dried Apples            |         24 |          7 | 50 - 300 g pkgs.     |   53.0000 |           20 |            0 |           10 |            0 |
|        52 | Filo Mix                         |         24 |          5 | 16 - 2 kg boxes      |    7.0000 |           38 |            0 |           25 |            0 |
|        53 | Perth Pasties                    |         24 |          6 | 48 pieces            |   32.8000 |            0 |            0 |            0 |            1 |
|        54 | Tourtire                         |         25 |          6 | 16 pies              |    7.4500 |           21 |            0 |           10 |            0 |
|        55 | Pt chinois                       |         25 |          6 | 24 boxes x 2 pies    |   24.0000 |          115 |            0 |           20 |            0 |
|        56 | Gnocchi di nonna Alice           |         26 |          5 | 24 - 250 g pkgs.     |   38.0000 |           21 |           10 |           30 |            0 |
|        57 | Ravioli Angelo                   |         26 |          5 | 24 - 250 g pkgs.     |   19.5000 |           36 |            0 |           20 |            0 |
|        58 | Escargots de Bourgogne           |         27 |          8 | 24 pieces            |   13.2500 |           62 |            0 |           20 |            0 |
|        59 | Raclette Courdavault             |         28 |          4 | 5 kg pkg.            |   55.0000 |           79 |            0 |            0 |            0 |
|        60 | Camembert Pierrot                |         28 |          4 | 15 - 300 g rounds    |   34.0000 |           19 |            0 |            0 |            0 |
|        61 | Sirop d'rable                    |         29 |          2 | 24 - 500 ml bottles  |   28.5000 |          113 |            0 |           25 |            0 |
|        62 | Tarte au sucre                   |         29 |          3 | 48 pies              |   49.3000 |           17 |            0 |            0 |            0 |
|        63 | Vegie-spread                     |          7 |          2 | 15 - 625 g jars      |   43.9000 |           24 |            0 |            5 |            0 |
|        64 | Wimmers gute Semmelkndel         |         12 |          5 | 20 bags x 4 pieces   |   33.2500 |           22 |           80 |           30 |            0 |
|        65 | Louisiana Fiery Hot Pepper Sauce |          2 |          2 | 32 - 8 oz bottles    |   21.0500 |           76 |            0 |            0 |            0 |
|        66 | Louisiana Hot Spiced Okra        |          2 |          2 | 24 - 8 oz jars       |   17.0000 |            4 |          100 |           20 |            0 |
|        67 | Laughing Lumberjack Lager        |         16 |          1 | 24 - 12 oz bottles   |   14.0000 |           52 |            0 |           10 |            0 |
|        68 | Scottish Longbreads              |          8 |          3 | 10 boxes x 8 pieces  |   12.5000 |            6 |           10 |           15 |            0 |
|        69 | Gudbrandsdalsost                 |         15 |          4 | 10 kg pkg.           |   36.0000 |           26 |            0 |           15 |            0 |
|        70 | Outback Lager                    |          7 |          1 | 24 - 355 ml bottles  |   15.0000 |           15 |           10 |           30 |            0 |
|        71 | Flotemysost                      |         15 |          4 | 10 - 500 g pkgs.     |   21.5000 |           26 |            0 |            0 |            0 |
|        72 | Mozzarella di Giovanni           |         14 |          4 | 24 - 200 g pkgs.     |   34.8000 |           14 |            0 |            0 |            0 |
|        73 | Rd Kaviar                        |         17 |          8 | 24 - 150 g jars      |   15.0000 |          101 |            0 |            5 |            0 |
|        74 | Longlife Tofu                    |          4 |          7 | 5 kg pkg.            |   10.0000 |            4 |           20 |            5 |            0 |
|        75 | Rhnbru Klosterbier               |         12 |          1 | 24 - 0.5 l bottles   |    7.7500 |          125 |            0 |           25 |            0 |
|        76 | Lakkalikri                       |         23 |          1 | 500 ml               |   18.0000 |           57 |            0 |           20 |            0 |
|        77 | Original Frankfurter grne Soe    |         12 |          2 | 12 boxes             |   13.0000 |           32 |            0 |           15 |            0 |
|        78 | Taco                             |         12 |          2 | Tacos                |   50.0000 |            0 |            0 |            0 |            0 |
+-----------+----------------------------------+------------+------------+----------------------+-----------+--------------+--------------+--------------+--------------+
78 rows in set (0.0004 sec)

 MySQL  localhost:3306  northwind  SQL > desc orders;
+----------------+---------------+------+-----+---------+----------------+
| Field          | Type          | Null | Key | Default | Extra          |
+----------------+---------------+------+-----+---------+----------------+
| OrderID        | int(11)       | NO   | PRI | NULL    | auto_increment |
| CustomerID     | varchar(5)    | YES  | MUL | NULL    |                |
| EmployeeID     | int(11)       | YES  | MUL | NULL    |                |
| OrderDate      | datetime      | YES  | MUL | NULL    |                |
| RequiredDate   | datetime      | YES  |     | NULL    |                |
| ShippedDate    | datetime      | YES  | MUL | NULL    |                |
| ShipVia        | int(11)       | YES  | MUL | NULL    |                |
| Freight        | decimal(10,4) | YES  |     | 0.0000  |                |
| ShipName       | varchar(40)   | YES  |     | NULL    |                |
| ShipAddress    | varchar(60)   | YES  |     | NULL    |                |
| ShipCity       | varchar(15)   | YES  |     | NULL    |                |
| ShipRegion     | varchar(15)   | YES  |     | NULL    |                |
| ShipPostalCode | varchar(10)   | YES  | MUL | NULL    |                |
| ShipCountry    | varchar(15)   | YES  |     | NULL    |                |
+----------------+---------------+------+-----+---------+----------------+
14 rows in set (0.0046 sec)

 MySQL  localhost:3306  northwind  SQL > desc orderdetails;;
+-----------+---------------+------+-----+---------+-------+
| Field     | Type          | Null | Key | Default | Extra |
+-----------+---------------+------+-----+---------+-------+
| OrderID   | int(11)       | NO   | PRI | NULL    |       |
| ProductID | int(11)       | NO   | PRI | NULL    |       |
| UnitPrice | decimal(10,4) | NO   |     | 0.0000  |       |
| Quantity  | smallint(2)   | NO   |     | 1       |       |
| Discount  | double(8,0)   | NO   |     | 0       |       |
+-----------+---------------+------+-----+---------+-------+
5 rows in set (0.0058 sec)

                                     ... ;
ERROR: 1065 (42000): Query was empty

 MySQL  localhost:3306  northwind  SQL > desc products;
+-----------------+---------------+------+-----+---------+----------------+
| Field           | Type          | Null | Key | Default | Extra          |
+-----------------+---------------+------+-----+---------+----------------+
| ProductID       | int(11)       | NO   | PRI | NULL    | auto_increment |
| ProductName     | varchar(40)   | NO   | MUL | NULL    |                |
| SupplierID      | int(11)       | YES  | MUL | NULL    |                |
| CategoryID      | int(11)       | YES  | MUL | NULL    |                |
| QuantityPerUnit | varchar(20)   | YES  |     | NULL    |                |
| UnitPrice       | decimal(10,4) | YES  |     | 0.0000  |                |
| UnitsInStock    | smallint(2)   | YES  |     | 0       |                |
| UnitsOnOrder    | smallint(2)   | YES  |     | 0       |                |
| ReorderLevel    | smallint(2)   | YES  |     | 0       |                |
| Discontinued    | bit(1)        | NO   |     | b'0'    |                |
+-----------------+---------------+------+-----+---------+----------------+
10 rows in set (0.0048 sec)

 MySQL  localhost:3306  northwind  SQL > select a.orderid, b.productname from orderdetails a right join products b on a.productid = b.productid
                                     ... where a.productid is null;
+---------+-------------+
| orderid | productname |
+---------+-------------+
|    NULL | Taco        |
+---------+-------------+
1 row in set (0.0007 sec)

 MySQL  localhost:3306  northwind  SQL >