MySQL Shell 8.0.12

 MySQL  SQL > \connect --mysql root@localhost
Creating a Classic session to 'root@localhost'
Please provide the password for 'root@localhost': ****
Save password for 'root@localhost:3306'? [Y]es/[N]o/Ne[v]er (default No): n
Fetching schema names for autocompletion... Press ^C to stop.
Your MySQL connection id is 1
Server version: 5.5.61 MySQL Community Server (GPL)
No default schema selected; type \use <schema> to set one.

 MySQL  localhost:3306  SQL > \use profenorthwind
Default schema set to `profenorthwind`.
Fetching table and column names from `profenorthwind` for auto-completion... Press ^C to stop.

 MySQL  localhost:3306  profenorthwind  SQL > show tables;
+--------------------------+
| Tables_in_profenorthwind |
+--------------------------+
| account                  |
| categories               |
| customercustomerdemo     |
| customerdemographics     |
| customers                |
| empleados                |
| employees                |
| employeeterritories      |
| lista_empleados          |
| lista_empleados_a        |
| nombre_cliente           |
| orderdetails             |
| orders                   |
| pagos_empleados          |
| personas                 |
| products                 |
| prueba2                  |
| region                   |
| rfc_gringos              |
| shippers                 |
| suppliers                |
| territories              |
| ventas_producto          |
+--------------------------+
23 rows in set (0.0007 sec)

 MySQL  localhost:3306  profenorthwind  SQL > desc customers
                                          ... ;
+--------------+-------------+------+-----+---------+-------+
| Field        | Type        | Null | Key | Default | Extra |
+--------------+-------------+------+-----+---------+-------+
| CustomerID   | varchar(5)  | NO   | PRI | NULL    |       |
| CompanyName  | varchar(40) | NO   | MUL | NULL    |       |
| ContactName  | varchar(30) | YES  |     | NULL    |       |
| ContactTitle | varchar(30) | YES  |     | NULL    |       |
| Address      | varchar(60) | YES  |     | NULL    |       |
| City         | varchar(15) | YES  | MUL | NULL    |       |
| Region       | varchar(15) | YES  | MUL | NULL    |       |
| PostalCode   | varchar(10) | YES  | MUL | NULL    |       |
| Country      | varchar(15) | YES  |     | NULL    |       |
| Phone        | varchar(24) | YES  |     | NULL    |       |
| Fax          | varchar(24) | YES  |     | NULL    |       |
+--------------+-------------+------+-----+---------+-------+
11 rows in set (0.0051 sec)
 MySQL  localhost:3306  profenorthwind  SQL > orders;
ERROR: 1064 (42000): You have an error in your SQL syntax; check the manual that corresponds to your MySQL server version for the right syntax to use near 'orders' at line 1

 MySQL  localhost:3306  profenorthwind  SQL > desc orders;
+----------------+---------------+------+-----+---------+----------------+
| Field          | Type          | Null | Key | Default | Extra          |
+----------------+---------------+------+-----+---------+----------------+
| OrderID        | int(11)       | NO   | PRI | NULL    | auto_increment |
| CustomerID     | varchar(5)    | YES  | MUL | NULL    |                |
| EmployeeID     | int(11)       | YES  | MUL | NULL    |                |
| OrderDate      | datetime      | YES  | MUL | NULL    |                |
| RequiredDate   | datetime      | YES  |     | NULL    |                |
| ShippedDate    | datetime      | YES  | MUL | NULL    |                |
| ShipVia        | int(11)       | YES  | MUL | NULL    |                |
| Freight        | decimal(10,4) | YES  |     | 0.0000  |                |
| ShipName       | varchar(40)   | YES  |     | NULL    |                |
| ShipAddress    | varchar(60)   | YES  |     | NULL    |                |
| ShipCity       | varchar(15)   | YES  |     | NULL    |                |
| ShipRegion     | varchar(15)   | YES  |     | NULL    |                |
| ShipPostalCode | varchar(10)   | YES  | MUL | NULL    |                |
| ShipCountry    | varchar(15)   | YES  |     | NULL    |                |
+----------------+---------------+------+-----+---------+----------------+
14 rows in set (0.0050 sec)desc orderdetails;
+-----------+---------------+------+-----+---------+-------+
| Field     | Type          | Null | Key | Default | Extra |
+-----------+---------------+------+-----+---------+-------+
| OrderID   | int(11)       | NO   | PRI | NULL    |       |
| ProductID | int(11)       | NO   | PRI | NULL    |       |
| UnitPrice | decimal(10,4) | NO   |     | 0.0000  |       |
| Quantity  | smallint(2)   | NO   |     | 1       |       |
| Discount  | double(8,0)   | NO   |     | 0       |       |
+-----------+---------------+------+-----+---------+-------+
5 rows in set (0.0052 sec)

MySQL  localhost:3306  profenorthwind  SQL > select a.customerid, a.companyname, sum(c.quantity * c.unitprice) from customers a
                                          ... inner join orders b on a.customerid = b.customerid
                                          ... inner join orderdetails c on b.orderid = c.orderid;
+------------+---------------------+-------------------------------+
| customerid | companyname         | sum(c.quantity * c.unitprice) |
+------------+---------------------+-------------------------------+
| ALFKI      | Alfreds Futterkiste |                  1352155.1900 |
+------------+---------------------+-------------------------------+
1 row in set (0.0638 sec)

 MySQL  localhost:3306  profenorthwind  SQL >

MySQL Shell 8.0.12

Copyright (c) 2016, 2018, Oracle and/or its affiliates. All rights reserved.

Oracle is a registered trademark of Oracle Corporation and/or its
affiliates. Other names may be trademarks of their respective
owners.

Type '\help' or '\?' for help; '\quit' to exit.


 MySQL  JS > \sql
Switching to SQL mode... Commands end with ;

 MySQL  SQL > \connect --mysql root@localhost
Creating a Classic session to 'root@localhost'
Please provide the password for 'root@localhost': ****
Save password for 'root@localhost:3306'? [Y]es/[N]o/Ne[v]er (default No): n
Fetching schema names for autocompletion... Press ^C to stop.
Your MySQL connection id is 8
Server version: 5.5.61 MySQL Community Server (GPL)
No default schema selected; type \use <schema> to set one.

 MySQL  localhost:3306  SQL > \use profeNorthwind
Default schema set to `profeNorthwind`.
Fetching table and column names from `profenorthwind` for auto-completion... Press ^C to stop.

 MySQL  localhost:3306  profenorthwind  SQL > show tables;
+--------------------------+
| Tables_in_profenorthwind |
+--------------------------+
| account                  |
| categories               |
| customercustomerdemo     |
| customerdemographics     |
| customers                |
| empleados                |
| employees                |
| employeeterritories      |
| lista_empleados          |
| lista_empleados_a        |
| nombre_cliente           |
| orderdetails             |
| orders                   |
| pagos_empleados          |
| personas                 |
| products                 |
| prueba2                  |
| region                   |
| rfc_gringos              |
| shippers                 |
| suppliers                |
| territories              |
| ventas_producto          |
+--------------------------+
23 rows in set (0.0007 sec)

 MySQL  localhost:3306  profenorthwind  SQL > desc customers
                                          ... ;
+--------------+-------------+------+-----+---------+-------+
| Field        | Type        | Null | Key | Default | Extra |
+--------------+-------------+------+-----+---------+-------+
| CustomerID   | varchar(5)  | NO   | PRI | NULL    |       |
| CompanyName  | varchar(40) | NO   | MUL | NULL    |       |
| ContactName  | varchar(30) | YES  |     | NULL    |       |
| ContactTitle | varchar(30) | YES  |     | NULL    |       |
| Address      | varchar(60) | YES  |     | NULL    |       |
| City         | varchar(15) | YES  | MUL | NULL    |       |
| Region       | varchar(15) | YES  | MUL | NULL    |       |
| PostalCode   | varchar(10) | YES  | MUL | NULL    |       |
| Country      | varchar(15) | YES  |     | NULL    |       |
| Phone        | varchar(24) | YES  |     | NULL    |       |
| Fax          | varchar(24) | YES  |     | NULL    |       |
+--------------+-------------+------+-----+---------+-------+
11 rows in set (0.0101 sec)

 MySQL  localhost:3306  profenorthwind  SQL > desc orders;
+----------------+---------------+------+-----+---------+----------------+
| Field          | Type          | Null | Key | Default | Extra          |
+----------------+---------------+------+-----+---------+----------------+
| OrderID        | int(11)       | NO   | PRI | NULL    | auto_increment |
| CustomerID     | varchar(5)    | YES  | MUL | NULL    |                |
| EmployeeID     | int(11)       | YES  | MUL | NULL    |                |
| OrderDate      | datetime      | YES  | MUL | NULL    |                |
| RequiredDate   | datetime      | YES  |     | NULL    |                |
| ShippedDate    | datetime      | YES  | MUL | NULL    |                |
| ShipVia        | int(11)       | YES  | MUL | NULL    |                |
| Freight        | decimal(10,4) | YES  |     | 0.0000  |                |
| ShipName       | varchar(40)   | YES  |     | NULL    |                |
| ShipAddress    | varchar(60)   | YES  |     | NULL    |                |
| ShipCity       | varchar(15)   | YES  |     | NULL    |                |
| ShipRegion     | varchar(15)   | YES  |     | NULL    |                |
| ShipPostalCode | varchar(10)   | YES  | MUL | NULL    |                |
| ShipCountry    | varchar(15)   | YES  |     | NULL    |                |
+----------------+---------------+------+-----+---------+----------------+
14 rows in set (0.0185 sec)

 MySQL  localhost:3306  profenorthwind  SQL > desc rderdetails;
ERROR: 1146 (42S02): Table 'profenorthwind.rderdetails' doesn't exist

 MySQL  localhost:3306  profenorthwind  SQL > desc orderdetails;
+-----------+---------------+------+-----+---------+-------+
| Field     | Type          | Null | Key | Default | Extra |
+-----------+---------------+------+-----+----select a.customerid, a.companyname, sum(c.quantity * c.unitprice) from customers a
                                          ...                                           ... inner join orders b on a.customerid = b.customerid
                                          ...                                           ... inner join orderdetails c on b.orderid = c.orderid;
ERROR: 1064 (42000): You have an error in your SQL syntax; check the manual that corresponds to your MySQL server version for the right syntax to use near '... inner join orders b on a.customerid = b.customerid 1  select a.customerid, a.companyname, sum(c.quantity * c.unitprice) from customer
... inner join orderdetai' at line 2     | 0  select a.customerid, a.companyname, sum(c.quantity * c.unitprice) from custome
+-----------+---------------+------+-----+----select a.customerid, a.companyname, sum(c.quantity * c.unitprice) from custom
 MySQL  localhost:3306  profenorthwind  SQL > ;elect a.customerid, a.companyname, sum(c.quantity * c.unitprice) from custo
 MySQL  localhost:3306  profenorthwind  SQL > select a.customerid, a.companyname, sum(c.quantity * c.unitprice) from cust
 MySQL  localhost:3306  profenorthwind  SQL > select a.customerid, a.companyname, sum(c.quantity * c.unitprice) from cus
 MySQL  localhost:3306  profenorthwind  SQL >
 MySQL  localhost:3306  profenorthwind  SQL >
 MySQL  localhost:3306  profenorthwind  SQL > select a.customerid, a.companyname, sum(c.quantity * c.unitprice) from customers a
                                          ... inner join orders b on a.customerid = b.customerid
                                          ... inner join orderdetails c on b.orderid = c.orderid;
+------------+---------------------+-------------------------------+
| customerid | companyname         | sum(c.quantity * c.unitprice) |
+------------+---------------------+-------------------------------+
| ALFKI      | Alfreds Futterkiste |                  1352155.1900 |
+------------+---------------------+-------------------------------+
1 row in set (0.0035 sec)

 MySQL  localhost:3306  profenorthwind  SQL > select b.orderid, a.customerid, a.companyname, sum(c.quantity * c.unitprice) from customers a inner join orders b on a.customerid = b.customerid inner join orderdetails c on b.orderid = c.orderid;
+---------+------------+---------------------+-------------------------------+
| orderid | customerid | companyname         | sum(c.quantity * c.unitprice) |
+---------+------------+---------------------+-------------------------------+
|   10643 | ALFKI      | Alfreds Futterkiste |                  1352155.1900 |
+---------+------------+---------------------+-------------------------------+
1 row in set (0.0033 sec)

 MySQL  localhost:3306  profenorthwind  SQL > select b.orderid, a.customerid, a.companyname, sum(c.quantity * c.unitprice) from customers a inner join orders b on a.customerid = b.customerid inner join orderdetails c on b.orderid = c.orderid group by a.customerid;
+---------+------------+------------------------------------+-------------------------------+
| orderid | customerid | companyname                        | sum(c.quantity * c.unitprice) |
+---------+------------+------------------------------------+-------------------------------+
|   10643 | ALFKI      | Alfreds Futterkiste                |                     4596.2000 |
|   10308 | ANATR      | Ana Trujillo Emparedados y helados |                     1402.9500 |
|   10365 | ANTON      | Antonio Moreno Taquera             |                     7515.3500 |
|   10355 | AROUT      | Around the Horn                    |                    13806.5000 |
|   10278 | BERGS      | Berglunds snabbkp                  |                    26968.1500 |
|   10501 | BLAUS      | Blauer See Delikatessen            |                     3239.8000 |
|   10265 | BLONP      | Blondesddsl pre et fils            |                    19088.0000 |
|   10326 | BOLID      | Blido Comidas preparadas           |                     5297.8000 |
|   10331 | BONAP      | Bon app'                           |                    23850.9500 |
|   10389 | BOTTM      | Bottom-Dollar Markets              |                    22607.7000 |
|   10289 | BSBEV      | B's Beverages                      |                     6089.9000 |
|   10521 | CACTU      | Cactus Comidas para llevar         |                     1814.8000 |
|   10259 | CENTC      | Centro comercial Moctezuma         |                      100.8000 |
|   10254 | CHOPS      | Chop-suey Chinese                  |                    12886.3000 |
|   10290 | COMMI      | Comrcio Mineiro                    |                     3810.7500 |
|   10435 | CONSH      | Consolidated Holdings              |                     1719.1000 |
|   10363 | DRACD      | Drachenblut Delikatessen           |                     3763.2100 |
|   10311 | DUMON      | Du monde entier                    |                     1615.9000 |
|   10364 | EASTC      | Eastern Connection                 |                    15033.6600 |
|   10258 | ERNSH      | Ernst Handel                       |                   113236.6800 |
|   10347 | FAMIA      | Familia Arquibaldo                 |                     4438.9000 |
|   10408 | FOLIG      | Folies gourmandes                  |                    11666.9000 |
|   10264 | FOLKO      | Folk och f HB                      |                    32555.5500 |
|   10267 | FRANK      | Frankenversand                     |                    28722.7100 |
|   10671 | FRANR      | France restauration                |                     3172.1600 |
|   10422 | FRANS      | Franchi S.p.A.                     |                     1545.7000 |
|   10328 | FURIB      | Furia Bacalhau e Frutos do Mar     |                     7151.5500 |
|   10366 | GALED      | Galera del gastrnomo               |                      836.7000 |
|   10303 | GODOS      | Godos Cocina Tpica                 |                    11830.1000 |
|   10423 | GOURL      | Gourmet Lanchonetes                |                     8702.2300 |
|   10528 | GREAL      | Great Lakes Food Market            |                    19711.1300 |
|   10268 | GROSR      | GROSELLA-Restaurante               |                     1488.7000 |
|   10250 | HANAR      | Hanari Carnes                      |                    34101.1500 |
|   10257 | HILAA      | HILARION-Abastos                   |                    23611.5800 |
|   10375 | HUNGC      | Hungry Coyote Import Store         |                     3063.2000 |
|   10298 | HUNGO      | Hungry Owl All-Night Grocers       |                    57317.3900 |
|   10315 | ISLAT      | Island Trading                     |                     6146.3000 |
|   10323 | KOENE      | Kniglich Essen                     |                    31745.7500 |
|   10858 | LACOR      | La corne d'abondance               |                     1992.0500 |
|   10350 | LAMAI      | La maison d'Asie                   |                    10272.3500 |
|   10495 | LAUGB      | Laughing Bacchus Wine Cellars      |                      522.5000 |
|   10482 | LAZYK      | Lazy K Kountry Store               |                      357.0000 |
|   10279 | LEHMS      | Lehmanns Marktstand                |                    21282.0200 |
|   10579 | LETSS      | Let's Stop N Shop                  |                     3490.0200 |
|   10283 | LILAS      | LILA-Supermercado                  |                    17825.0600 |
|   10405 | LINOD      | LINO-Delicateses                   |                    17889.5500 |
|   10307 | LONEP      | Lonesome Pine Restaurant           |                     4258.6000 |
|   10275 | MAGAA      | Magazzini Alimentari Riuniti       |                     7603.8500 |
|   10529 | MAISD      | Maison Dewey                       |                    10430.5800 |
|   10332 | MEREP      | Mre Paillarde                      |                    32203.9000 |
|   10277 | MORGK      | Morgenstern Gesundkost             |                     5042.2000 |
|   10517 | NORTS      | North/South                        |                      649.0000 |
|   10409 | OCEAN      | Ocano Atlntico Ltda.               |                     3460.2000 |
|   10305 | OLDWO      | Old World Delicatessen             |                    16325.1500 |
|   10260 | OTTIK      | Ottilies Kseladen                  |                    13157.5000 |
|   10322 | PERIC      | Pericles Comidas clsicas           |                     4242.2000 |
|   10353 | PICCO      | Piccolo und mehr                   |                    26259.9500 |
|   10336 | PRINI      | Princesa Isabel Vinhos             |                     5317.1000 |
|   10261 | QUEDE      | Que Delcia                         |                     6973.6300 |
|   10372 | QUEEN      | Queen Cozinha                      |                    30226.1000 |
|   10273 | QUICK      | QUICK-Stop                         |                   117483.3900 |
|   10448 | RANCH      | Rancho grande                      |                     2844.1000 |
|   10262 | RATTC      | Rattlesnake Canyon Grocery         |                    52245.9000 |
|   10288 | REGGC      | Reggiani Caseifici                 |                     7555.6000 |
|   10287 | RICAR      | Ricardo Adocicados                 |                    12924.4000 |
|   10255 | RICSU      | Richter Supermarkt                 |                    20033.2000 |
|   10281 | ROMEY      | Romero y tomillo                   |                     1467.2900 |
|   10387 | SANTG      | Sant Gourmet                       |                     5735.1500 |
|   10324 | SAVEA      | Save-a-lot Markets                 |                   115673.3900 |
|   10359 | SEVES      | Seven Seas Imports                 |                    17172.0500 |
|   10341 | SIMOB      | Simons bistro                      |                    18138.4500 |
|   10738 | SPECD      | Spcialits du monde                 |                     2423.3500 |
|   10271 | SPLIR      | Split Rail Beer & Ale              |                    12489.7000 |
|   10252 | SUPRD      | Suprmes dlices                     |                    24704.4000 |
|   10310 | THEBI      | The Big Cheese                     |                     3361.0000 |
|   10624 | THECR      | The Cracker Box                    |                     1947.2400 |
|   10438 | TOMSP      | Toms Spezialitten                  |                     3090.6000 |
|   10276 | TORTU      | Tortuga Restaurante                |                    10812.1500 |
|   10292 | TRADH      | Tradio Hipermercados               |                     7310.6200 |
|   10574 | TRAIH      | Trail's Head Gourmet Provisioners  |                     1571.2000 |
|   10367 | VAFFE      | Vaffeljernet                       |                    16643.8000 |
|   10251 | VICTE      | Victuailles en stock               |                     9937.1000 |
|   10274 | VINET      | Vins et alcools Chevalier          |                     1040.0000 |
|   10301 | WANDK      | Die Wandernde Kuh                  |                    10653.8500 |
|   10266 | WARTH      | Wartian Herkku                     |                    16617.1000 |
|   10256 | WELLI      | Wellington Importadora             |                     6480.7000 |
|   10269 | WHITC      | White Clover Markets               |                    29073.4500 |
|   10615 | WILMK      | Wilman Kala                        |                     3161.3500 |
|   10374 | WOLZA      | Wolski  Zajazd                     |                     3531.9500 |
+---------+------------+------------------------------------+-------------------------------+
89 rows in set (0.0034 sec)

 MySQL  localhost:3306  profenorthwind  SQL > select b.orderid, a.customerid, a.companyname, sum(c.quantity * c.unitprice) from customers a inner join orders b on a.customerid = b.customerid inner join orderdetails c on b.orderid = c.orderid group by a.customerid, b.orderid;
+---------+------------+------------------------------------+-------------------------------+
| orderid | customerid | companyname                        | sum(c.quantity * c.unitprice) |
+---------+------------+------------------------------------+-------------------------------+
|   10643 | ALFKI      | Alfreds Futterkiste                |                     1086.0000 |
|   10692 | ALFKI      | Alfreds Futterkiste                |                      878.0000 |
|   10702 | ALFKI      | Alfreds Futterkiste                |                      330.0000 |
|   10835 | ALFKI      | Alfreds Futterkiste                |                      851.0000 |
|   10952 | ALFKI      | Alfreds Futterkiste                |                      491.2000 |
|   11011 | ALFKI      | Alfreds Futterkiste                |                      960.0000 |
|   10308 | ANATR      | Ana Trujillo Emparedados y helados |                       88.8000 |
|   10625 | ANATR      | Ana Trujillo Emparedados y helados |                      479.7500 |
|   10759 | ANATR      | Ana Trujillo Emparedados y helados |                      320.0000 |
|   10926 | ANATR      | Ana Trujillo Emparedados y helados |                      514.4000 |
|   10365 | ANTON      | Antonio Moreno Taquera             |                      403.2000 |
|   10507 | ANTON      | Antonio Moreno Taquera             |                      881.2500 |
|   10535 | ANTON      | Antonio Moreno Taquera             |                     2156.5000 |
|   10573 | ANTON      | Antonio Moreno Taquera             |                     2082.0000 |
|   10677 | ANTON      | Antonio Moreno Taquera             |                      956.9000 |
|   10682 | ANTON      | Antonio Moreno Taquera             |                      375.5000 |
|   10856 | ANTON      | Antonio Moreno Taquera             |                      660.0000 |
|   10355 | AROUT      | Around the Horn                    |                      480.0000 |
|   10383 | AROUT      | Around the Horn                    |                      899.0000 |
|   10453 | AROUT      | Around the Horn                    |                      453.0000 |
|   10558 | AROUT      | Around the Horn                    |                     2142.9000 |
|   10707 | AROUT      | Around the Horn                    |                     1704.0000 |
|   10741 | AROUT      | Around the Horn                    |                      285.0000 |
|   10743 | AROUT      | Around the Horn                    |                      336.0000 |
|   10768 | AROUT      | Around the Horn                    |                     1477.0000 |
|   10793 | AROUT      | Around the Horn                    |                      191.1000 |
|   10864 | AROUT      | Around the Horn                    |                      282.0000 |
|   10920 | AROUT      | Around the Horn                    |                      390.0000 |
|   10953 | AROUT      | Around the Horn                    |                     4675.0000 |
|   11016 | AROUT      | Around the Horn                    |                      491.5000 |
|   10278 | BERGS      | Berglunds snabbkp                  |                     1488.8000 |
|   10280 | BERGS      | Berglunds snabbkp                  |                      613.2000 |
|   10384 | BERGS      | Berglunds snabbkp                  |                     2222.4000 |
|   10444 | BERGS      | Berglunds snabbkp                  |                     1031.7000 |
|   10445 | BERGS      | Berglunds snabbkp                  |                      174.9000 |
|   10524 | BERGS      | Berglunds snabbkp                  |                     3192.6500 |
|   10572 | BERGS      | Berglunds snabbkp                  |                     1565.6500 |
|   10626 | BERGS      | Berglunds snabbkp                  |                     1503.6000 |
|   10654 | BERGS      | Berglunds snabbkp                  |                      668.7000 |
|   10672 | BERGS      | Berglunds snabbkp                  |                     4210.5000 |
|   10689 | BERGS      | Berglunds snabbkp                  |                      630.0000 |
|   10733 | BERGS      | Berglunds snabbkp                  |                     1459.0000 |
|   10778 | BERGS      | Berglunds snabbkp                  |                       96.5000 |
|   10837 | BERGS      | Berglunds snabbkp                  |                     1254.0000 |
|   10857 | BERGS      | Berglunds snabbkp                  |                     2630.9500 |
|   10866 | BERGS      | Berglunds snabbkp                  |                     1461.6000 |
|   10875 | BERGS      | Berglunds snabbkp                  |                      729.5000 |
|   10924 | BERGS      | Berglunds snabbkp                  |                     2034.5000 |
|   10501 | BLAUS      | Blauer See Delikatessen            |                      149.0000 |
|   10509 | BLAUS      | Blauer See Delikatessen            |                      136.8000 |
|   10582 | BLAUS      | Blauer See Delikatessen            |                      330.0000 |
|   10614 | BLAUS      | Blauer See Delikatessen            |                      464.0000 |
|   10853 | BLAUS      | Blauer See Delikatessen            |                      625.0000 |
|   10956 | BLAUS      | Blauer See Delikatessen            |                      677.0000 |
|   11058 | BLAUS      | Blauer See Delikatessen            |                      858.0000 |
|   10265 | BLONP      | Blondesddsl pre et fils            |                     1176.0000 |
|   10297 | BLONP      | Blondesddsl pre et fils            |                     1420.0000 |
|   10360 | BLONP      | Blondesddsl pre et fils            |                     7390.2000 |
|   10436 | BLONP      | Blondesddsl pre et fils            |                     2210.8000 |
|   10449 | BLONP      | Blondesddsl pre et fils            |                     1838.2000 |
|   10559 | BLONP      | Blondesddsl pre et fils            |                      547.8000 |
|   10566 | BLONP      | Blondesddsl pre et fils            |                     2040.0000 |
|   10584 | BLONP      | Blondesddsl pre et fils            |                      625.0000 |
|   10628 | BLONP      | Blondesddsl pre et fils            |                      450.0000 |
|   10679 | BLONP      | Blondesddsl pre et fils            |                      660.0000 |
|   10826 | BLONP      | Blondesddsl pre et fils            |                      730.0000 |
|   10326 | BOLID      | Blido Comidas preparadas           |                      982.0000 |
|   10801 | BOLID      | Blido Comidas preparadas           |                     4035.8000 |
|   10970 | BOLID      | Blido Comidas preparadas           |                      280.0000 |
|   10331 | BONAP      | Bon app'                           |                       88.5000 |
|   10340 | BONAP      | Bon app'                           |                     2564.4000 |
|   10362 | BONAP      | Bon app'                           |                     1549.6000 |
|   10470 | BONAP      | Bon app'                           |                     1820.8000 |
|   10511 | BONAP      | Bon app'                           |                     3000.0000 |
|   10525 | BONAP      | Bon app'                           |                      846.0000 |
|   10663 | BONAP      | Bon app'                           |                     2032.0000 |
|   10715 | BONAP      | Bon app'                           |                     1296.0000 |
|   10730 | BONAP      | Bon app'                           |                      509.7500 |
|   10732 | BONAP      | Bon app'                           |                      360.0000 |
|   10755 | BONAP      | Bon app'                           |                     2598.0000 |
|   10827 | BONAP      | Bon app'                           |                      843.0000 |
|   10871 | BONAP      | Bon app'                           |                     2083.4000 |
|   10876 | BONAP      | Bon app'                           |                      917.0000 |
|   10932 | BONAP      | Bon app'                           |                     1925.5000 |
|   10940 | BONAP      | Bon app'                           |                      360.0000 |
|   11076 | BONAP      | Bon app'                           |                     1057.0000 |
|   10389 | BOTTM      | Bottom-Dollar Markets              |                     1832.8000 |
|   10410 | BOTTM      | Bottom-Dollar Markets              |                      802.0000 |
|   10411 | BOTTM      | Bottom-Dollar Markets              |                     1208.5000 |
|   10431 | BOTTM      | Bottom-Dollar Markets              |                     2523.0000 |
|   10492 | BOTTM      | Bottom-Dollar Markets              |                      896.0000 |
|   10742 | BOTTM      | Bottom-Dollar Markets              |                     3118.0000 |
|   10918 | BOTTM      | Bottom-Dollar Markets              |                     1930.0000 |
|   10944 | BOTTM      | Bottom-Dollar Markets              |                     1139.1000 |
|   10949 | BOTTM      | Bottom-Dollar Markets              |                     4422.0000 |
|   10975 | BOTTM      | Bottom-Dollar Markets              |                      717.5000 |
|   10982 | BOTTM      | Bottom-Dollar Markets              |                     1014.0000 |
|   11027 | BOTTM      | Bottom-Dollar Markets              |                     1170.3000 |
|   11045 | BOTTM      | Bottom-Dollar Markets              |                     1309.5000 |
|   11048 | BOTTM      | Bottom-Dollar Markets              |                      525.0000 |
|   10289 | BSBEV      | B's Beverages                      |                      479.4000 |
|   10471 | BSBEV      | B's Beverages                      |                     1328.0000 |
|   10484 | BSBEV      | B's Beverages                      |                      386.2000 |
|   10538 | BSBEV      | B's Beverages                      |                      139.8000 |
|   10539 | BSBEV      | B's Beverages                      |                      355.5000 |
|   10578 | BSBEV      | B's Beverages                      |                      477.0000 |
|   10599 | BSBEV      | B's Beverages                      |                      493.0000 |
|   10943 | BSBEV      | B's Beverages                      |                      711.0000 |
|   10947 | BSBEV      | B's Beverages                      |                      220.0000 |
|   11023 | BSBEV      | B's Beverages                      |                     1500.0000 |
|   10521 | CACTU      | Cactus Comidas para llevar         |                      225.5000 |
|   10782 | CACTU      | Cactus Comidas para llevar         |                       12.5000 |
|   10819 | CACTU      | Cactus Comidas para llevar         |                      477.0000 |
|   10881 | CACTU      | Cactus Comidas para llevar         |                      150.0000 |
|   10937 | CACTU      | Cactus Comidas para llevar         |                      644.8000 |
|   11054 | CACTU      | Cactus Comidas para llevar         |                      305.0000 |
|   10259 | CENTC      | Centro comercial Moctezuma         |                      100.8000 |
|   10254 | CHOPS      | Chop-suey Chinese                  |                      625.2000 |
|   10370 | CHOPS      | Chop-suey Chinese                  |                     1174.0000 |
|   10519 | CHOPS      | Chop-suey Chinese                  |                     2356.0000 |
|   10731 | CHOPS      | Chop-suey Chinese                  |                     1990.0000 |
|   10746 | CHOPS      | Chop-suey Chinese                  |                     2311.7000 |
|   10966 | CHOPS      | Chop-suey Chinese                  |                     1255.6000 |
|   11029 | CHOPS      | Chop-suey Chinese                  |                     1286.8000 |
|   11041 | CHOPS      | Chop-suey Chinese                  |                     1887.0000 |
|   10290 | COMMI      | Comrcio Mineiro                    |                     2169.0000 |
|   10466 | COMMI      | Comrcio Mineiro                    |                      216.0000 |
|   10494 | COMMI      | Comrcio Mineiro                    |                      912.0000 |
|   10969 | COMMI      | Comrcio Mineiro                    |                      108.0000 |
|   11042 | COMMI      | Comrcio Mineiro                    |                      405.7500 |
|   10435 | CONSH      | Consolidated Holdings              |                      631.6000 |
|   10462 | CONSH      | Consolidated Holdings              |                      156.0000 |
|   10848 | CONSH      | Consolidated Holdings              |                      931.5000 |
|   10363 | DRACD      | Drachenblut Delikatessen           |                      447.2000 |
|   10391 | DRACD      | Drachenblut Delikatessen           |                       86.4000 |
|   10797 | DRACD      | Drachenblut Delikatessen           |                      420.0000 |
|   10825 | DRACD      | Drachenblut Delikatessen           |                     1030.7600 |
|   11036 | DRACD      | Drachenblut Delikatessen           |                     1692.0000 |
|   11067 | DRACD      | Drachenblut Delikatessen           |                       86.8500 |
|   10311 | DUMON      | Du monde entier                    |                      268.8000 |
|   10609 | DUMON      | Du monde entier                    |                      424.0000 |
|   10683 | DUMON      | Du monde entier                    |                       63.0000 |
|   10890 | DUMON      | Du monde entier                    |                      860.1000 |
|   10364 | EASTC      | Eastern Connection                 |                      950.0000 |
|   10400 | EASTC      | Eastern Connection                 |                     3063.0000 |
|   10532 | EASTC      | Eastern Connection                 |                      796.3500 |
|   10726 | EASTC      | Eastern Connection                 |                      655.0000 |
|   10987 | EASTC      | Eastern Connection                 |                     2772.0000 |
|   11024 | EASTC      | Eastern Connection                 |                     1966.8100 |
|   11047 | EASTC      | Eastern Connection                 |                     1090.5000 |
|   11056 | EASTC      | Eastern Connection                 |                     3740.0000 |
|   10258 | ERNSH      | Ernst Handel                       |                     2018.6000 |
|   10263 | ERNSH      | Ernst Handel                       |                     2464.8000 |
|   10351 | ERNSH      | Ernst Handel                       |                     5677.6000 |
|   10368 | ERNSH      | Ernst Handel                       |                     1834.2000 |
|   10382 | ERNSH      | Ernst Handel                       |                     2900.0000 |
|   10390 | ERNSH      | Ernst Handel                       |                     2275.2000 |
|   10402 | ERNSH      | Ernst Handel                       |                     2713.5000 |
|   10403 | ERNSH      | Ernst Handel                       |                     1005.9000 |
|   10430 | ERNSH      | Ernst Handel                       |                     5796.0000 |
|   10442 | ERNSH      | Ernst Handel                       |                     1792.0000 |
|   10514 | ERNSH      | Ernst Handel                       |                     8623.4500 |
|   10571 | ERNSH      | Ernst Handel                       |                      647.7500 |
|   10595 | ERNSH      | Ernst Handel                       |                     6300.0000 |
|   10633 | ERNSH      | Ernst Handel                       |                     6483.0500 |
|   10667 | ERNSH      | Ernst Handel                       |                     1921.0000 |
|   10698 | ERNSH      | Ernst Handel                       |                     3600.7300 |
|   10764 | ERNSH      | Ernst Handel                       |                     2540.0000 |
|   10771 | ERNSH      | Ernst Handel                       |                      344.0000 |
|   10773 | ERNSH      | Ernst Handel                       |                     2216.2500 |
|   10776 | ERNSH      | Ernst Handel                       |                     6984.5000 |
|   10795 | ERNSH      | Ernst Handel                       |                     2499.2500 |
|   10836 | ERNSH      | Ernst Handel                       |                     4705.5000 |
|   10854 | ERNSH      | Ernst Handel                       |                     3490.0000 |
|   10895 | ERNSH      | Ernst Handel                       |                     6379.4000 |
|   10968 | ERNSH      | Ernst Handel                       |                     1408.0000 |
|   10979 | ERNSH      | Ernst Handel                       |                     4813.5000 |
|   10990 | ERNSH      | Ernst Handel                       |                     4931.0000 |
|   11008 | ERNSH      | Ernst Handel                       |                     4903.5000 |
|   11017 | ERNSH      | Ernst Handel                       |                     6750.0000 |
|   11072 | ERNSH      | Ernst Handel                       |                     5218.0000 |
|   10347 | FAMIA      | Familia Arquibaldo                 |                      928.0000 |
|   10386 | FAMIA      | Familia Arquibaldo                 |                      166.0000 |
|   10414 | FAMIA      | Familia Arquibaldo                 |                      231.4000 |
|   10512 | FAMIA      | Familia Arquibaldo                 |                      618.0000 |
|   10581 | FAMIA      | Familia Arquibaldo                 |                      387.5000 |
|   10650 | FAMIA      | Familia Arquibaldo                 |                     1820.2000 |
|   10725 | FAMIA      | Familia Arquibaldo                 |                      287.8000 |
|   10408 | FOLIG      | Folies gourmandes                  |                     1622.4000 |
|   10480 | FOLIG      | Folies gourmandes                  |                      756.0000 |
|   10634 | FOLIG      | Folies gourmandes                  |                     4985.5000 |
|   10763 | FOLIG      | Folies gourmandes                  |                      616.0000 |
|   10789 | FOLIG      | Folies gourmandes                  |                     3687.0000 |
|   10264 | FOLKO      | Folk och f HB                      |                      724.5000 |
|   10327 | FOLKO      | Folk och f HB                      |                     2262.5000 |
|   10378 | FOLKO      | Folk och f HB                      |                      103.2000 |
|   10434 | FOLKO      | Folk och f HB                      |                      360.0000 |
|   10460 | FOLKO      | Folk och f HB                      |                      234.8000 |
|   10533 | FOLKO      | Folk och f HB                      |                     2295.2000 |
|   10561 | FOLKO      | Folk och f HB                      |                     2844.5000 |
|   10703 | FOLKO      | Folk och f HB                      |                     2545.0000 |
|   10762 | FOLKO      | Folk och f HB                      |                     4337.0000 |
|   10774 | FOLKO      | Folk och f HB                      |                      875.0000 |
|   10824 | FOLKO      | Folk och f HB                      |                      250.8000 |
|   10880 | FOLKO      | Folk och f HB                      |                     1875.0000 |
|   10902 | FOLKO      | Folk och f HB                      |                     1015.8000 |
|   10955 | FOLKO      | Folk och f HB                      |                       93.0000 |
|   10977 | FOLKO      | Folk och f HB                      |                     2233.0000 |
|   10980 | FOLKO      | Folk och f HB                      |                      310.0000 |
|   10993 | FOLKO      | Folk och f HB                      |                     6527.2500 |
|   11001 | FOLKO      | Folk och f HB                      |                     2769.0000 |
|   11050 | FOLKO      | Folk och f HB                      |                      900.0000 |
|   10267 | FRANK      | Frankenversand                     |                     4031.0000 |
|   10337 | FRANK      | Frankenversand                     |                     2467.0000 |
|   10342 | FRANK      | Frankenversand                     |                     2300.8000 |
|   10396 | FRANK      | Frankenversand                     |                     1903.8000 |
|   10488 | FRANK      | Frankenversand                     |                     1560.0000 |
|   10560 | FRANK      | Frankenversand                     |                     1257.3000 |
|   10623 | FRANK      | Frankenversand                     |                     1429.7500 |
|   10653 | FRANK      | Frankenversand                     |                     1203.5000 |
|   10670 | FRANK      | Frankenversand                     |                     2301.7500 |
|   10675 | FRANK      | Frankenversand                     |                     1423.0000 |
|   10717 | FRANK      | Frankenversand                     |                     1331.7500 |
|   10791 | FRANK      | Frankenversand                     |                     1926.0600 |
|   10859 | FRANK      | Frankenversand                     |                     1438.2500 |
|   10929 | FRANK      | Frankenversand                     |                     1174.7500 |
|   11012 | FRANK      | Frankenversand                     |                     2974.0000 |
|   10671 | FRANR      | France restauration                |                      920.1000 |
|   10860 | FRANR      | France restauration                |                      519.0000 |
|   10971 | FRANR      | France restauration                |                     1733.0600 |
|   10422 | FRANS      | Franchi S.p.A.                     |                       49.8000 |
|   10710 | FRANS      | Franchi S.p.A.                     |                       93.5000 |
|   10753 | FRANS      | Franchi S.p.A.                     |                       88.0000 |
|   10807 | FRANS      | Franchi S.p.A.                     |                       18.4000 |
|   11026 | FRANS      | Franchi S.p.A.                     |                     1030.0000 |
|   11060 | FRANS      | Franchi S.p.A.                     |                      266.0000 |
|   10328 | FURIB      | Furia Bacalhau e Frutos do Mar     |                     1168.0000 |
|   10352 | FURIB      | Furia Bacalhau e Frutos do Mar     |                      154.0000 |
|   10464 | FURIB      | Furia Bacalhau e Frutos do Mar     |                     1848.0000 |
|   10491 | FURIB      | Furia Bacalhau e Frutos do Mar     |                      305.3000 |
|   10551 | FURIB      | Furia Bacalhau e Frutos do Mar     |                     1836.0000 |
|   10604 | FURIB      | Furia Bacalhau e Frutos do Mar     |                      256.5000 |
|   10664 | FURIB      | Furia Bacalhau e Frutos do Mar     |                     1515.7500 |
|   10963 | FURIB      | Furia Bacalhau e Frutos do Mar     |                       68.0000 |
|   10366 | GALED      | Galera del gastrnomo               |                      136.0000 |
|   10426 | GALED      | Galera del gastrnomo               |                      338.2000 |
|   10568 | GALED      | Galera del gastrnomo               |                      155.0000 |
|   10887 | GALED      | Galera del gastrnomo               |                       70.0000 |
|   10928 | GALED      | Galera del gastrnomo               |                      137.5000 |
|   10303 | GODOS      | Godos Cocina Tpica                 |                     1242.0000 |
|   10550 | GODOS      | Godos Cocina Tpica                 |                      749.0000 |
|   10629 | GODOS      | Godos Cocina Tpica                 |                     2775.0500 |
|   10872 | GODOS      | Godos Cocina Tpica                 |                     2166.8000 |
|   10874 | GODOS      | Godos Cocina Tpica                 |                      310.0000 |
|   10888 | GODOS      | Godos Cocina Tpica                 |                      605.0000 |
|   10911 | GODOS      | Godos Cocina Tpica                 |                      858.0000 |
|   10948 | GODOS      | Godos Cocina Tpica                 |                     2362.2500 |
|   11009 | GODOS      | Godos Cocina Tpica                 |                      702.0000 |
|   11037 | GODOS      | Godos Cocina Tpica                 |                       60.0000 |
|   10423 | GOURL      | Gourmet Lanchonetes                |                     1020.0000 |
|   10652 | GOURL      | Gourmet Lanchonetes                |                      331.7800 |
|   10685 | GOURL      | Gourmet Lanchonetes                |                      801.1000 |
|   10709 | GOURL      | Gourmet Lanchonetes                |                     3424.0000 |
|   10734 | GOURL      | Gourmet Lanchonetes                |                     1498.3500 |
|   10777 | GOURL      | Gourmet Lanchonetes                |                      280.0000 |
|   10790 | GOURL      | Gourmet Lanchonetes                |                      850.0000 |
|   10959 | GOURL      | Gourmet Lanchonetes                |                      155.0000 |
|   11049 | GOURL      | Gourmet Lanchonetes                |                      342.0000 |
|   10528 | GREAL      | Great Lakes Food Market            |                      396.2000 |
|   10589 | GREAL      | Great Lakes Food Market            |                       72.0000 |
|   10616 | GREAL      | Great Lakes Food Market            |                     5032.0000 |
|   10617 | GREAL      | Great Lakes Food Market            |                     1650.0000 |
|   10656 | GREAL      | Great Lakes Food Market            |                      671.3500 |
|   10681 | GREAL      | Great Lakes Food Market            |                     1327.0000 |
|   10816 | GREAL      | Great Lakes Food Market            |                     8891.0000 |
|   10936 | GREAL      | Great Lakes Food Market            |                      570.0000 |
|   11006 | GREAL      | Great Lakes Food Market            |                      391.5800 |
|   11040 | GREAL      | Great Lakes Food Market            |                      200.0000 |
|   11061 | GREAL      | Great Lakes Food Market            |                      510.0000 |
|   10268 | GROSR      | GROSELLA-Restaurante               |                     1101.2000 |
|   10785 | GROSR      | GROSELLA-Restaurante               |                      387.5000 |
|   10250 | HANAR      | Hanari Carnes                      |                     1813.0000 |
|   10253 | HANAR      | Hanari Carnes                      |                     1444.8000 |
|   10541 | HANAR      | Hanari Carnes                      |                     2162.8000 |
|   10645 | HANAR      | Hanari Carnes                      |                     1535.0000 |
|   10690 | HANAR      | Hanari Carnes                      |                     1150.0000 |
|   10770 | HANAR      | Hanari Carnes                      |                      315.0000 |
|   10783 | HANAR      | Hanari Carnes                      |                     1442.5000 |
|   10886 | HANAR      | Hanari Carnes                      |                     3127.5000 |
|   10903 | HANAR      | Hanari Carnes                      |                      932.0500 |
|   10922 | HANAR      | Hanari Carnes                      |                      742.5000 |
|   10925 | HANAR      | Hanari Carnes                      |                      559.0000 |
|   10981 | HANAR      | Hanari Carnes                      |                    15810.0000 |
|   11022 | HANAR      | Hanari Carnes                      |                     1402.0000 |
|   11052 | HANAR      | Hanari Carnes                      |                     1665.0000 |
|   10257 | HILAA      | HILARION-Abastos                   |                     1119.9000 |
|   10395 | HILAA      | HILARION-Abastos                   |                     2333.2000 |
|   10476 | HILAA      | HILARION-Abastos                   |                      182.4000 |
|   10486 | HILAA      | HILARION-Abastos                   |                     1272.0000 |
|   10490 | HILAA      | HILARION-Abastos                   |                     3163.2000 |
|   10498 | HILAA      | HILARION-Abastos                   |                      575.0000 |
|   10552 | HILAA      | HILARION-Abastos                   |                      880.5000 |
|   10601 | HILAA      | HILARION-Abastos                   |                     2285.0000 |
|   10613 | HILAA      | HILARION-Abastos                   |                      358.0000 |
|   10641 | HILAA      | HILARION-Abastos                   |                     2054.0000 |
|   10705 | HILAA      | HILARION-Abastos                   |                      378.0000 |
|   10796 | HILAA      | HILARION-Abastos                   |                     2878.0800 |
|   10863 | HILAA      | HILARION-Abastos                   |                      519.0000 |
|   10901 | HILAA      | HILARION-Abastos                   |                      934.5000 |
|   10957 | HILAA      | HILARION-Abastos                   |                     1762.7000 |
|   10960 | HILAA      | HILARION-Abastos                   |                      276.6000 |
|   10976 | HILAA      | HILARION-Abastos                   |                      912.0000 |
|   11055 | HILAA      | HILARION-Abastos                   |                     1727.5000 |
|   10375 | HUNGC      | Hungry Coyote Import Store         |                      338.0000 |
|   10394 | HUNGC      | Hungry Coyote Import Store         |                      442.0000 |
|   10415 | HUNGC      | Hungry Coyote Import Store         |                      102.4000 |
|   10600 | HUNGC      | Hungry Coyote Import Store         |                      479.8000 |
|   10660 | HUNGC      | Hungry Coyote Import Store         |                     1701.0000 |
|   10298 | HUNGO      | Hungry Owl All-Night Grocers       |                     3127.0000 |
|   10309 | HUNGO      | Hungry Owl All-Night Grocers       |                     1762.0000 |
|   10335 | HUNGO      | Hungry Owl All-Night Grocers       |                     2545.2000 |
|   10373 | HUNGO      | Hungry Owl All-Night Grocers       |                     1708.0000 |
|   10380 | HUNGO      | Hungry Owl All-Night Grocers       |                     1419.8000 |
|   10429 | HUNGO      | Hungry Owl All-Night Grocers       |                     1748.5000 |
|   10503 | HUNGO      | Hungry Owl All-Night Grocers       |                     2048.5000 |
|   10516 | HUNGO      | Hungry Owl All-Night Grocers       |                     2614.5000 |
|   10567 | HUNGO      | Hungry Owl All-Night Grocers       |                     3109.0000 |
|   10646 | HUNGO      | Hungry Owl All-Night Grocers       |                     1928.0000 |
|   10661 | HUNGO      | Hungry Owl All-Night Grocers       |                      703.2500 |
|   10687 | HUNGO      | Hungry Owl All-Night Grocers       |                     6201.9000 |
|   10701 | HUNGO      | Hungry Owl All-Night Grocers       |                     3370.0000 |
|   10712 | HUNGO      | Hungry Owl All-Night Grocers       |                     1238.4000 |
|   10736 | HUNGO      | Hungry Owl All-Night Grocers       |                      997.0000 |
|   10897 | HUNGO      | Hungry Owl All-Night Grocers       |                    10835.2400 |
|   10912 | HUNGO      | Hungry Owl All-Night Grocers       |                     8267.4000 |
|   10985 | HUNGO      | Hungry Owl All-Night Grocers       |                     2248.2000 |
|   11063 | HUNGO      | Hungry Owl All-Night Grocers       |                     1445.5000 |
|   10315 | ISLAT      | Island Trading                     |                      516.8000 |
|   10318 | ISLAT      | Island Trading                     |                      240.4000 |
|   10321 | ISLAT      | Island Trading                     |                      144.0000 |
|   10473 | ISLAT      | Island Trading                     |                      230.4000 |
|   10621 | ISLAT      | Island Trading                     |                      758.5000 |
|   10674 | ISLAT      | Island Trading                     |                       45.0000 |
|   10749 | ISLAT      | Island Trading                     |                     1080.0000 |
|   10798 | ISLAT      | Island Trading                     |                      446.6000 |
|   10829 | ISLAT      | Island Trading                     |                     1764.0000 |
|   10933 | ISLAT      | Island Trading                     |                      920.6000 |
|   10323 | KOENE      | Kniglich Essen                     |                      164.4000 |
|   10325 | KOENE      | Kniglich Essen                     |                     1497.0000 |
|   10456 | KOENE      | Kniglich Essen                     |                      656.0000 |
|   10457 | KOENE      | Kniglich Essen                     |                     1584.0000 |
|   10468 | KOENE      | Kniglich Essen                     |                      717.6000 |
|   10506 | KOENE      | Kniglich Essen                     |                      462.0000 |
|   10542 | KOENE      | Kniglich Essen                     |                      493.8000 |
|   10630 | KOENE      | Kniglich Essen                     |                      918.0000 |
|   10718 | KOENE      | Kniglich Essen                     |                     3463.0000 |
|   10799 | KOENE      | Kniglich Essen                     |                     1585.0000 |
|   10817 | KOENE      | Kniglich Essen                     |                    11490.7000 |
|   10849 | KOENE      | Kniglich Essen                     |                     1052.1400 |
|   10893 | KOENE      | Kniglich Essen                     |                     5502.1100 |
|   11028 | KOENE      | Kniglich Essen                     |                     2160.0000 |
|   10858 | LACOR      | La corne d'abondance               |                      649.0000 |
|   10927 | LACOR      | La corne d'abondance               |                      800.0000 |
|   10972 | LACOR      | La corne d'abondance               |                      251.5000 |
|   10973 | LACOR      | La corne d'abondance               |                      291.5500 |
|   10350 | LAMAI      | La maison d'Asie                   |                      713.4000 |
|   10358 | LAMAI      | La maison d'Asie                   |                      452.0000 |
|   10371 | LAMAI      | La maison d'Asie                   |                       91.2000 |
|   10413 | LAMAI      | La maison d'Asie                   |                     2123.2000 |
|   10425 | LAMAI      | La maison d'Asie                   |                      480.0000 |
|   10454 | LAMAI      | La maison d'Asie                   |                      414.0000 |
|   10493 | LAMAI      | La maison d'Asie                   |                      676.0000 |
|   10500 | LAMAI      | La maison d'Asie                   |                      550.8000 |
|   10610 | LAMAI      | La maison d'Asie                   |                      399.0000 |
|   10631 | LAMAI      | La maison d'Asie                   |                       62.0000 |
|   10787 | LAMAI      | La maison d'Asie                   |                     2760.8000 |
|   10832 | LAMAI      | La maison d'Asie                   |                      568.9500 |
|   10923 | LAMAI      | La maison d'Asie                   |                      936.0000 |
|   11051 | LAMAI      | La maison d'Asie                   |                       45.0000 |
|   10495 | LAUGB      | Laughing Bacchus Wine Cellars      |                      278.0000 |
|   10620 | LAUGB      | Laughing Bacchus Wine Cellars      |                       57.5000 |
|   10810 | LAUGB      | Laughing Bacchus Wine Cellars      |                      187.0000 |
|   10482 | LAZYK      | Lazy K Kountry Store               |                      147.0000 |
|   10545 | LAZYK      | Lazy K Kountry Store               |                      210.0000 |
|   10279 | LEHMS      | Lehmanns Marktstand                |                      468.0000 |
|   10284 | LEHMS      | Lehmanns Marktstand                |                     1452.0000 |
|   10343 | LEHMS      | Lehmanns Marktstand                |                     1586.0000 |
|   10497 | LEHMS      | Lehmanns Marktstand                |                     1380.6000 |
|   10522 | LEHMS      | Lehmanns Marktstand                |                     2657.8000 |
|   10534 | LEHMS      | Lehmanns Marktstand                |                      517.4000 |
|   10536 | LEHMS      | Lehmanns Marktstand                |                     2085.0000 |
|   10557 | LEHMS      | Lehmanns Marktstand                |                     1152.5000 |
|   10592 | LEHMS      | Lehmanns Marktstand                |                      543.6500 |
|   10593 | LEHMS      | Lehmanns Marktstand                |                     2493.0000 |
|   10772 | LEHMS      | Lehmanns Marktstand                |                     3603.2200 |
|   10862 | LEHMS      | Lehmanns Marktstand                |                      581.0000 |
|   10891 | LEHMS      | Lehmanns Marktstand                |                      388.3500 |
|   10934 | LEHMS      | Lehmanns Marktstand                |                      500.0000 |
|   11070 | LEHMS      | Lehmanns Marktstand                |                     1873.5000 |
|   10579 | LETSS      | Let's Stop N Shop                  |                      317.7500 |
|   10719 | LETSS      | Let's Stop N Shop                  |                     1125.6700 |
|   10735 | LETSS      | Let's Stop N Shop                  |                      596.0000 |
|   10884 | LETSS      | Let's Stop N Shop                  |                     1450.6000 |
|   10283 | LILAS      | LILA-Supermercado                  |                     1414.8000 |
|   10296 | LILAS      | LILA-Supermercado                  |                     1050.6000 |
|   10330 | LILAS      | LILA-Supermercado                  |                     1940.0000 |
|   10357 | LILAS      | LILA-Supermercado                  |                     1360.0000 |
|   10381 | LILAS      | LILA-Supermercado                  |                      112.0000 |
|   10461 | LILAS      | LILA-Supermercado                  |                     2051.6000 |
|   10499 | LILAS      | LILA-Supermercado                  |                     1412.0000 |
|   10543 | LILAS      | LILA-Supermercado                  |                     1770.0000 |
|   10780 | LILAS      | LILA-Supermercado                  |                      720.0000 |
|   10823 | LILAS      | LILA-Supermercado                  |                     3107.5000 |
|   10899 | LILAS      | LILA-Supermercado                  |                      144.0000 |
|   10997 | LILAS      | LILA-Supermercado                  |                     1980.0000 |
|   11065 | LILAS      | LILA-Supermercado                  |                      252.5600 |
|   11071 | LILAS      | LILA-Supermercado                  |                      510.0000 |
|   10405 | LINOD      | LINO-Delicateses                   |                      400.0000 |
|   10485 | LINOD      | LINO-Delicateses                   |                     1760.0000 |
|   10638 | LINOD      | LINO-Delicateses                   |                     2720.0500 |
|   10697 | LINOD      | LINO-Delicateses                   |                     1073.9000 |
|   10729 | LINOD      | LINO-Delicateses                   |                     1850.0000 |
|   10811 | LINOD      | LINO-Delicateses                   |                      852.0000 |
|   10838 | LINOD      | LINO-Delicateses                   |                     2584.5000 |
|   10840 | LINOD      | LINO-Delicateses                   |                      264.0000 |
|   10919 | LINOD      | LINO-Delicateses                   |                     1122.8000 |
|   10954 | LINOD      | LINO-Delicateses                   |                     1902.1000 |
|   11014 | LINOD      | LINO-Delicateses                   |                      270.2000 |
|   11039 | LINOD      | LINO-Delicateses                   |                     3090.0000 |
|   10307 | LONEP      | Lonesome Pine Restaurant           |                      424.0000 |
|   10317 | LONEP      | Lonesome Pine Restaurant           |                      288.0000 |
|   10544 | LONEP      | Lonesome Pine Restaurant           |                      417.2000 |
|   10662 | LONEP      | Lonesome Pine Restaurant           |                      125.0000 |
|   10665 | LONEP      | Lonesome Pine Restaurant           |                     1295.0000 |
|   10867 | LONEP      | Lonesome Pine Restaurant           |                       98.4000 |
|   10883 | LONEP      | Lonesome Pine Restaurant           |                       36.0000 |
|   11018 | LONEP      | Lonesome Pine Restaurant           |                     1575.0000 |
|   10275 | MAGAA      | Magazzini Alimentari Riuniti       |                      307.2000 |
|   10300 | MAGAA      | Magazzini Alimentari Riuniti       |                      608.0000 |
|   10404 | MAGAA      | Magazzini Alimentari Riuniti       |                     1675.0000 |
|   10467 | MAGAA      | Magazzini Alimentari Riuniti       |                      235.2000 |
|   10635 | MAGAA      | Magazzini Alimentari Riuniti       |                     1380.2500 |
|   10754 | MAGAA      | Magazzini Alimentari Riuniti       |                       55.2000 |
|   10784 | MAGAA      | Magazzini Alimentari Riuniti       |                     1650.0000 |
|   10818 | MAGAA      | Magazzini Alimentari Riuniti       |                      833.0000 |
|   10939 | MAGAA      | Magazzini Alimentari Riuniti       |                      750.0000 |
|   10950 | MAGAA      | Magazzini Alimentari Riuniti       |                      110.0000 |
|   10529 | MAISD      | Maison Dewey                       |                      946.0000 |
|   10649 | MAISD      | Maison Dewey                       |                     1434.0000 |
|   10760 | MAISD      | Maison Dewey                       |                     3304.0000 |
|   10892 | MAISD      | Maison Dewey                       |                     2200.0000 |
|   10896 | MAISD      | Maison Dewey                       |                      750.5000 |
|   10978 | MAISD      | Maison Dewey                       |                     1500.7000 |
|   11004 | MAISD      | Maison Dewey                       |                      295.3800 |
|   10332 | MEREP      | Mre Paillarde                      |                     2233.6000 |
|   10339 | MEREP      | Mre Paillarde                      |                     3463.2000 |
|   10376 | MEREP      | Mre Paillarde                      |                      420.0000 |
|   10424 | MEREP      | Mre Paillarde                      |                    11493.2000 |
|   10439 | MEREP      | Mre Paillarde                      |                     1078.0000 |
|   10505 | MEREP      | Mre Paillarde                      |                      147.9000 |
|   10565 | MEREP      | Mre Paillarde                      |                      711.0000 |
|   10570 | MEREP      | Mre Paillarde                      |                     2595.0000 |
|   10590 | MEREP      | Mre Paillarde                      |                     1140.0000 |
|   10605 | MEREP      | Mre Paillarde                      |                     4326.0000 |
|   10618 | MEREP      | Mre Paillarde                      |                     2697.5000 |
|   10619 | MEREP      | Mre Paillarde                      |                     1260.0000 |
|   10724 | MEREP      | Mre Paillarde                      |                      638.5000 |
|   10277 | MORGK      | Morgenstern Gesundkost             |                     1200.8000 |
|   10575 | MORGK      | Morgenstern Gesundkost             |                     2147.4000 |
|   10699 | MORGK      | Morgenstern Gesundkost             |                      114.0000 |
|   10779 | MORGK      | Morgenstern Gesundkost             |                     1335.0000 |
|   10945 | MORGK      | Morgenstern Gesundkost             |                      245.0000 |
|   10517 | NORTS      | North/South                        |                      352.0000 |
|   10752 | NORTS      | North/South                        |                      252.0000 |
|   11057 | NORTS      | North/South                        |                       45.0000 |
|   10409 | OCEAN      | Ocano Atlntico Ltda.               |                      319.2000 |
|   10531 | OCEAN      | Ocano Atlntico Ltda.               |                      110.0000 |
|   10898 | OCEAN      | Ocano Atlntico Ltda.               |                       30.0000 |
|   10958 | OCEAN      | Ocano Atlntico Ltda.               |                      781.0000 |
|   10986 | OCEAN      | Ocano Atlntico Ltda.               |                     2220.0000 |
|   10305 | OLDWO      | Old World Delicatessen             |                     4157.0000 |
|   10338 | OLDWO      | Old World Delicatessen             |                      934.5000 |
|   10441 | OLDWO      | Old World Delicatessen             |                     1755.0000 |
|   10594 | OLDWO      | Old World Delicatessen             |                      565.5000 |
|   10680 | OLDWO      | Old World Delicatessen             |                     1682.5000 |
|   10706 | OLDWO      | Old World Delicatessen             |                     1893.0000 |
|   10808 | OLDWO      | Old World Delicatessen             |                     1660.0000 |
|   10855 | OLDWO      | Old World Delicatessen             |                     2275.2500 |
|   10965 | OLDWO      | Old World Delicatessen             |                      848.0000 |
|   11034 | OLDWO      | Old World Delicatessen             |                      554.4000 |
|   10260 | OTTIK      | Ottilies Kseladen                  |                     1746.2000 |
|   10407 | OTTIK      | Ottilies Kseladen                  |                     1194.0000 |
|   10508 | OTTIK      | Ottilies Kseladen                  |                      240.0000 |
|   10554 | OTTIK      | Ottilies Kseladen                  |                     1819.5000 |
|   10580 | OTTIK      | Ottilies Kseladen                  |                     1067.1000 |
|   10684 | OTTIK      | Ottilies Kseladen                  |                     1768.0000 |
|   10766 | OTTIK      | Ottilies Kseladen                  |                     2310.0000 |
|   10833 | OTTIK      | Ottilies Kseladen                  |                     1007.7000 |
|   10999 | OTTIK      | Ottilies Kseladen                  |                     1261.0000 |
|   11020 | OTTIK      | Ottilies Kseladen                  |                      744.0000 |
|   10322 | PERIC      | Pericles Comidas clsicas           |                      112.0000 |
|   10354 | PERIC      | Pericles Comidas clsicas           |                      568.8000 |
|   10474 | PERIC      | Pericles Comidas clsicas           |                     1249.1000 |
|   10502 | PERIC      | Pericles Comidas clsicas           |                      816.3000 |
|   10995 | PERIC      | Pericles Comidas clsicas           |                     1196.0000 |
|   11073 | PERIC      | Pericles Comidas clsicas           |                      300.0000 |
|   10353 | PICCO      | Piccolo und mehr                   |                    10741.6000 |
|   10392 | PICCO      | Piccolo und mehr                   |                     1440.0000 |
|   10427 | PICCO      | Piccolo und mehr                   |                      651.0000 |
|   10489 | PICCO      | Piccolo und mehr                   |                      502.2000 |
|   10530 | PICCO      | Piccolo und mehr                   |                     4180.0000 |
|   10597 | PICCO      | Piccolo und mehr                   |                      800.1000 |
|   10686 | PICCO      | Piccolo und mehr                   |                     1638.4500 |
|   10747 | PICCO      | Piccolo und mehr                   |                     1912.8500 |
|   10844 | PICCO      | Piccolo und mehr                   |                      735.0000 |
|   11053 | PICCO      | Piccolo und mehr                   |                     3658.7500 |
|   10336 | PRINI      | Princesa Isabel Vinhos             |                      316.8000 |
|   10397 | PRINI      | Princesa Isabel Vinhos             |                      843.2000 |
|   10433 | PRINI      | Princesa Isabel Vinhos             |                      851.2000 |
|   10477 | PRINI      | Princesa Isabel Vinhos             |                      672.0000 |
|   11007 | PRINI      | Princesa Isabel Vinhos             |                     2633.9000 |
|   10261 | QUEDE      | Que Delcia                         |                      448.0000 |
|   10291 | QUEDE      | Que Delcia                         |                      552.8000 |
|   10379 | QUEDE      | Que Delcia                         |                      959.2000 |
|   10421 | QUEDE      | Que Delcia                         |                     1273.2000 |
|   10587 | QUEDE      | Que Delcia                         |                      807.3800 |
|   10647 | QUEDE      | Que Delcia                         |                      636.0000 |
|   10720 | QUEDE      | Que Delcia                         |                      550.0000 |
|   10794 | QUEDE      | Que Delcia                         |                      393.4500 |
|   10989 | QUEDE      | Que Delcia                         |                     1353.6000 |
|   10372 | QUEEN      | Queen Cozinha                      |                    12281.2000 |
|   10406 | QUEEN      | Queen Cozinha                      |                     2018.2000 |
|   10487 | QUEEN      | Queen Cozinha                      |                      925.1000 |
|   10637 | QUEEN      | Queen Cozinha                      |                     2896.2500 |
|   10659 | QUEEN      | Queen Cozinha                      |                     1291.6000 |
|   10704 | QUEEN      | Queen Cozinha                      |                      595.5000 |
|   10728 | QUEEN      | Queen Cozinha                      |                     1296.7500 |
|   10786 | QUEEN      | Queen Cozinha                      |                     1913.8500 |
|   10868 | QUEEN      | Queen Cozinha                      |                     2004.6000 |
|   10913 | QUEEN      | Queen Cozinha                      |                      958.7500 |
|   10914 | QUEEN      | Queen Cozinha                      |                      537.5000 |
|   10961 | QUEEN      | Queen Cozinha                      |                     1122.0000 |
|   11068 | QUEEN      | Queen Cozinha                      |                     2384.8000 |
|   10273 | QUICK      | QUICK-Stop                         |                     2142.4000 |
|   10285 | QUICK      | QUICK-Stop                         |                     2179.2000 |
|   10286 | QUICK      | QUICK-Stop                         |                     3016.0000 |
|   10313 | QUICK      | QUICK-Stop                         |                      182.4000 |
|   10345 | QUICK      | QUICK-Stop                         |                     2924.8000 |
|   10361 | QUICK      | QUICK-Stop                         |                     2273.6000 |
|   10418 | QUICK      | QUICK-Stop                         |                     1814.8000 |
|   10451 | QUICK      | QUICK-Stop                         |                     4277.4000 |
|   10515 | QUICK      | QUICK-Stop                         |                    10588.5000 |
|   10527 | QUICK      | QUICK-Stop                         |                     1670.0000 |
|   10540 | QUICK      | QUICK-Stop                         |                    10191.7000 |
|   10549 | QUICK      | QUICK-Stop                         |                     4181.5000 |
|   10588 | QUICK      | QUICK-Stop                         |                     3900.0000 |
|   10658 | QUICK      | QUICK-Stop                         |                     4668.0000 |
|   10691 | QUICK      | QUICK-Stop                         |                    10164.8000 |
|   10694 | QUICK      | QUICK-Stop                         |                     4825.0000 |
|   10721 | QUICK      | QUICK-Stop                         |                      972.5000 |
|   10745 | QUICK      | QUICK-Stop                         |                     4529.8000 |
|   10765 | QUICK      | QUICK-Stop                         |                     1684.0000 |
|   10788 | QUICK      | QUICK-Stop                         |                      770.0000 |
|   10845 | QUICK      | QUICK-Stop                         |                     4059.0000 |
|   10865 | QUICK      | QUICK-Stop                         |                    17250.0000 |
|   10878 | QUICK      | QUICK-Stop                         |                     1620.0000 |
|   10938 | QUICK      | QUICK-Stop                         |                     3642.5000 |
|   10962 | QUICK      | QUICK-Stop                         |                     3584.0000 |
|   10991 | QUICK      | QUICK-Stop                         |                     2870.0000 |
|   10996 | QUICK      | QUICK-Stop                         |                      560.0000 |
|   11021 | QUICK      | QUICK-Stop                         |                     6941.4900 |
|   10448 | RANCH      | Rancho grande                      |                      443.4000 |
|   10716 | RANCH      | Rancho grande                      |                      706.0000 |
|   10828 | RANCH      | Rancho grande                      |                      932.0000 |
|   10916 | RANCH      | Rancho grande                      |                      686.7000 |
|   11019 | RANCH      | Rancho grande                      |                       76.0000 |
|   10262 | RATTC      | Rattlesnake Canyon Grocery         |                      624.8000 |
|   10272 | RATTC      | Rattlesnake Canyon Grocery         |                     1456.0000 |
|   10294 | RATTC      | Rattlesnake Canyon Grocery         |                     1887.6000 |
|   10314 | RATTC      | Rattlesnake Canyon Grocery         |                     2327.0000 |
|   10316 | RATTC      | Rattlesnake Canyon Grocery         |                     2835.0000 |
|   10346 | RATTC      | Rattlesnake Canyon Grocery         |                     1731.2000 |
|   10401 | RATTC      | Rattlesnake Canyon Grocery         |                     3868.6000 |
|   10479 | RATTC      | Rattlesnake Canyon Grocery         |                    10495.6000 |
|   10564 | RATTC      | Rattlesnake Canyon Grocery         |                     1299.0000 |
|   10569 | RATTC      | Rattlesnake Canyon Grocery         |                      977.5000 |
|   10598 | RATTC      | Rattlesnake Canyon Grocery         |                     2388.5000 |
|   10761 | RATTC      | Rattlesnake Canyon Grocery         |                      629.5000 |
|   10820 | RATTC      | Rattlesnake Canyon Grocery         |                     1140.0000 |
|   10852 | RATTC      | Rattlesnake Canyon Grocery         |                     2984.0000 |
|   10889 | RATTC      | Rattlesnake Canyon Grocery         |                    11380.0000 |
|   10988 | RATTC      | Rattlesnake Canyon Grocery         |                     3772.0000 |
|   11000 | RATTC      | Rattlesnake Canyon Grocery         |                     1075.0000 |
|   11077 | RATTC      | Rattlesnake Canyon Grocery         |                     1374.6000 |
|   10288 | REGGC      | Reggiani Caseifici                 |                       89.0000 |
|   10428 | REGGC      | Reggiani Caseifici                 |                      192.0000 |
|   10443 | REGGC      | Reggiani Caseifici                 |                      537.6000 |
|   10562 | REGGC      | Reggiani Caseifici                 |                      543.0000 |
|   10586 | REGGC      | Reggiani Caseifici                 |                       28.0000 |
|   10655 | REGGC      | Reggiani Caseifici                 |                      193.0000 |
|   10727 | REGGC      | Reggiani Caseifici                 |                     1710.0000 |
|   10812 | REGGC      | Reggiani Caseifici                 |                     1852.0000 |
|   10908 | REGGC      | Reggiani Caseifici                 |                      698.0000 |
|   10942 | REGGC      | Reggiani Caseifici                 |                      560.0000 |
|   11010 | REGGC      | Reggiani Caseifici                 |                      645.0000 |
|   11062 | REGGC      | Reggiani Caseifici                 |                      508.0000 |
|   10287 | RICAR      | Ricardo Adocicados                 |                      924.0000 |
|   10299 | RICAR      | Ricardo Adocicados                 |                      349.5000 |
|   10447 | RICAR      | Ricardo Adocicados                 |                      914.4000 |
|   10481 | RICAR      | Ricardo Adocicados                 |                     1472.0000 |
|   10563 | RICAR      | Ricardo Adocicados                 |                      965.0000 |
|   10622 | RICAR      | Ricardo Adocicados                 |                      605.0000 |
|   10648 | RICAR      | Ricardo Adocicados                 |                      382.5000 |
|   10813 | RICAR      | Ricardo Adocicados                 |                      648.0000 |
|   10851 | RICAR      | Ricardo Adocicados                 |                     2740.0000 |
|   10877 | RICAR      | Ricardo Adocicados                 |                     2086.0000 |
|   11059 | RICAR      | Ricardo Adocicados                 |                     1838.0000 |
|   10255 | RICSU      | Richter Supermarkt                 |                     2490.5000 |
|   10419 | RICSU      | Richter Supermarkt                 |                     2208.0000 |
|   10537 | RICSU      | Richter Supermarkt                 |                     1823.8000 |
|   10666 | RICSU      | Richter Supermarkt                 |                     4666.9400 |
|   10751 | RICSU      | Richter Supermarkt                 |                     1701.4600 |
|   10758 | RICSU      | Richter Supermarkt                 |                     1644.6000 |
|   10931 | RICSU      | Richter Supermarkt                 |                      837.0000 |
|   10951 | RICSU      | Richter Supermarkt                 |                      482.9000 |
|   11033 | RICSU      | Richter Supermarkt                 |                     3592.0000 |
|   11075 | RICSU      | Richter Supermarkt                 |                      586.0000 |
|   10281 | ROMEY      | Romero y tomillo                   |                       86.5000 |
|   10282 | ROMEY      | Romero y tomillo                   |                      155.4000 |
|   10306 | ROMEY      | Romero y tomillo                   |                      498.5000 |
|   10917 | ROMEY      | Romero y tomillo                   |                      365.8900 |
|   11013 | ROMEY      | Romero y tomillo                   |                      361.0000 |
|   10387 | SANTG      | Sant Gourmet                       |                     1058.4000 |
|   10520 | SANTG      | Sant Gourmet                       |                      200.0000 |
|   10639 | SANTG      | Sant Gourmet                       |                      500.0000 |
|   10831 | SANTG      | Sant Gourmet                       |                     2684.4000 |
|   10909 | SANTG      | Sant Gourmet                       |                      670.0000 |
|   11015 | SANTG      | Sant Gourmet                       |                      622.3500 |
|   10324 | SAVEA      | Save-a-lot Markets                 |                     6155.9000 |
|   10393 | SAVEA      | Save-a-lot Markets                 |                     3302.6000 |
|   10398 | SAVEA      | Save-a-lot Markets                 |                     2736.0000 |
|   10440 | SAVEA      | Save-a-lot Markets                 |                     5793.1000 |
|   10452 | SAVEA      | Save-a-lot Markets                 |                     2096.0000 |
|   10510 | SAVEA      | Save-a-lot Markets                 |                     4735.4400 |
|   10555 | SAVEA      | Save-a-lot Markets                 |                     3680.5000 |
|   10603 | SAVEA      | Save-a-lot Markets                 |                     1508.0000 |
|   10607 | SAVEA      | Save-a-lot Markets                 |                     6475.4000 |
|   10612 | SAVEA      | Save-a-lot Markets                 |                     6375.0000 |
|   10627 | SAVEA      | Save-a-lot Markets                 |                     1264.5000 |
|   10657 | SAVEA      | Save-a-lot Markets                 |                     4371.6000 |
|   10678 | SAVEA      | Save-a-lot Markets                 |                     5256.5000 |
|   10700 | SAVEA      | Save-a-lot Markets                 |                     2048.0000 |
|   10711 | SAVEA      | Save-a-lot Markets                 |                     4451.7000 |
|   10713 | SAVEA      | Save-a-lot Markets                 |                     2827.9000 |
|   10714 | SAVEA      | Save-a-lot Markets                 |                     2941.0000 |
|   10722 | SAVEA      | Save-a-lot Markets                 |                     1570.0000 |
|   10748 | SAVEA      | Save-a-lot Markets                 |                     2196.0000 |
|   10757 | SAVEA      | Save-a-lot Markets                 |                     3082.0000 |
|   10815 | SAVEA      | Save-a-lot Markets                 |                       40.0000 |
|   10847 | SAVEA      | Save-a-lot Markets                 |                     6164.9000 |
|   10882 | SAVEA      | Save-a-lot Markets                 |                      988.4000 |
|   10894 | SAVEA      | Save-a-lot Markets                 |                     2898.0000 |
|   10941 | SAVEA      | Save-a-lot Markets                 |                     4769.0000 |
|   10983 | SAVEA      | Save-a-lot Markets                 |                      796.5000 |
|   10984 | SAVEA      | Save-a-lot Markets                 |                     1809.7500 |
|   11002 | SAVEA      | Save-a-lot Markets                 |                     1902.0000 |
|   11030 | SAVEA      | Save-a-lot Markets                 |                    16321.9000 |
|   11031 | SAVEA      | Save-a-lot Markets                 |                     2393.5000 |
|   11064 | SAVEA      | Save-a-lot Markets                 |                     4722.3000 |
|   10359 | SEVES      | Seven Seas Imports                 |                     3654.4000 |
|   10377 | SEVES      | Seven Seas Imports                 |                     1016.0000 |
|   10388 | SEVES      | Seven Seas Imports                 |                     1274.0000 |
|   10472 | SEVES      | Seven Seas Imports                 |                     1051.2000 |
|   10523 | SEVES      | Seven Seas Imports                 |                     2715.9000 |
|   10547 | SEVES      | Seven Seas Imports                 |                     1908.0000 |
|   10800 | SEVES      | Seven Seas Imports                 |                     1632.1500 |
|   10804 | SEVES      | Seven Seas Imports                 |                     2290.4000 |
|   10869 | SEVES      | Seven Seas Imports                 |                     1630.0000 |
|   10341 | SIMOB      | Simons bistro                      |                      412.0000 |
|   10417 | SIMOB      | Simons bistro                      |                    11283.2000 |
|   10556 | SIMOB      | Simons bistro                      |                      835.2000 |
|   10642 | SIMOB      | Simons bistro                      |                      870.0000 |
|   10669 | SIMOB      | Simons bistro                      |                      570.0000 |
|   10802 | SIMOB      | Simons bistro                      |                     3923.7500 |
|   11074 | SIMOB      | Simons bistro                      |                      244.3000 |
|   10738 | SPECD      | Spcialits du monde                 |                       52.3500 |
|   10907 | SPECD      | Spcialits du monde                 |                      108.5000 |
|   10964 | SPECD      | Spcialits du monde                 |                     2052.5000 |
|   11043 | SPECD      | Spcialits du monde                 |                      210.0000 |
|   10271 | SPLIR      | Split Rail Beer & Ale              |                       48.0000 |
|   10329 | SPLIR      | Split Rail Beer & Ale              |                     4819.4000 |
|   10349 | SPLIR      | Split Rail Beer & Ale              |                      141.6000 |
|   10369 | SPLIR      | Split Rail Beer & Ale              |                     2527.2000 |
|   10385 | SPLIR      | Split Rail Beer & Ale              |                      864.0000 |
|   10432 | SPLIR      | Split Rail Beer & Ale              |                      485.0000 |
|   10756 | SPLIR      | Split Rail Beer & Ale              |                     2487.5000 |
|   10821 | SPLIR      | Split Rail Beer & Ale              |                      678.0000 |
|   10974 | SPLIR      | Split Rail Beer & Ale              |                      439.0000 |
|   10252 | SUPRD      | Suprmes dlices                     |                     3730.0000 |
|   10302 | SUPRD      | Suprmes dlices                     |                     2708.8000 |
|   10458 | SUPRD      | Suprmes dlices                     |                     3891.0000 |
|   10463 | SUPRD      | Suprmes dlices                     |                      713.3000 |
|   10475 | SUPRD      | Suprmes dlices                     |                     1770.8000 |
|   10767 | SUPRD      | Suprmes dlices                     |                       28.0000 |
|   10841 | SUPRD      | Suprmes dlices                     |                     4581.0000 |
|   10846 | SUPRD      | Suprmes dlices                     |                     1112.0000 |
|   10885 | SUPRD      | Suprmes dlices                     |                     1209.0000 |
|   10930 | SUPRD      | Suprmes dlices                     |                     2455.0000 |
|   11035 | SUPRD      | Suprmes dlices                     |                     1754.5000 |
|   11038 | SUPRD      | Suprmes dlices                     |                      751.0000 |
|   10310 | THEBI      | The Big Cheese                     |                      336.0000 |
|   10708 | THEBI      | The Big Cheese                     |                      180.4000 |
|   10805 | THEBI      | The Big Cheese                     |                     2775.0000 |
|   10992 | THEBI      | The Big Cheese                     |                       69.6000 |
|   10624 | THECR      | The Cracker Box                    |                     1393.2400 |
|   10775 | THECR      | The Cracker Box                    |                      228.0000 |
|   11003 | THECR      | The Cracker Box                    |                      326.0000 |
|   10438 | TOMSP      | Toms Spezialitten                  |                      567.5000 |
|   10446 | TOMSP      | Toms Spezialitten                  |                      273.6000 |
|   10548 | TOMSP      | Toms Spezialitten                  |                      275.1000 |
|   10608 | TOMSP      | Toms Spezialitten                  |                     1064.0000 |
|   10967 | TOMSP      | Toms Spezialitten                  |                      910.4000 |
|   10276 | TORTU      | Tortuga Restaurante                |                      420.0000 |
|   10293 | TORTU      | Tortuga Restaurante                |                      848.7000 |
|   10304 | TORTU      | Tortuga Restaurante                |                      954.4000 |
|   10319 | TORTU      | Tortuga Restaurante                |                     1191.2000 |
|   10518 | TORTU      | Tortuga Restaurante                |                     4150.0500 |
|   10576 | TORTU      | Tortuga Restaurante                |                      838.4500 |
|   10676 | TORTU      | Tortuga Restaurante                |                      534.8500 |
|   10842 | TORTU      | Tortuga Restaurante                |                      975.0000 |
|   10915 | TORTU      | Tortuga Restaurante                |                      539.5000 |
|   11069 | TORTU      | Tortuga Restaurante                |                      360.0000 |
|   10292 | TRADH      | Tradio Hipermercados               |                     1296.0000 |
|   10496 | TRADH      | Tradio Hipermercados               |                      200.0000 |
|   10606 | TRADH      | Tradio Hipermercados               |                     1413.0000 |
|   10830 | TRADH      | Tradio Hipermercados               |                     1974.0000 |
|   10834 | TRADH      | Tradio Hipermercados               |                     1508.1200 |
|   10839 | TRADH      | Tradio Hipermercados               |                      919.5000 |
|   10574 | TRAIH      | Trail's Head Gourmet Provisioners  |                      764.3000 |
|   10577 | TRAIH      | Trail's Head Gourmet Provisioners  |                      569.0000 |
|   10822 | TRAIH      | Trail's Head Gourmet Provisioners  |                      237.9000 |
|   10367 | VAFFE      | Vaffeljernet                       |                      834.2000 |
|   10399 | VAFFE      | Vaffeljernet                       |                     1765.6000 |
|   10465 | VAFFE      | Vaffeljernet                       |                     2719.0000 |
|   10591 | VAFFE      | Vaffeljernet                       |                      812.5000 |
|   10602 | VAFFE      | Vaffeljernet                       |                       65.0000 |
|   10688 | VAFFE      | Vaffeljernet                       |                     3490.0000 |
|   10744 | VAFFE      | Vaffeljernet                       |                      920.0000 |
|   10769 | VAFFE      | Vaffeljernet                       |                     1704.0000 |
|   10921 | VAFFE      | Vaffeljernet                       |                     1936.0000 |
|   10946 | VAFFE      | Vaffeljernet                       |                     1407.5000 |
|   10994 | VAFFE      | Vaffeljernet                       |                      990.0000 |
|   10251 | VICTE      | Victuailles en stock               |                      670.8000 |
|   10334 | VICTE      | Victuailles en stock               |                      144.8000 |
|   10450 | VICTE      | Victuailles en stock               |                      531.4000 |
|   10459 | VICTE      | Victuailles en stock               |                     1688.0000 |
|   10478 | VICTE      | Victuailles en stock               |                      496.0000 |
|   10546 | VICTE      | Victuailles en stock               |                     2812.0000 |
|   10806 | VICTE      | Victuailles en stock               |                      572.1000 |
|   10814 | VICTE      | Victuailles en stock               |                     2070.0000 |
|   10843 | VICTE      | Victuailles en stock               |                      212.0000 |
|   10850 | VICTE      | Victuailles en stock               |                      740.0000 |
|   10274 | VINET      | Vins et alcools Chevalier          |                      538.6000 |
|   10295 | VINET      | Vins et alcools Chevalier          |                      121.6000 |
|   10737 | VINET      | Vins et alcools Chevalier          |                      139.8000 |
|   10739 | VINET      | Vins et alcools Chevalier          |                      240.0000 |
|   10301 | WANDK      | Die Wandernde Kuh                  |                      755.0000 |
|   10312 | WANDK      | Die Wandernde Kuh                  |                     1614.8000 |
|   10348 | WANDK      | Die Wandernde Kuh                  |                      396.0000 |
|   10356 | WANDK      | Die Wandernde Kuh                  |                     1106.4000 |
|   10513 | WANDK      | Die Wandernde Kuh                  |                     2427.5000 |
|   10632 | WANDK      | Die Wandernde Kuh                  |                      620.0000 |
|   10640 | WANDK      | Die Wandernde Kuh                  |                      945.0000 |
|   10651 | WANDK      | Die Wandernde Kuh                  |                      530.4000 |
|   10668 | WANDK      | Die Wandernde Kuh                  |                      694.7500 |
|   11046 | WANDK      | Die Wandernde Kuh                  |                     1564.0000 |
|   10266 | WARTH      | Wartian Herkku                     |                      364.8000 |
|   10270 | WARTH      | Wartian Herkku                     |                     1376.0000 |
|   10320 | WARTH      | Wartian Herkku                     |                      516.0000 |
|   10333 | WARTH      | Wartian Herkku                     |                      954.0000 |
|   10412 | WARTH      | Wartian Herkku                     |                      372.0000 |
|   10416 | WARTH      | Wartian Herkku                     |                      720.0000 |
|   10437 | WARTH      | Wartian Herkku                     |                      393.0000 |
|   10455 | WARTH      | Wartian Herkku                     |                     2684.0000 |
|   10526 | WARTH      | Wartian Herkku                     |                     1344.0000 |
|   10553 | WARTH      | Wartian Herkku                     |                     1546.3000 |
|   10583 | WARTH      | Wartian Herkku                     |                     2413.9000 |
|   10636 | WARTH      | Wartian Herkku                     |                      629.5000 |
|   10750 | WARTH      | Wartian Herkku                     |                     1871.2500 |
|   10781 | WARTH      | Wartian Herkku                     |                     1132.3500 |
|   11025 | WARTH      | Wartian Herkku                     |                      300.0000 |
|   10256 | WELLI      | Wellington Importadora             |                      517.8000 |
|   10420 | WELLI      | Wellington Importadora             |                     1897.6000 |
|   10585 | WELLI      | Wellington Importadora             |                      142.5000 |
|   10644 | WELLI      | Wellington Importadora             |                     1422.0000 |
|   10803 | WELLI      | Wellington Importadora             |                     1255.8000 |
|   10809 | WELLI      | Wellington Importadora             |                      140.0000 |
|   10900 | WELLI      | Wellington Importadora             |                       45.0000 |
|   10905 | WELLI      | Wellington Importadora             |                      360.0000 |
|   10935 | WELLI      | Wellington Importadora             |                      700.0000 |
|   10269 | WHITC      | White Clover Markets               |                      676.0000 |
|   10344 | WHITC      | White Clover Markets               |                     2856.0000 |
|   10469 | WHITC      | White Clover Markets               |                     1125.5000 |
|   10483 | WHITC      | White Clover Markets               |                      704.0000 |
|   10504 | WHITC      | White Clover Markets               |                     1388.5000 |
|   10596 | WHITC      | White Clover Markets               |                     1476.1000 |
|   10693 | WHITC      | White Clover Markets               |                     2334.0000 |
|   10696 | WHITC      | White Clover Markets               |                      996.0000 |
|   10723 | WHITC      | White Clover Markets               |                      468.4500 |
|   10740 | WHITC      | White Clover Markets               |                     1770.0000 |
|   10861 | WHITC      | White Clover Markets               |                     3523.4000 |
|   10904 | WHITC      | White Clover Markets               |                     1924.2500 |
|   11032 | WHITC      | White Clover Markets               |                     8902.5000 |
|   11066 | WHITC      | White Clover Markets               |                      928.7500 |
|   10615 | WILMK      | Wilman Kala                        |                      120.0000 |
|   10673 | WILMK      | Wilman Kala                        |                      412.3500 |
|   10695 | WILMK      | Wilman Kala                        |                      642.0000 |
|   10873 | WILMK      | Wilman Kala                        |                      336.8000 |
|   10879 | WILMK      | Wilman Kala                        |                      611.3000 |
|   10910 | WILMK      | Wilman Kala                        |                      452.9000 |
|   11005 | WILMK      | Wilman Kala                        |                      586.0000 |
|   10374 | WOLZA      | Wolski  Zajazd                     |                      459.0000 |
|   10611 | WOLZA      | Wolski  Zajazd                     |                      808.0000 |
|   10792 | WOLZA      | Wolski  Zajazd                     |                      399.8500 |
|   10870 | WOLZA      | Wolski  Zajazd                     |                      160.0000 |
|   10906 | WOLZA      | Wolski  Zajazd                     |                      427.5000 |
|   10998 | WOLZA      | Wolski  Zajazd                     |                      686.0000 |
|   11044 | WOLZA      | Wolski  Zajazd                     |                      591.6000 |
+---------+------------+------------------------------------+-------------------------------+
828 rows in set (0.0525 sec)

 MySQL  localhost:3306  profenorthwind  SQL > select b.orderid, a.customerid, a.companyname, sum(c.quantity * c.unitprice) from customers a inner join orders b on a.customerid = b.customerid inner join orderdetails c on b.orderid = c.orderid group by a.customerid;
+---------+------------+------------------------------------+-------------------------------+
| orderid | customerid | companyname                        | sum(c.quantity * c.unitprice) |
+---------+------------+------------------------------------+-------------------------------+
|   10643 | ALFKI      | Alfreds Futterkiste                |                     4596.2000 |
|   10308 | ANATR      | Ana Trujillo Emparedados y helados |                     1402.9500 |
|   10365 | ANTON      | Antonio Moreno Taquera             |                     7515.3500 |
|   10355 | AROUT      | Around the Horn                    |                    13806.5000 |
|   10278 | BERGS      | Berglunds snabbkp                  |                    26968.1500 |
|   10501 | BLAUS      | Blauer See Delikatessen            |                     3239.8000 |
|   10265 | BLONP      | Blondesddsl pre et fils            |                    19088.0000 |
|   10326 | BOLID      | Blido Comidas preparadas           |                     5297.8000 |
|   10331 | BONAP      | Bon app'                           |                    23850.9500 |
|   10389 | BOTTM      | Bottom-Dollar Markets              |                    22607.7000 |
|   10289 | BSBEV      | B's Beverages                      |                     6089.9000 |
|   10521 | CACTU      | Cactus Comidas para llevar         |                     1814.8000 |
|   10259 | CENTC      | Centro comercial Moctezuma         |                      100.8000 |
|   10254 | CHOPS      | Chop-suey Chinese                  |                    12886.3000 |
|   10290 | COMMI      | Comrcio Mineiro                    |                     3810.7500 |
|   10435 | CONSH      | Consolidated Holdings              |                     1719.1000 |
|   10363 | DRACD      | Drachenblut Delikatessen           |                     3763.2100 |
|   10311 | DUMON      | Du monde entier                    |                     1615.9000 |
|   10364 | EASTC      | Eastern Connection                 |                    15033.6600 |
|   10258 | ERNSH      | Ernst Handel                       |                   113236.6800 |
|   10347 | FAMIA      | Familia Arquibaldo                 |                     4438.9000 |
|   10408 | FOLIG      | Folies gourmandes                  |                    11666.9000 |
|   10264 | FOLKO      | Folk och f HB                      |                    32555.5500 |
|   10267 | FRANK      | Frankenversand                     |                    28722.7100 |
|   10671 | FRANR      | France restauration                |                     3172.1600 |
|   10422 | FRANS      | Franchi S.p.A.                     |                     1545.7000 |
|   10328 | FURIB      | Furia Bacalhau e Frutos do Mar     |                     7151.5500 |
|   10366 | GALED      | Galera del gastrnomo               |                      836.7000 |
|   10303 | GODOS      | Godos Cocina Tpica                 |                    11830.1000 |
|   10423 | GOURL      | Gourmet Lanchonetes                |                     8702.2300 |
|   10528 | GREAL      | Great Lakes Food Market            |                    19711.1300 |
|   10268 | GROSR      | GROSELLA-Restaurante               |                     1488.7000 |
|   10250 | HANAR      | Hanari Carnes                      |                    34101.1500 |
|   10257 | HILAA      | HILARION-Abastos                   |                    23611.5800 |
|   10375 | HUNGC      | Hungry Coyote Import Store         |                     3063.2000 |
|   10298 | HUNGO      | Hungry Owl All-Night Grocers       |                    57317.3900 |
|   10315 | ISLAT      | Island Trading                     |                     6146.3000 |
|   10323 | KOENE      | Kniglich Essen                     |                    31745.7500 |
|   10858 | LACOR      | La corne d'abondance               |                     1992.0500 |
|   10350 | LAMAI      | La maison d'Asie                   |                    10272.3500 |
|   10495 | LAUGB      | Laughing Bacchus Wine Cellars      |                      522.5000 |
|   10482 | LAZYK      | Lazy K Kountry Store               |                      357.0000 |
|   10279 | LEHMS      | Lehmanns Marktstand                |                    21282.0200 |
|   10579 | LETSS      | Let's Stop N Shop                  |                     3490.0200 |
|   10283 | LILAS      | LILA-Supermercado                  |                    17825.0600 |
|   10405 | LINOD      | LINO-Delicateses                   |                    17889.5500 |
|   10307 | LONEP      | Lonesome Pine Restaurant           |                     4258.6000 |
|   10275 | MAGAA      | Magazzini Alimentari Riuniti       |                     7603.8500 |
|   10529 | MAISD      | Maison Dewey                       |                    10430.5800 |
|   10332 | MEREP      | Mre Paillarde                      |                    32203.9000 |
|   10277 | MORGK      | Morgenstern Gesundkost             |                     5042.2000 |
|   10517 | NORTS      | North/South                        |                      649.0000 |
|   10409 | OCEAN      | Ocano Atlntico Ltda.               |                     3460.2000 |
|   10305 | OLDWO      | Old World Delicatessen             |                    16325.1500 |
|   10260 | OTTIK      | Ottilies Kseladen                  |                    13157.5000 |
|   10322 | PERIC      | Pericles Comidas clsicas           |                     4242.2000 |
|   10353 | PICCO      | Piccolo und mehr                   |                    26259.9500 |
|   10336 | PRINI      | Princesa Isabel Vinhos             |                     5317.1000 |
|   10261 | QUEDE      | Que Delcia                         |                     6973.6300 |
|   10372 | QUEEN      | Queen Cozinha                      |                    30226.1000 |
|   10273 | QUICK      | QUICK-Stop                         |                   117483.3900 |
|   10448 | RANCH      | Rancho grande                      |                     2844.1000 |
|   10262 | RATTC      | Rattlesnake Canyon Grocery         |                    52245.9000 |
|   10288 | REGGC      | Reggiani Caseifici                 |                     7555.6000 |
|   10287 | RICAR      | Ricardo Adocicados                 |                    12924.4000 |
|   10255 | RICSU      | Richter Supermarkt                 |                    20033.2000 |
|   10281 | ROMEY      | Romero y tomillo                   |                     1467.2900 |
|   10387 | SANTG      | Sant Gourmet                       |                     5735.1500 |
|   10324 | SAVEA      | Save-a-lot Markets                 |                   115673.3900 |
|   10359 | SEVES      | Seven Seas Imports                 |                    17172.0500 |
|   10341 | SIMOB      | Simons bistro                      |                    18138.4500 |
|   10738 | SPECD      | Spcialits du monde                 |                     2423.3500 |
|   10271 | SPLIR      | Split Rail Beer & Ale              |                    12489.7000 |
|   10252 | SUPRD      | Suprmes dlices                     |                    24704.4000 |
|   10310 | THEBI      | The Big Cheese                     |                     3361.0000 |
|   10624 | THECR      | The Cracker Box                    |                     1947.2400 |
|   10438 | TOMSP      | Toms Spezialitten                  |                     3090.6000 |
|   10276 | TORTU      | Tortuga Restaurante                |                    10812.1500 |
|   10292 | TRADH      | Tradio Hipermercados               |                     7310.6200 |
|   10574 | TRAIH      | Trail's Head Gourmet Provisioners  |                     1571.2000 |
|   10367 | VAFFE      | Vaffeljernet                       |                    16643.8000 |
|   10251 | VICTE      | Victuailles en stock               |                     9937.1000 |
|   10274 | VINET      | Vins et alcools Chevalier          |                     1040.0000 |
|   10301 | WANDK      | Die Wandernde Kuh                  |                    10653.8500 |
|   10266 | WARTH      | Wartian Herkku                     |                    16617.1000 |
|   10256 | WELLI      | Wellington Importadora             |                     6480.7000 |
|   10269 | WHITC      | White Clover Markets               |                    29073.4500 |
|   10615 | WILMK      | Wilman Kala                        |                     3161.3500 |
|   10374 | WOLZA      | Wolski  Zajazd                     |                     3531.9500 |
+---------+------------+------------------------------------+-------------------------------+
89 rows in set (0.0035 sec)

 MySQL  localhost:3306  profenorthwind  SQL > select b.orderid, a.customerid, a.companyname, max(sum(c.quantity * c.unitprice)) from customers a inner join orders b on a.customerid = b.customerid inner join orderdetails c on b.orderid = c.orderid group by a.customerid;
ERROR: 1111 (HY000): Invalid use of group function

 MySQL  localhost:3306  profenorthwind  SQL > select b.orderid, a.customerid, a.companyname, max(sum(c.quantity * c.unitprice)) from customers a inner join orders b on a.customerid = b.customerid inner join orderdetails c on b.orderid = c.orderid groupby a.customerid;
ERROR: 1064 (42000): You have an error in your SQL syntax; check the manual that corresponds to your MySQL server version for the right syntax to use near 'groupby a.customerid' at line 1

 MySQL  localhost:3306  profenorthwind  SQL > select b.orderid, a.customerid, a.companyname, max(sum(c.quantity * c.unitprice)) from customers a inner join orders b on a.customerid = b.customerid inner join orderdetails c on b.orderid = c.orderid group by a.customerid;
ERROR: 1111 (HY000): Invalid use of group function

 MySQL  localhost:3306  profenorthwind  SQL > select b.orderid, a.customerid, a.companyname, max(sum(c.quantity * c.unitprice)) from customers a inner join orders b on a.customerid = b.customerid inner join orderdetails c on b.orderid = c.orderid;
ERROR: 1111 (HY000): Invalid use of group function

 MySQL  localhost:3306  profenorthwind  SQL > select b.orderid, a.customerid, a.companyname, sum(c.quantity * c.unitprice) from customers a inner join orders b on a.customerid = b.customerid inner join orderdetails c on b.orderid = c.orderid group by a.customerid order by desc;
ERROR: 1064 (42000): You have an error in your SQL syntax; check the manual that corresponds to your MySQL server version for the right syntax to use near 'desc' at line 1

 MySQL  localhost:3306  profenorthwind  SQL > select b.orderid, a.customerid, a.companyname, sum(c.quantity * c.unitprice) from customers a inner join orders b on a.customerid = b.customerid inner join orderdetails c on b.orderid = c.orderid group by a.customerid order by sum(c.quantity * c.unitprice);
+---------+------------+------------------------------------+-------------------------------+
| orderid | customerid | companyname                        | sum(c.quantity * c.unitprice) |
+---------+------------+------------------------------------+-------------------------------+
|   10259 | CENTC      | Centro comercial Moctezuma         |                      100.8000 |
|   10482 | LAZYK      | Lazy K Kountry Store               |                      357.0000 |
|   10495 | LAUGB      | Laughing Bacchus Wine Cellars      |                      522.5000 |
|   10517 | NORTS      | North/South                        |                      649.0000 |
|   10366 | GALED      | Galera del gastrnomo               |                      836.7000 |
|   10274 | VINET      | Vins et alcools Chevalier          |                     1040.0000 |
|   10308 | ANATR      | Ana Trujillo Emparedados y helados |                     1402.9500 |
|   10281 | ROMEY      | Romero y tomillo                   |                     1467.2900 |
|   10268 | GROSR      | GROSELLA-Restaurante               |                     1488.7000 |
|   10422 | FRANS      | Franchi S.p.A.                     |                     1545.7000 |
|   10574 | TRAIH      | Trail's Head Gourmet Provisioners  |                     1571.2000 |
|   10311 | DUMON      | Du monde entier                    |                     1615.9000 |
|   10435 | CONSH      | Consolidated Holdings              |                     1719.1000 |
|   10521 | CACTU      | Cactus Comidas para llevar         |                     1814.8000 |
|   10624 | THECR      | The Cracker Box                    |                     1947.2400 |
|   10858 | LACOR      | La corne d'abondance               |                     1992.0500 |
|   10738 | SPECD      | Spcialits du monde                 |                     2423.3500 |
|   10448 | RANCH      | Rancho grande                      |                     2844.1000 |
|   10375 | HUNGC      | Hungry Coyote Import Store         |                     3063.2000 |
|   10438 | TOMSP      | Toms Spezialitten                  |                     3090.6000 |
|   10615 | WILMK      | Wilman Kala                        |                     3161.3500 |
|   10671 | FRANR      | France restauration                |                     3172.1600 |
|   10501 | BLAUS      | Blauer See Delikatessen            |                     3239.8000 |
|   10310 | THEBI      | The Big Cheese                     |                     3361.0000 |
|   10409 | OCEAN      | Ocano Atlntico Ltda.               |                     3460.2000 |
|   10579 | LETSS      | Let's Stop N Shop                  |                     3490.0200 |
|   10374 | WOLZA      | Wolski  Zajazd                     |                     3531.9500 |
|   10363 | DRACD      | Drachenblut Delikatessen           |                     3763.2100 |
|   10290 | COMMI      | Comrcio Mineiro                    |                     3810.7500 |
|   10322 | PERIC      | Pericles Comidas clsicas           |                     4242.2000 |
|   10307 | LONEP      | Lonesome Pine Restaurant           |                     4258.6000 |
|   10347 | FAMIA      | Familia Arquibaldo                 |                     4438.9000 |
|   10643 | ALFKI      | Alfreds Futterkiste                |                     4596.2000 |
|   10277 | MORGK      | Morgenstern Gesundkost             |                     5042.2000 |
|   10326 | BOLID      | Blido Comidas preparadas           |                     5297.8000 |
|   10336 | PRINI      | Princesa Isabel Vinhos             |                     5317.1000 |
|   10387 | SANTG      | Sant Gourmet                       |                     5735.1500 |
|   10289 | BSBEV      | B's Beverages                      |                     6089.9000 |
|   10315 | ISLAT      | Island Trading                     |                     6146.3000 |
|   10256 | WELLI      | Wellington Importadora             |                     6480.7000 |
|   10261 | QUEDE      | Que Delcia                         |                     6973.6300 |
|   10328 | FURIB      | Furia Bacalhau e Frutos do Mar     |                     7151.5500 |
|   10292 | TRADH      | Tradio Hipermercados               |                     7310.6200 |
|   10365 | ANTON      | Antonio Moreno Taquera             |                     7515.3500 |
|   10288 | REGGC      | Reggiani Caseifici                 |                     7555.6000 |
|   10275 | MAGAA      | Magazzini Alimentari Riuniti       |                     7603.8500 |
|   10423 | GOURL      | Gourmet Lanchonetes                |                     8702.2300 |
|   10251 | VICTE      | Victuailles en stock               |                     9937.1000 |
|   10350 | LAMAI      | La maison d'Asie                   |                    10272.3500 |
|   10529 | MAISD      | Maison Dewey                       |                    10430.5800 |
|   10301 | WANDK      | Die Wandernde Kuh                  |                    10653.8500 |
|   10276 | TORTU      | Tortuga Restaurante                |                    10812.1500 |
|   10408 | FOLIG      | Folies gourmandes                  |                    11666.9000 |
|   10303 | GODOS      | Godos Cocina Tpica                 |                    11830.1000 |
|   10271 | SPLIR      | Split Rail Beer & Ale              |                    12489.7000 |
|   10254 | CHOPS      | Chop-suey Chinese                  |                    12886.3000 |
|   10287 | RICAR      | Ricardo Adocicados                 |                    12924.4000 |
|   10260 | OTTIK      | Ottilies Kseladen                  |                    13157.5000 |
|   10355 | AROUT      | Around the Horn                    |                    13806.5000 |
|   10364 | EASTC      | Eastern Connection                 |                    15033.6600 |
|   10305 | OLDWO      | Old World Delicatessen             |                    16325.1500 |
|   10266 | WARTH      | Wartian Herkku                     |                    16617.1000 |
|   10367 | VAFFE      | Vaffeljernet                       |                    16643.8000 |
|   10359 | SEVES      | Seven Seas Imports                 |                    17172.0500 |
|   10283 | LILAS      | LILA-Supermercado                  |                    17825.0600 |
|   10405 | LINOD      | LINO-Delicateses                   |                    17889.5500 |
|   10341 | SIMOB      | Simons bistro                      |                    18138.4500 |
|   10265 | BLONP      | Blondesddsl pre et fils            |                    19088.0000 |
|   10528 | GREAL      | Great Lakes Food Market            |                    19711.1300 |
|   10255 | RICSU      | Richter Supermarkt                 |                    20033.2000 |
|   10279 | LEHMS      | Lehmanns Marktstand                |                    21282.0200 |
|   10389 | BOTTM      | Bottom-Dollar Markets              |                    22607.7000 |
|   10257 | HILAA      | HILARION-Abastos                   |                    23611.5800 |
|   10331 | BONAP      | Bon app'                           |                    23850.9500 |
|   10252 | SUPRD      | Suprmes dlices                     |                    24704.4000 |
|   10353 | PICCO      | Piccolo und mehr                   |                    26259.9500 |
|   10278 | BERGS      | Berglunds snabbkp                  |                    26968.1500 |
|   10267 | FRANK      | Frankenversand                     |                    28722.7100 |
|   10269 | WHITC      | White Clover Markets               |                    29073.4500 |
|   10372 | QUEEN      | Queen Cozinha                      |                    30226.1000 |
|   10323 | KOENE      | Kniglich Essen                     |                    31745.7500 |
|   10332 | MEREP      | Mre Paillarde                      |                    32203.9000 |
|   10264 | FOLKO      | Folk och f HB                      |                    32555.5500 |
|   10250 | HANAR      | Hanari Carnes                      |                    34101.1500 |
|   10262 | RATTC      | Rattlesnake Canyon Grocery         |                    52245.9000 |
|   10298 | HUNGO      | Hungry Owl All-Night Grocers       |                    57317.3900 |
|   10258 | ERNSH      | Ernst Handel                       |                   113236.6800 |
|   10324 | SAVEA      | Save-a-lot Markets                 |                   115673.3900 |
|   10273 | QUICK      | QUICK-Stop                         |                   117483.3900 |
+---------+------------+------------------------------------+-------------------------------+
89 rows in set (0.0043 sec)

 MySQL  localhost:3306  profenorthwind  SQL > select b.orderid, a.customerid, a.companyname, sum(c.quantity * c.unitprice) from customers a inner join orders b on a.customerid = b.customerid inner join orderdetails c on b.orderid = c.orderid group by a.customerid order by sum(c.quantity * c.unitprice) desc;
+---------+------------+------------------------------------+-------------------------------+
| orderid | customerid | companyname                        | sum(c.quantity * c.unitprice) |
+---------+------------+------------------------------------+-------------------------------+
|   10273 | QUICK      | QUICK-Stop                         |                   117483.3900 |
|   10324 | SAVEA      | Save-a-lot Markets                 |                   115673.3900 |
|   10258 | ERNSH      | Ernst Handel                       |                   113236.6800 |
|   10298 | HUNGO      | Hungry Owl All-Night Grocers       |                    57317.3900 |
|   10262 | RATTC      | Rattlesnake Canyon Grocery         |                    52245.9000 |
|   10250 | HANAR      | Hanari Carnes                      |                    34101.1500 |
|   10264 | FOLKO      | Folk och f HB                      |                    32555.5500 |
|   10332 | MEREP      | Mre Paillarde                      |                    32203.9000 |
|   10323 | KOENE      | Kniglich Essen                     |                    31745.7500 |
|   10372 | QUEEN      | Queen Cozinha                      |                    30226.1000 |
|   10269 | WHITC      | White Clover Markets               |                    29073.4500 |
|   10267 | FRANK      | Frankenversand                     |                    28722.7100 |
|   10278 | BERGS      | Berglunds snabbkp                  |                    26968.1500 |
|   10353 | PICCO      | Piccolo und mehr                   |                    26259.9500 |
|   10252 | SUPRD      | Suprmes dlices                     |                    24704.4000 |
|   10331 | BONAP      | Bon app'                           |                    23850.9500 |
|   10257 | HILAA      | HILARION-Abastos                   |                    23611.5800 |
|   10389 | BOTTM      | Bottom-Dollar Markets              |                    22607.7000 |
|   10279 | LEHMS      | Lehmanns Marktstand                |                    21282.0200 |
|   10255 | RICSU      | Richter Supermarkt                 |                    20033.2000 |
|   10528 | GREAL      | Great Lakes Food Market            |                    19711.1300 |
|   10265 | BLONP      | Blondesddsl pre et fils            |                    19088.0000 |
|   10341 | SIMOB      | Simons bistro                      |                    18138.4500 |
|   10405 | LINOD      | LINO-Delicateses                   |                    17889.5500 |
|   10283 | LILAS      | LILA-Supermercado                  |                    17825.0600 |
|   10359 | SEVES      | Seven Seas Imports                 |                    17172.0500 |
|   10367 | VAFFE      | Vaffeljernet                       |                    16643.8000 |
|   10266 | WARTH      | Wartian Herkku                     |                    16617.1000 |
|   10305 | OLDWO      | Old World Delicatessen             |                    16325.1500 |
|   10364 | EASTC      | Eastern Connection                 |                    15033.6600 |
|   10355 | AROUT      | Around the Horn                    |                    13806.5000 |
|   10260 | OTTIK      | Ottilies Kseladen                  |                    13157.5000 |
|   10287 | RICAR      | Ricardo Adocicados                 |                    12924.4000 |
|   10254 | CHOPS      | Chop-suey Chinese                  |                    12886.3000 |
|   10271 | SPLIR      | Split Rail Beer & Ale              |                    12489.7000 |
|   10303 | GODOS      | Godos Cocina Tpica                 |                    11830.1000 |
|   10408 | FOLIG      | Folies gourmandes                  |                    11666.9000 |
|   10276 | TORTU      | Tortuga Restaurante                |                    10812.1500 |
|   10301 | WANDK      | Die Wandernde Kuh                  |                    10653.8500 |
|   10529 | MAISD      | Maison Dewey                       |                    10430.5800 |
|   10350 | LAMAI      | La maison d'Asie                   |                    10272.3500 |
|   10251 | VICTE      | Victuailles en stock               |                     9937.1000 |
|   10423 | GOURL      | Gourmet Lanchonetes                |                     8702.2300 |
|   10275 | MAGAA      | Magazzini Alimentari Riuniti       |                     7603.8500 |
|   10288 | REGGC      | Reggiani Caseifici                 |                     7555.6000 |
|   10365 | ANTON      | Antonio Moreno Taquera             |                     7515.3500 |
|   10292 | TRADH      | Tradio Hipermercados               |                     7310.6200 |
|   10328 | FURIB      | Furia Bacalhau e Frutos do Mar     |                     7151.5500 |
|   10261 | QUEDE      | Que Delcia                         |                     6973.6300 |
|   10256 | WELLI      | Wellington Importadora             |                     6480.7000 |
|   10315 | ISLAT      | Island Trading                     |                     6146.3000 |
|   10289 | BSBEV      | B's Beverages                      |                     6089.9000 |
|   10387 | SANTG      | Sant Gourmet                       |                     5735.1500 |
|   10336 | PRINI      | Princesa Isabel Vinhos             |                     5317.1000 |
|   10326 | BOLID      | Blido Comidas preparadas           |                     5297.8000 |
|   10277 | MORGK      | Morgenstern Gesundkost             |                     5042.2000 |
|   10643 | ALFKI      | Alfreds Futterkiste                |                     4596.2000 |
|   10347 | FAMIA      | Familia Arquibaldo                 |                     4438.9000 |
|   10307 | LONEP      | Lonesome Pine Restaurant           |                     4258.6000 |
|   10322 | PERIC      | Pericles Comidas clsicas           |                     4242.2000 |
|   10290 | COMMI      | Comrcio Mineiro                    |                     3810.7500 |
|   10363 | DRACD      | Drachenblut Delikatessen           |                     3763.2100 |
|   10374 | WOLZA      | Wolski  Zajazd                     |                     3531.9500 |
|   10579 | LETSS      | Let's Stop N Shop                  |                     3490.0200 |
|   10409 | OCEAN      | Ocano Atlntico Ltda.               |                     3460.2000 |
|   10310 | THEBI      | The Big Cheese                     |                     3361.0000 |
|   10501 | BLAUS      | Blauer See Delikatessen            |                     3239.8000 |
|   10671 | FRANR      | France restauration                |                     3172.1600 |
|   10615 | WILMK      | Wilman Kala                        |                     3161.3500 |
|   10438 | TOMSP      | Toms Spezialitten                  |                     3090.6000 |
|   10375 | HUNGC      | Hungry Coyote Import Store         |                     3063.2000 |
|   10448 | RANCH      | Rancho grande                      |                     2844.1000 |
|   10738 | SPECD      | Spcialits du monde                 |                     2423.3500 |
|   10858 | LACOR      | La corne d'abondance               |                     1992.0500 |
|   10624 | THECR      | The Cracker Box                    |                     1947.2400 |
|   10521 | CACTU      | Cactus Comidas para llevar         |                     1814.8000 |
|   10435 | CONSH      | Consolidated Holdings              |                     1719.1000 |
|   10311 | DUMON      | Du monde entier                    |                     1615.9000 |
|   10574 | TRAIH      | Trail's Head Gourmet Provisioners  |                     1571.2000 |
|   10422 | FRANS      | Franchi S.p.A.                     |                     1545.7000 |
|   10268 | GROSR      | GROSELLA-Restaurante               |                     1488.7000 |
|   10281 | ROMEY      | Romero y tomillo                   |                     1467.2900 |
|   10308 | ANATR      | Ana Trujillo Emparedados y helados |                     1402.9500 |
|   10274 | VINET      | Vins et alcools Chevalier          |                     1040.0000 |
|   10366 | GALED      | Galera del gastrnomo               |                      836.7000 |
|   10517 | NORTS      | North/South                        |                      649.0000 |
|   10495 | LAUGB      | Laughing Bacchus Wine Cellars      |                      522.5000 |
|   10482 | LAZYK      | Lazy K Kountry Store               |                      357.0000 |
|   10259 | CENTC      | Centro comercial Moctezuma         |                      100.8000 |
+---------+------------+------------------------------------+-------------------------------+
89 rows in set (0.0040 sec)

 MySQL  localhost:3306  profenorthwind  SQL > select b.orderid, a.customerid, a.companyname, sum(c.quantity * c.unitprice) from customers a inner join orders b on a.customerid = b.customerid inner join orderdetails c on b.orderid = c.orderid order by sum(c.quantity * c.unitprice) desc;
+---------+------------+---------------------+-------------------------------+
| orderid | customerid | companyname         | sum(c.quantity * c.unitprice) |
+---------+------------+---------------------+-------------------------------+
|   10643 | ALFKI      | Alfreds Futterkiste |                  1352155.1900 |
+---------+------------+---------------------+-------------------------------+
1 row in set (0.0051 sec)

------------> Ejercicio 1: Cliente que ms compra

 MySQL  localhost:3306  profenorthwind  SQL >select b.orderid, a.customerid, a.companyname, sum(c.quantity * c.unitprice) from customers a inner join orders b on a.customerid = b.customerid inner join orderdetails c on b.orderid = c.orderid group by a.customerid order by sum(c.quantity * c.unitprice) desc limit 1;
+---------+------------+-------------+-------------------------------+
| orderid | customerid | companyname | sum(c.quantity * c.unitprice) |
+---------+------------+-------------+-------------------------------+
|   10273 | QUICK      | QUICK-Stop  |                   117483.3900 |
+---------+------------+-------------+-------------------------------+
1 row in set (0.0040 sec)

 MySQL  localhost:3306  profenorthwind  SQL > select b.orderid, a.customerid, a.companyname, sum(c.quantity * c.unitprice) from customers a inner join orders b on a.customerid = b.customerid inner join orderdetails c on b.orderid = c.orderid group by a.customerid order by sum(c.quantity * c.unitprice) desc;
+---------+------------+------------------------------------+-------------------------------+
| orderid | customerid | companyname                        | sum(c.quantity * c.unitprice) |
+---------+------------+------------------------------------+-------------------------------+
|   10273 | QUICK      | QUICK-Stop                         |                   117483.3900 |
|   10324 | SAVEA      | Save-a-lot Markets                 |                   115673.3900 |
|   10258 | ERNSH      | Ernst Handel                       |                   113236.6800 |
|   10298 | HUNGO      | Hungry Owl All-Night Grocers       |                    57317.3900 |
|   10262 | RATTC      | Rattlesnake Canyon Grocery         |                    52245.9000 |
|   10250 | HANAR      | Hanari Carnes                      |                    34101.1500 |
|   10264 | FOLKO      | Folk och f HB                      |                    32555.5500 |
|   10332 | MEREP      | Mre Paillarde                      |                    32203.9000 |
|   10323 | KOENE      | Kniglich Essen                     |                    31745.7500 |
|   10372 | QUEEN      | Queen Cozinha                      |                    30226.1000 |
|   10269 | WHITC      | White Clover Markets               |                    29073.4500 |
|   10267 | FRANK      | Frankenversand                     |                    28722.7100 |
|   10278 | BERGS      | Berglunds snabbkp                  |                    26968.1500 |
|   10353 | PICCO      | Piccolo und mehr                   |                    26259.9500 |
|   10252 | SUPRD      | Suprmes dlices                     |                    24704.4000 |
|   10331 | BONAP      | Bon app'                           |                    23850.9500 |
|   10257 | HILAA      | HILARION-Abastos                   |                    23611.5800 |
|   10389 | BOTTM      | Bottom-Dollar Markets              |                    22607.7000 |
|   10279 | LEHMS      | Lehmanns Marktstand                |                    21282.0200 |
|   10255 | RICSU      | Richter Supermarkt                 |                    20033.2000 |
|   10528 | GREAL      | Great Lakes Food Market            |                    19711.1300 |
|   10265 | BLONP      | Blondesddsl pre et fils            |                    19088.0000 |
|   10341 | SIMOB      | Simons bistro                      |                    18138.4500 |
|   10405 | LINOD      | LINO-Delicateses                   |                    17889.5500 |
|   10283 | LILAS      | LILA-Supermercado                  |                    17825.0600 |
|   10359 | SEVES      | Seven Seas Imports                 |                    17172.0500 |
|   10367 | VAFFE      | Vaffeljernet                       |                    16643.8000 |
|   10266 | WARTH      | Wartian Herkku                     |                    16617.1000 |
|   10305 | OLDWO      | Old World Delicatessen             |                    16325.1500 |
|   10364 | EASTC      | Eastern Connection                 |                    15033.6600 |
|   10355 | AROUT      | Around the Horn                    |                    13806.5000 |
|   10260 | OTTIK      | Ottilies Kseladen                  |                    13157.5000 |
|   10287 | RICAR      | Ricardo Adocicados                 |                    12924.4000 |
|   10254 | CHOPS      | Chop-suey Chinese                  |                    12886.3000 |
|   10271 | SPLIR      | Split Rail Beer & Ale              |                    12489.7000 |
|   10303 | GODOS      | Godos Cocina Tpica                 |                    11830.1000 |
|   10408 | FOLIG      | Folies gourmandes                  |                    11666.9000 |
|   10276 | TORTU      | Tortuga Restaurante                |                    10812.1500 |
|   10301 | WANDK      | Die Wandernde Kuh                  |                    10653.8500 |
|   10529 | MAISD      | Maison Dewey                       |                    10430.5800 |
|   10350 | LAMAI      | La maison d'Asie                   |                    10272.3500 |
|   10251 | VICTE      | Victuailles en stock               |                     9937.1000 |
|   10423 | GOURL      | Gourmet Lanchonetes                |                     8702.2300 |
|   10275 | MAGAA      | Magazzini Alimentari Riuniti       |                     7603.8500 |
|   10288 | REGGC      | Reggiani Caseifici                 |                     7555.6000 |
|   10365 | ANTON      | Antonio Moreno Taquera             |                     7515.3500 |
|   10292 | TRADH      | Tradio Hipermercados               |                     7310.6200 |
|   10328 | FURIB      | Furia Bacalhau e Frutos do Mar     |                     7151.5500 |
|   10261 | QUEDE      | Que Delcia                         |                     6973.6300 |
|   10256 | WELLI      | Wellington Importadora             |                     6480.7000 |
|   10315 | ISLAT      | Island Trading                     |                     6146.3000 |
|   10289 | BSBEV      | B's Beverages                      |                     6089.9000 |
|   10387 | SANTG      | Sant Gourmet                       |                     5735.1500 |
|   10336 | PRINI      | Princesa Isabel Vinhos             |                     5317.1000 |
|   10326 | BOLID      | Blido Comidas preparadas           |                     5297.8000 |
|   10277 | MORGK      | Morgenstern Gesundkost             |                     5042.2000 |
|   10643 | ALFKI      | Alfreds Futterkiste                |                     4596.2000 |
|   10347 | FAMIA      | Familia Arquibaldo                 |                     4438.9000 |
|   10307 | LONEP      | Lonesome Pine Restaurant           |                     4258.6000 |
|   10322 | PERIC      | Pericles Comidas clsicas           |                     4242.2000 |
|   10290 | COMMI      | Comrcio Mineiro                    |                     3810.7500 |
|   10363 | DRACD      | Drachenblut Delikatessen           |                     3763.2100 |
|   10374 | WOLZA      | Wolski  Zajazd                     |                     3531.9500 |
|   10579 | LETSS      | Let's Stop N Shop                  |                     3490.0200 |
|   10409 | OCEAN      | Ocano Atlntico Ltda.               |                     3460.2000 |
|   10310 | THEBI      | The Big Cheese                     |                     3361.0000 |
|   10501 | BLAUS      | Blauer See Delikatessen            |                     3239.8000 |
|   10671 | FRANR      | France restauration                |                     3172.1600 |
|   10615 | WILMK      | Wilman Kala                        |                     3161.3500 |
|   10438 | TOMSP      | Toms Spezialitten                  |                     3090.6000 |
|   10375 | HUNGC      | Hungry Coyote Import Store         |                     3063.2000 |
|   10448 | RANCH      | Rancho grande                      |                     2844.1000 |
|   10738 | SPECD      | Spcialits du monde                 |                     2423.3500 |
|   10858 | LACOR      | La corne d'abondance               |                     1992.0500 |
|   10624 | THECR      | The Cracker Box                    |                     1947.2400 |
|   10521 | CACTU      | Cactus Comidas para llevar         |                     1814.8000 |
|   10435 | CONSH      | Consolidated Holdings              |                     1719.1000 |
|   10311 | DUMON      | Du monde entier                    |                     1615.9000 |
|   10574 | TRAIH      | Trail's Head Gourmet Provisioners  |                     1571.2000 |
|   10422 | FRANS      | Franchi S.p.A.                     |                     1545.7000 |
|   10268 | GROSR      | GROSELLA-Restaurante               |                     1488.7000 |
|   10281 | ROMEY      | Romero y tomillo                   |                     1467.2900 |
|   10308 | ANATR      | Ana Trujillo Emparedados y helados |                     1402.9500 |
|   10274 | VINET      | Vins et alcools Chevalier          |                     1040.0000 |
|   10366 | GALED      | Galera del gastrnomo               |                      836.7000 |
|   10517 | NORTS      | North/South                        |                      649.0000 |
|   10495 | LAUGB      | Laughing Bacchus Wine Cellars      |                      522.5000 |
|   10482 | LAZYK      | Lazy K Kountry Store               |                      357.0000 |
|   10259 | CENTC      | Centro comercial Moctezuma         |                      100.8000 |
+---------+------------+------------------------------------+-------------------------------+
89 rows in set (0.0043 sec)

-------------> Ejercicio 2: Cliente que menos compra

MySQL  localhost:3306  profenorthwind  SQL >select b.orderid, a.customerid, a.companyname, sum(c.quantity * c.unitprice) from customers a inner join orders b on a.customerid = b.customerid inner join orderdetails c on b.orderid = c.orderid group by a.customerid order by sum(c.quantity * c.unitprice) asc limit 1;
+---------+------------+----------------------------+-------------------------------+
| orderid | customerid | companyname                | sum(c.quantity * c.unitprice) |
+---------+------------+----------------------------+-------------------------------+
|   10259 | CENTC      | Centro comercial Moctezuma |                      100.8000 |
+---------+------------+----------------------------+-------------------------------+
1 row in set (0.0040 sec)

 MySQL  localhost:3306  profenorthwind  SQL > select b.orderid, a.customerid, a.companyname, sum(c.quantity * c.unitprice) from customers a inner join orders b on a.customerid = b.customerid inner join orderdetails c on b.orderid = c.orderid group by a.customerid order by sum(c.quantity * c.unitprice) asc;
+---------+------------+------------------------------------+-------------------------------+
| orderid | customerid | companyname                        | sum(c.quantity * c.unitprice) |
+---------+------------+------------------------------------+-------------------------------+
|   10259 | CENTC      | Centro comercial Moctezuma         |                      100.8000 |
|   10482 | LAZYK      | Lazy K Kountry Store               |                      357.0000 |
|   10495 | LAUGB      | Laughing Bacchus Wine Cellars      |                      522.5000 |
|   10517 | NORTS      | North/South                        |                      649.0000 |
|   10366 | GALED      | Galera del gastrnomo               |                      836.7000 |
|   10274 | VINET      | Vins et alcools Chevalier          |                     1040.0000 |
|   10308 | ANATR      | Ana Trujillo Emparedados y helados |                     1402.9500 |
|   10281 | ROMEY      | Romero y tomillo                   |                     1467.2900 |
|   10268 | GROSR      | GROSELLA-Restaurante               |                     1488.7000 |
|   10422 | FRANS      | Franchi S.p.A.                     |                     1545.7000 |
|   10574 | TRAIH      | Trail's Head Gourmet Provisioners  |                     1571.2000 |
|   10311 | DUMON      | Du monde entier                    |                     1615.9000 |
|   10435 | CONSH      | Consolidated Holdings              |                     1719.1000 |
|   10521 | CACTU      | Cactus Comidas para llevar         |                     1814.8000 |
|   10624 | THECR      | The Cracker Box                    |                     1947.2400 |
|   10858 | LACOR      | La corne d'abondance               |                     1992.0500 |
|   10738 | SPECD      | Spcialits du monde                 |                     2423.3500 |
|   10448 | RANCH      | Rancho grande                      |                     2844.1000 |
|   10375 | HUNGC      | Hungry Coyote Import Store         |                     3063.2000 |
|   10438 | TOMSP      | Toms Spezialitten                  |                     3090.6000 |
|   10615 | WILMK      | Wilman Kala                        |                     3161.3500 |
|   10671 | FRANR      | France restauration                |                     3172.1600 |
|   10501 | BLAUS      | Blauer See Delikatessen            |                     3239.8000 |
|   10310 | THEBI      | The Big Cheese                     |                     3361.0000 |
|   10409 | OCEAN      | Ocano Atlntico Ltda.               |                     3460.2000 |
|   10579 | LETSS      | Let's Stop N Shop                  |                     3490.0200 |
|   10374 | WOLZA      | Wolski  Zajazd                     |                     3531.9500 |
|   10363 | DRACD      | Drachenblut Delikatessen           |                     3763.2100 |
|   10290 | COMMI      | Comrcio Mineiro                    |                     3810.7500 |
|   10322 | PERIC      | Pericles Comidas clsicas           |                     4242.2000 |
|   10307 | LONEP      | Lonesome Pine Restaurant           |                     4258.6000 |
|   10347 | FAMIA      | Familia Arquibaldo                 |                     4438.9000 |
|   10643 | ALFKI      | Alfreds Futterkiste                |                     4596.2000 |
|   10277 | MORGK      | Morgenstern Gesundkost             |                     5042.2000 |
|   10326 | BOLID      | Blido Comidas preparadas           |                     5297.8000 |
|   10336 | PRINI      | Princesa Isabel Vinhos             |                     5317.1000 |
|   10387 | SANTG      | Sant Gourmet                       |                     5735.1500 |
|   10289 | BSBEV      | B's Beverages                      |                     6089.9000 |
|   10315 | ISLAT      | Island Trading                     |                     6146.3000 |
|   10256 | WELLI      | Wellington Importadora             |                     6480.7000 |
|   10261 | QUEDE      | Que Delcia                         |                     6973.6300 |
|   10328 | FURIB      | Furia Bacalhau e Frutos do Mar     |                     7151.5500 |
|   10292 | TRADH      | Tradio Hipermercados               |                     7310.6200 |
|   10365 | ANTON      | Antonio Moreno Taquera             |                     7515.3500 |
|   10288 | REGGC      | Reggiani Caseifici                 |                     7555.6000 |
|   10275 | MAGAA      | Magazzini Alimentari Riuniti       |                     7603.8500 |
|   10423 | GOURL      | Gourmet Lanchonetes                |                     8702.2300 |
|   10251 | VICTE      | Victuailles en stock               |                     9937.1000 |
|   10350 | LAMAI      | La maison d'Asie                   |                    10272.3500 |
|   10529 | MAISD      | Maison Dewey                       |                    10430.5800 |
|   10301 | WANDK      | Die Wandernde Kuh                  |                    10653.8500 |
|   10276 | TORTU      | Tortuga Restaurante                |                    10812.1500 |
|   10408 | FOLIG      | Folies gourmandes                  |                    11666.9000 |
|   10303 | GODOS      | Godos Cocina Tpica                 |                    11830.1000 |
|   10271 | SPLIR      | Split Rail Beer & Ale              |                    12489.7000 |
|   10254 | CHOPS      | Chop-suey Chinese                  |                    12886.3000 |
|   10287 | RICAR      | Ricardo Adocicados                 |                    12924.4000 |
|   10260 | OTTIK      | Ottilies Kseladen                  |                    13157.5000 |
|   10355 | AROUT      | Around the Horn                    |                    13806.5000 |
|   10364 | EASTC      | Eastern Connection                 |                    15033.6600 |
|   10305 | OLDWO      | Old World Delicatessen             |                    16325.1500 |
|   10266 | WARTH      | Wartian Herkku                     |                    16617.1000 |
|   10367 | VAFFE      | Vaffeljernet                       |                    16643.8000 |
|   10359 | SEVES      | Seven Seas Imports                 |                    17172.0500 |
|   10283 | LILAS      | LILA-Supermercado                  |                    17825.0600 |
|   10405 | LINOD      | LINO-Delicateses                   |                    17889.5500 |
|   10341 | SIMOB      | Simons bistro                      |                    18138.4500 |
|   10265 | BLONP      | Blondesddsl pre et fils            |                    19088.0000 |
|   10528 | GREAL      | Great Lakes Food Market            |                    19711.1300 |
|   10255 | RICSU      | Richter Supermarkt                 |                    20033.2000 |
|   10279 | LEHMS      | Lehmanns Marktstand                |                    21282.0200 |
|   10389 | BOTTM      | Bottom-Dollar Markets              |                    22607.7000 |
|   10257 | HILAA      | HILARION-Abastos                   |                    23611.5800 |
|   10331 | BONAP      | Bon app'                           |                    23850.9500 |
|   10252 | SUPRD      | Suprmes dlices                     |                    24704.4000 |
|   10353 | PICCO      | Piccolo und mehr                   |                    26259.9500 |
|   10278 | BERGS      | Berglunds snabbkp                  |                    26968.1500 |
|   10267 | FRANK      | Frankenversand                     |                    28722.7100 |
|   10269 | WHITC      | White Clover Markets               |                    29073.4500 |
|   10372 | QUEEN      | Queen Cozinha                      |                    30226.1000 |
|   10323 | KOENE      | Kniglich Essen                     |                    31745.7500 |
|   10332 | MEREP      | Mre Paillarde                      |                    32203.9000 |
|   10264 | FOLKO      | Folk och f HB                      |                    32555.5500 |
|   10250 | HANAR      | Hanari Carnes                      |                    34101.1500 |
|   10262 | RATTC      | Rattlesnake Canyon Grocery         |                    52245.9000 |
|   10298 | HUNGO      | Hungry Owl All-Night Grocers       |                    57317.3900 |
|   10258 | ERNSH      | Ernst Handel                       |                   113236.6800 |
|   10324 | SAVEA      | Save-a-lot Markets                 |                   115673.3900 |
|   10273 | QUICK      | QUICK-Stop                         |                   117483.3900 |
+---------+------------+------------------------------------+-------------------------------+
89 rows in set (0.0039 sec)

----------> Ejercicio 3: Producto ms vendido	

 MySQL  localhost:3306  profenorthwind  SQL > select a.productid, b.productname, sum(a.quantity) from orderdetails a inner join products b on a.productid = b.productid group by b.productid order by sum(a.quantity) desc limit 1 ;
+-----------+-------------------+-----------------+
| productid | productname       | sum(a.quantity) |
+-----------+-------------------+-----------------+
|        60 | Camembert Pierrot |            1577 |
+-----------+-------------------+-----------------+
1 row in set (0.0037 sec)


-------> Ejercicio 4: Producto ms lucrativo

 MySQL  localhost:3306  profenorthwind  SQL > select a.productid, b.productname, sum(a.unitprice * a.quantity) from orderdetails a inner join products b on a.productid = b.productid group by b.productid order by sum(a.unitprice * a.quantity) desc limit 1;
+-----------+--------------+-------------------------------+
| productid | productname  | sum(a.unitprice * a.quantity) |
+-----------+--------------+-------------------------------+
|        38 | Cte de Blaye |                   149984.2000 |
+-----------+--------------+-------------------------------+
1 row in set (0.0042 sec)

-------> Ejercicio 5: Producto menos lucrativo

 MySQL  localhost:3306  profenorthwind  SQL > select a.productid, b.productname, sum(a.unitprice * a.quantity) from orderdetails a inner join products b on a.productid = b.productid group by b.productid order by sum(a.unitprice * a.quantity) limit 1;
+-----------+-------------+-------------------------------+
| productid | productname | sum(a.unitprice * a.quantity) |
+-----------+-------------+-------------------------------+
|        48 | Chocolade   |                     1542.7500 |
+-----------+-------------+-------------------------------+
1 row in set (0.0044 sec)

----> Ejercicio 6: Producto ms comprado por el cliente que ms compra

 MySQL  localhost:3306  profenorthwind  SQL > select a.companyname, b.productname, sum(c.quantity) from products b
inner join orderdetails c on b.productid = c.productid
inner join orders d on c.orderid = d.orderid
inner join customers a on a.customerid = d.customerid
group by a.customerid, b.productid order by sum(c.quantity) desc limit 1;
MySQL Shell 1.0.11

+--------------------+-------------+-----------------+
| companyname        | productname | sum(c.quantity) |
+--------------------+-------------+-----------------+
| Save-a-lot Markets | Konbu       |             248 |
+--------------------+-------------+-----------------+
1 row in set (0.01 sec)
mysql-sql>

----> Ejercicio 7: Empleado con ms ventas

MySQL  localhost:3306  profenorthwind  SQL > select a.employeeid, a.lastname, a.firstname, sum(c.quantity * c.unitprice) as ventas_totales from employees a
inner join orders b on a.employeeid = b.employeeid
inner join orderdetails c on b.orderid = c.orderid
group by a.employeeid order by sum(c.quantity * c.unitprice) desc limit 1;

---> Ejercicio 8: Empleado con menos ventas

MySQL  localhost:3306  profenorthwind  SQL > select a.employeeid, a.lastname, a.firstname, sum(c.quantity * c.unitprice) as ventas_totales from employees a
inner join orders b on a.employeeid = b.employeeid
inner join orderdetails c on b.orderid = c.orderid
group by a.employeeid order by sum(c.quantity * c.unitprice) asc limit 1;

----> Ejercicio 9: A qu proveedores hay que realizarles compras prximamente? Units in stock y units in order

select a.productname, a.unitsinstock, a.unitsonorder, a.reorderlevel, b.companyname from products a
inner join suppliers b on a.supplierid = b.supplierid 
where a.discontinued != 1
group by a.productid order by a.unitsinstock, a.unitsonorder, a.reorderlevel asc;


select * from products 
where discontinued != 0 order by productname asc;

----> Ejercicio 10: Cul es el proveedor al que ms le compramos? Unitsonorder y unitprice

select a.companyname, (b.unitsonorder * b.unitprice) as compras_totales from suppliers a
inner join products b on a.supplierid = b.supplierid
group by a.supplierid order by  (b.unitsonorder * b.unitprice) desc;
